Archive member included to satisfy reference by file (symbol)

c:/st/stm32cubeide_1.2.0/stm32cubeide/plugins/com.st.stm32cube.ide.mcu.externaltools.gnu-tools-for-stm32.9-2020-q2-update.win32_1.5.0.202011040924/tools/bin/../lib/gcc/arm-none-eabi/9.3.1/../../../../arm-none-eabi/lib/thumb/v6-m/nofp\libc.a(lib_a-atof.o)
                              BOS/BOS_CLI.o (atof)
c:/st/stm32cubeide_1.2.0/stm32cubeide/plugins/com.st.stm32cube.ide.mcu.externaltools.gnu-tools-for-stm32.9-2020-q2-update.win32_1.5.0.202011040924/tools/bin/../lib/gcc/arm-none-eabi/9.3.1/../../../../arm-none-eabi/lib/thumb/v6-m/nofp\libc.a(lib_a-atoi.o)
                              BOS/BOS_CLI.o (atoi)
c:/st/stm32cubeide_1.2.0/stm32cubeide/plugins/com.st.stm32cube.ide.mcu.externaltools.gnu-tools-for-stm32.9-2020-q2-update.win32_1.5.0.202011040924/tools/bin/../lib/gcc/arm-none-eabi/9.3.1/../../../../arm-none-eabi/lib/thumb/v6-m/nofp\libc.a(lib_a-atol.o)
                              BOS/BOS.o (atol)
c:/st/stm32cubeide_1.2.0/stm32cubeide/plugins/com.st.stm32cube.ide.mcu.externaltools.gnu-tools-for-stm32.9-2020-q2-update.win32_1.5.0.202011040924/tools/bin/../lib/gcc/arm-none-eabi/9.3.1/../../../../arm-none-eabi/lib/thumb/v6-m/nofp\libc.a(lib_a-ctype_.o)
                              BOS/BOS_CLI.o (_ctype_)
c:/st/stm32cubeide_1.2.0/stm32cubeide/plugins/com.st.stm32cube.ide.mcu.externaltools.gnu-tools-for-stm32.9-2020-q2-update.win32_1.5.0.202011040924/tools/bin/../lib/gcc/arm-none-eabi/9.3.1/../../../../arm-none-eabi/lib/thumb/v6-m/nofp\libc.a(lib_a-exit.o)
                              c:/st/stm32cubeide_1.2.0/stm32cubeide/plugins/com.st.stm32cube.ide.mcu.externaltools.gnu-tools-for-stm32.9-2020-q2-update.win32_1.5.0.202011040924/tools/bin/../lib/gcc/arm-none-eabi/9.3.1/../../../../arm-none-eabi/lib/thumb/v6-m/nofp/crt0.o (exit)
c:/st/stm32cubeide_1.2.0/stm32cubeide/plugins/com.st.stm32cube.ide.mcu.externaltools.gnu-tools-for-stm32.9-2020-q2-update.win32_1.5.0.202011040924/tools/bin/../lib/gcc/arm-none-eabi/9.3.1/../../../../arm-none-eabi/lib/thumb/v6-m/nofp\libc.a(lib_a-impure.o)
                              c:/st/stm32cubeide_1.2.0/stm32cubeide/plugins/com.st.stm32cube.ide.mcu.externaltools.gnu-tools-for-stm32.9-2020-q2-update.win32_1.5.0.202011040924/tools/bin/../lib/gcc/arm-none-eabi/9.3.1/../../../../arm-none-eabi/lib/thumb/v6-m/nofp\libc.a(lib_a-exit.o) (_global_impure_ptr)
c:/st/stm32cubeide_1.2.0/stm32cubeide/plugins/com.st.stm32cube.ide.mcu.externaltools.gnu-tools-for-stm32.9-2020-q2-update.win32_1.5.0.202011040924/tools/bin/../lib/gcc/arm-none-eabi/9.3.1/../../../../arm-none-eabi/lib/thumb/v6-m/nofp\libc.a(lib_a-init.o)
                              c:/st/stm32cubeide_1.2.0/stm32cubeide/plugins/com.st.stm32cube.ide.mcu.externaltools.gnu-tools-for-stm32.9-2020-q2-update.win32_1.5.0.202011040924/tools/bin/../lib/gcc/arm-none-eabi/9.3.1/../../../../arm-none-eabi/lib/thumb/v6-m/nofp/crt0.o (__libc_init_array)
c:/st/stm32cubeide_1.2.0/stm32cubeide/plugins/com.st.stm32cube.ide.mcu.externaltools.gnu-tools-for-stm32.9-2020-q2-update.win32_1.5.0.202011040924/tools/bin/../lib/gcc/arm-none-eabi/9.3.1/../../../../arm-none-eabi/lib/thumb/v6-m/nofp\libc.a(lib_a-malloc.o)
                              BOS/BOS.o (malloc)
c:/st/stm32cubeide_1.2.0/stm32cubeide/plugins/com.st.stm32cube.ide.mcu.externaltools.gnu-tools-for-stm32.9-2020-q2-update.win32_1.5.0.202011040924/tools/bin/../lib/gcc/arm-none-eabi/9.3.1/../../../../arm-none-eabi/lib/thumb/v6-m/nofp\libc.a(lib_a-mallocr.o)
                              c:/st/stm32cubeide_1.2.0/stm32cubeide/plugins/com.st.stm32cube.ide.mcu.externaltools.gnu-tools-for-stm32.9-2020-q2-update.win32_1.5.0.202011040924/tools/bin/../lib/gcc/arm-none-eabi/9.3.1/../../../../arm-none-eabi/lib/thumb/v6-m/nofp\libc.a(lib_a-malloc.o) (_malloc_r)
c:/st/stm32cubeide_1.2.0/stm32cubeide/plugins/com.st.stm32cube.ide.mcu.externaltools.gnu-tools-for-stm32.9-2020-q2-update.win32_1.5.0.202011040924/tools/bin/../lib/gcc/arm-none-eabi/9.3.1/../../../../arm-none-eabi/lib/thumb/v6-m/nofp\libc.a(lib_a-memcmp.o)
                              Thirdparty/Middleware/FreeRTOS/Source/tasks.o (memcmp)
c:/st/stm32cubeide_1.2.0/stm32cubeide/plugins/com.st.stm32cube.ide.mcu.externaltools.gnu-tools-for-stm32.9-2020-q2-update.win32_1.5.0.202011040924/tools/bin/../lib/gcc/arm-none-eabi/9.3.1/../../../../arm-none-eabi/lib/thumb/v6-m/nofp\libc.a(lib_a-memcpy-stub.o)
                              BOS/BOS.o (memcpy)
c:/st/stm32cubeide_1.2.0/stm32cubeide/plugins/com.st.stm32cube.ide.mcu.externaltools.gnu-tools-for-stm32.9-2020-q2-update.win32_1.5.0.202011040924/tools/bin/../lib/gcc/arm-none-eabi/9.3.1/../../../../arm-none-eabi/lib/thumb/v6-m/nofp\libc.a(lib_a-memset.o)
                              c:/st/stm32cubeide_1.2.0/stm32cubeide/plugins/com.st.stm32cube.ide.mcu.externaltools.gnu-tools-for-stm32.9-2020-q2-update.win32_1.5.0.202011040924/tools/bin/../lib/gcc/arm-none-eabi/9.3.1/../../../../arm-none-eabi/lib/thumb/v6-m/nofp/crt0.o (memset)
[...]
Memory Configuration

Name             Origin             Length             Attributes
RAM              0x0000000020000000 0x0000000000008000 xrw
FLASH            0x0000000008000000 0x0000000000040000 xr
*default*        0x0000000000000000 0xffffffffffffffff

Linker script and memory map

LOAD c:/st/stm32cubeide_1.2.0/stm32cubeide/plugins/com.st.stm32cube.ide.mcu.externaltools.gnu-tools-for-stm32.9-2020-q2-update.win32_1.5.0.202011040924/tools/bin/../lib/gcc/arm-none-eabi/9.3.1/thumb/v6-m/nofp/crti.o
LOAD c:/st/stm32cubeide_1.2.0/stm32cubeide/plugins/com.st.stm32cube.ide.mcu.externaltools.gnu-tools-for-stm32.9-2020-q2-update.win32_1.5.0.202011040924/tools/bin/../lib/gcc/arm-none-eabi/9.3.1/thumb/v6-m/nofp/crtbegin.o
LOAD c:/st/stm32cubeide_1.2.0/stm32cubeide/plugins/com.st.stm32cube.ide.mcu.externaltools.gnu-tools-for-stm32.9-2020-q2-update.win32_1.5.0.202011040924/tools/bin/../lib/gcc/arm-none-eabi/9.3.1/../../../../arm-none-eabi/lib/thumb/v6-m/nofp/crt0.o
LOAD BOS/BOS.o
LOAD BOS/BOS_CLI.o
LOAD BOS/BOS_CLIcommands.o
LOAD BOS/BOS_dma.o
LOAD BOS/BOS_eeprom.o
LOAD BOS/BOS_freertos.o
LOAD BOS/BOS_inputs.o
LOAD BOS/BOS_messaging.o
LOAD BOS/BOS_msgparser.o
LOAD H1DR1/H1DR1.o
LOAD H1DR1/H1DR1_dma.o
LOAD H1DR1/H1DR1_gpio.o
LOAD H1DR1/H1DR1_it.o
LOAD H1DR1/H1DR1_rtc.o
LOAD H1DR1/H1DR1_timers.o
LOAD H1DR1/H1DR1_uart.o
LOAD H1DR1/startup_stm32f091xc.o
LOAD Thirdparty/CMSIS/Device/ST/STM32F0xx/Source/Templates/system_stm32f0xx.o
LOAD Thirdparty/Middleware/FreeRTOS/Source/CMSIS_RTOS/cmsis_os.o
LOAD Thirdparty/Middleware/FreeRTOS/Source/FreeRTOS_CLI.o
LOAD Thirdparty/Middleware/FreeRTOS/Source/croutine.o
LOAD Thirdparty/Middleware/FreeRTOS/Source/event_groups.o
LOAD Thirdparty/Middleware/FreeRTOS/Source/list.o
LOAD Thirdparty/Middleware/FreeRTOS/Source/queue.o
LOAD Thirdparty/Middleware/FreeRTOS/Source/tasks.o
LOAD Thirdparty/Middleware/FreeRTOS/Source/timers.o
LOAD Thirdparty/Middleware/FreeRTOS/Source/portable/GCC/ARM_CM0/port.o
LOAD Thirdparty/Middleware/FreeRTOS/Source/portable/MemMang/heap_4.o
LOAD Thirdparty/STM32F0xx_HAL_Driver/Src/stm32f0xx_hal.o
LOAD Thirdparty/STM32F0xx_HAL_Driver/Src/stm32f0xx_hal_adc.o
LOAD Thirdparty/STM32F0xx_HAL_Driver/Src/stm32f0xx_hal_adc_ex.o
LOAD Thirdparty/STM32F0xx_HAL_Driver/Src/stm32f0xx_hal_can.o
LOAD Thirdparty/STM32F0xx_HAL_Driver/Src/stm32f0xx_hal_cec.o
LOAD Thirdparty/STM32F0xx_HAL_Driver/Src/stm32f0xx_hal_comp.o
LOAD Thirdparty/STM32F0xx_HAL_Driver/Src/stm32f0xx_hal_cortex.o
LOAD Thirdparty/STM32F0xx_HAL_Driver/Src/stm32f0xx_hal_crc.o
LOAD Thirdparty/STM32F0xx_HAL_Driver/Src/stm32f0xx_hal_crc_ex.o
LOAD Thirdparty/STM32F0xx_HAL_Driver/Src/stm32f0xx_hal_dac.o
LOAD Thirdparty/STM32F0xx_HAL_Driver/Src/stm32f0xx_hal_dac_ex.o
LOAD Thirdparty/STM32F0xx_HAL_Driver/Src/stm32f0xx_hal_dma.o
LOAD Thirdparty/STM32F0xx_HAL_Driver/Src/stm32f0xx_hal_flash.o
LOAD Thirdparty/STM32F0xx_HAL_Driver/Src/stm32f0xx_hal_flash_ex.o
LOAD Thirdparty/STM32F0xx_HAL_Driver/Src/stm32f0xx_hal_gpio.o
LOAD Thirdparty/STM32F0xx_HAL_Driver/Src/stm32f0xx_hal_i2c.o
LOAD Thirdparty/STM32F0xx_HAL_Driver/Src/stm32f0xx_hal_i2c_ex.o
LOAD Thirdparty/STM32F0xx_HAL_Driver/Src/stm32f0xx_hal_i2s.o
LOAD Thirdparty/STM32F0xx_HAL_Driver/Src/stm32f0xx_hal_irda.o
LOAD Thirdparty/STM32F0xx_HAL_Driver/Src/stm32f0xx_hal_iwdg.o
LOAD Thirdparty/STM32F0xx_HAL_Driver/Src/stm32f0xx_hal_msp_template.o
LOAD Thirdparty/STM32F0xx_HAL_Driver/Src/stm32f0xx_hal_pcd.o
LOAD Thirdparty/STM32F0xx_HAL_Driver/Src/stm32f0xx_hal_pcd_ex.o
LOAD Thirdparty/STM32F0xx_HAL_Driver/Src/stm32f0xx_hal_pwr.o
LOAD Thirdparty/STM32F0xx_HAL_Driver/Src/stm32f0xx_hal_pwr_ex.o
LOAD Thirdparty/STM32F0xx_HAL_Driver/Src/stm32f0xx_hal_rcc.o
LOAD Thirdparty/STM32F0xx_HAL_Driver/Src/stm32f0xx_hal_rcc_ex.o
LOAD Thirdparty/STM32F0xx_HAL_Driver/Src/stm32f0xx_hal_rtc.o
LOAD Thirdparty/STM32F0xx_HAL_Driver/Src/stm32f0xx_hal_rtc_ex.o
LOAD Thirdparty/STM32F0xx_HAL_Driver/Src/stm32f0xx_hal_smartcard.o
LOAD Thirdparty/STM32F0xx_HAL_Driver/Src/stm32f0xx_hal_smartcard_ex.o
LOAD Thirdparty/STM32F0xx_HAL_Driver/Src/stm32f0xx_hal_smbus.o
LOAD Thirdparty/STM32F0xx_HAL_Driver/Src/stm32f0xx_hal_spi.o
LOAD Thirdparty/STM32F0xx_HAL_Driver/Src/stm32f0xx_hal_spi_ex.o
LOAD Thirdparty/STM32F0xx_HAL_Driver/Src/stm32f0xx_hal_tim.o
LOAD Thirdparty/STM32F0xx_HAL_Driver/Src/stm32f0xx_hal_tim_ex.o
LOAD Thirdparty/STM32F0xx_HAL_Driver/Src/stm32f0xx_hal_tsc.o
LOAD Thirdparty/STM32F0xx_HAL_Driver/Src/stm32f0xx_hal_uart.o
LOAD Thirdparty/STM32F0xx_HAL_Driver/Src/stm32f0xx_hal_uart_ex.o
LOAD Thirdparty/STM32F0xx_HAL_Driver/Src/stm32f0xx_hal_usart.o
LOAD Thirdparty/STM32F0xx_HAL_Driver/Src/stm32f0xx_hal_wwdg.o
LOAD User/main.o
START GROUP
LOAD c:/st/stm32cubeide_1.2.0/stm32cubeide/plugins/com.st.stm32cube.ide.mcu.externaltools.gnu-tools-for-stm32.9-2020-q2-update.win32_1.5.0.202011040924/tools/bin/../lib/gcc/arm-none-eabi/9.3.1/../../../../arm-none-eabi/lib/thumb/v6-m/nofp\libc.a
LOAD c:/st/stm32cubeide_1.2.0/stm32cubeide/plugins/com.st.stm32cube.ide.mcu.externaltools.gnu-tools-for-stm32.9-2020-q2-update.win32_1.5.0.202011040924/tools/bin/../lib/gcc/arm-none-eabi/9.3.1/../../../../arm-none-eabi/lib/thumb/v6-m/nofp\libm.a
END GROUP
START GROUP
LOAD c:/st/stm32cubeide_1.2.0/stm32cubeide/plugins/com.st.stm32cube.ide.mcu.externaltools.gnu-tools-for-stm32.9-2020-q2-update.win32_1.5.0.202011040924/tools/bin/../lib/gcc/arm-none-eabi/9.3.1/thumb/v6-m/nofp\libgcc.a
LOAD c:/st/stm32cubeide_1.2.0/stm32cubeide/plugins/com.st.stm32cube.ide.mcu.externaltools.gnu-tools-for-stm32.9-2020-q2-update.win32_1.5.0.202011040924/tools/bin/../lib/gcc/arm-none-eabi/9.3.1/../../../../arm-none-eabi/lib/thumb/v6-m/nofp\libc.a
END GROUP
START GROUP
LOAD c:/st/stm32cubeide_1.2.0/stm32cubeide/plugins/com.st.stm32cube.ide.mcu.externaltools.gnu-tools-for-stm32.9-2020-q2-update.win32_1.5.0.202011040924/tools/bin/../lib/gcc/arm-none-eabi/9.3.1/thumb/v6-m/nofp\libgcc.a
LOAD c:/st/stm32cubeide_1.2.0/stm32cubeide/plugins/com.st.stm32cube.ide.mcu.externaltools.gnu-tools-for-stm32.9-2020-q2-update.win32_1.5.0.202011040924/tools/bin/../lib/gcc/arm-none-eabi/9.3.1/../../../../arm-none-eabi/lib/thumb/v6-m/nofp\libc.a
LOAD c:/st/stm32cubeide_1.2.0/stm32cubeide/plugins/com.st.stm32cube.ide.mcu.externaltools.gnu-tools-for-stm32.9-2020-q2-update.win32_1.5.0.202011040924/tools/bin/../lib/gcc/arm-none-eabi/9.3.1/../../../../arm-none-eabi/lib/thumb/v6-m/nofp\libnosys.a
END GROUP
LOAD c:/st/stm32cubeide_1.2.0/stm32cubeide/plugins/com.st.stm32cube.ide.mcu.externaltools.gnu-tools-for-stm32.9-2020-q2-update.win32_1.5.0.202011040924/tools/bin/../lib/gcc/arm-none-eabi/9.3.1/thumb/v6-m/nofp/crtend.o
LOAD c:/st/stm32cubeide_1.2.0/stm32cubeide/plugins/com.st.stm32cube.ide.mcu.externaltools.gnu-tools-for-stm32.9-2020-q2-update.win32_1.5.0.202011040924/tools/bin/../lib/gcc/arm-none-eabi/9.3.1/thumb/v6-m/nofp/crtn.o
                0x0000000020008000                _estack = (ORIGIN (RAM) + LENGTH (RAM))
                0x0000000000000200                _Min_Heap_Size = 0x200
                0x0000000000000400                _Min_Stack_Size = 0x400

.isr_vector     0x0000000008000000       0xbc
                0x0000000008000000                . = ALIGN (0x4)
 *(.isr_vector)
 .isr_vector    0x0000000008000000       0xbc H1DR1/startup_stm32f091xc.o
                0x0000000008000000                g_pfnVectors
                0x00000000080000bc                . = ALIGN (0x4)

.text           0x00000000080000bc    0x181d4
                0x00000000080000bc                . = ALIGN (0x4)
 *(.text)
 .text          0x00000000080000bc       0x48 c:/st/stm32cubeide_1.2.0/stm32cubeide/plugins/com.st.stm32cube.ide.mcu.externaltools.gnu-tools-for-stm32.9-2020-q2-update.win32_1.5.0.202011040924/tools/bin/../lib/gcc/arm-none-eabi/9.3.1/thumb/v6-m/nofp/crtbegin.o
 .text          0x0000000008000104       0x14 c:/st/stm32cubeide_1.2.0/stm32cubeide/plugins/com.st.stm32cube.ide.mcu.externaltools.gnu-tools-for-stm32.9-2020-q2-update.win32_1.5.0.202011040924/tools/bin/../lib/gcc/arm-none-eabi/9.3.1/../../../../arm-none-eabi/lib/thumb/v6-m/nofp\libc.a(lib_a-strcmp.o)
                0x0000000008000104                strcmp
 .text          0x0000000008000118        0xe c:/st/stm32cubeide_1.2.0/stm32cubeide/plugins/com.st.stm32cube.ide.mcu.externaltools.gnu-tools-for-stm32.9-2020-q2-update.win32_1.5.0.202011040924/tools/bin/../lib/gcc/arm-none-eabi/9.3.1/../../../../arm-none-eabi/lib/thumb/v6-m/nofp\libc.a(lib_a-strlen.o)
                0x0000000008000118                strlen
 *fill*         0x0000000008000126        0x2 
 .text          0x0000000008000128       0x14 c:/st/stm32cubeide_1.2.0/stm32cubeide/plugins/com.st.stm32cube.ide.mcu.externaltools.gnu-tools-for-stm32.9-2020-q2-update.win32_1.5.0.202011040924/tools/bin/../lib/gcc/arm-none-eabi/9.3.1/thumb/v6-m/nofp\libgcc.a(_thumb1_case_uqi.o)
                0x0000000008000128                __gnu_thumb1_case_uqi
 .text          0x000000000800013c       0x14 c:/st/stm32cubeide_1.2.0/stm32cubeide/plugins/com.st.stm32cube.ide.mcu.externaltools.gnu-tools-for-stm32.9-2020-q2-update.win32_1.5.0.202011040924/tools/bin/../lib/gcc/arm-none-eabi/9.3.1/thumb/v6-m/nofp\libgcc.a(_thumb1_case_uhi.o)
                0x000000000800013c                __gnu_thumb1_case_uhi
 .text          0x0000000008000150      0x114 c:/st/stm32cubeide_1.2.0/stm32cubeide/plugins/com.st.stm32cube.ide.mcu.externaltools.gnu-tools-for-stm32.9-2020-q2-update.win32_1.5.0.202011040924/tools/bin/../lib/gcc/arm-none-eabi/9.3.1/thumb/v6-m/nofp\libgcc.a(_udivsi3.o)
                0x0000000008000150                __aeabi_uidiv
                0x0000000008000150                __udivsi3
                0x000000000800025c                __aeabi_uidivmod
 .text          0x0000000008000264      0x1d4 c:/st/stm32cubeide_1.2.0/stm32cubeide/plugins/com.st.stm32cube.ide.mcu.externaltools.gnu-tools-for-stm32.9-2020-q2-update.win32_1.5.0.202011040924/tools/bin/../lib/gcc/arm-none-eabi/9.3.1/thumb/v6-m/nofp\libgcc.a(_divsi3.o)
                0x0000000008000264                __divsi3
                0x0000000008000264                __aeabi_idiv
                0x0000000008000430                __aeabi_idivmod
 .text          0x0000000008000438        0x4 c:/st/stm32cubeide_1.2.0/stm32cubeide/plugins/com.st.stm32cube.ide.mcu.externaltools.gnu-tools-for-stm32.9-2020-q2-update.win32_1.5.0.202011040924/tools/bin/../lib/gcc/arm-none-eabi/9.3.1/thumb/v6-m/nofp\libgcc.a(_dvmd_tls.o)
                0x0000000008000438                __aeabi_idiv0
                0x0000000008000438                __aeabi_ldiv0
 .text          0x000000000800043c       0x7c c:/st/stm32cubeide_1.2.0/stm32cubeide/plugins/com.st.stm32cube.ide.mcu.externaltools.gnu-tools-for-stm32.9-2020-q2-update.win32_1.5.0.202011040924/tools/bin/../lib/gcc/arm-none-eabi/9.3.1/thumb/v6-m/nofp\libgcc.a(_arm_cmpdf2.o)
                0x000000000800043c                __aeabi_cdrcmple
                0x000000000800044c                __aeabi_cdcmple
                0x000000000800044c                __aeabi_cdcmpeq
                0x000000000800045c                __aeabi_dcmpeq
                0x0000000008000468                __aeabi_dcmplt
                0x000000000800047c                __aeabi_dcmple
                0x0000000008000490                __aeabi_dcmpgt
                0x00000000080004a4                __aeabi_dcmpge
 .text          0x00000000080004b8       0x74 c:/st/stm32cubeide_1.2.0/stm32cubeide/plugins/com.st.stm32cube.ide.mcu.externaltools.gnu-tools-for-stm32.9-2020-q2-update.win32_1.5.0.202011040924/tools/bin/../lib/gcc/arm-none-eabi/9.3.1/thumb/v6-m/nofp\libgcc.a(_arm_cmpsf2.o)
                0x00000000080004b8                __aeabi_cfrcmple
                0x00000000080004c0                __aeabi_cfcmpeq
                0x00000000080004c0                __aeabi_cfcmple
                0x00000000080004d0                __aeabi_fcmpeq
                0x00000000080004dc                __aeabi_fcmplt
                0x00000000080004f0                __aeabi_fcmple
                0x0000000008000504                __aeabi_fcmpgt
                0x0000000008000518                __aeabi_fcmpge
 .text          0x000000000800052c       0x40 c:/st/stm32cubeide_1.2.0/stm32cubeide/plugins/com.st.stm32cube.ide.mcu.externaltools.gnu-tools-for-stm32.9-2020-q2-update.win32_1.5.0.202011040924/tools/bin/../lib/gcc/arm-none-eabi/9.3.1/thumb/v6-m/nofp\libgcc.a(_aeabi_uldivmod.o)
                0x000000000800052c                __aeabi_uldivmod
 .text          0x000000000800056c       0x50 c:/st/stm32cubeide_1.2.0/stm32cubeide/plugins/com.st.stm32cube.ide.mcu.externaltools.gnu-tools-for-stm32.9-2020-q2-update.win32_1.5.0.202011040924/tools/bin/../lib/gcc/arm-none-eabi/9.3.1/thumb/v6-m/nofp\libgcc.a(_muldi3.o)
                0x000000000800056c                __muldi3
                0x000000000800056c                __aeabi_lmul
 .text          0x00000000080005bc       0x3c c:/st/stm32cubeide_1.2.0/stm32cubeide/plugins/com.st.stm32cube.ide.mcu.externaltools.gnu-tools-for-stm32.9-2020-q2-update.win32_1.5.0.202011040924/tools/bin/../lib/gcc/arm-none-eabi/9.3.1/thumb/v6-m/nofp\libgcc.a(_fixunsdfsi.o)
                0x00000000080005bc                __aeabi_d2uiz
                0x00000000080005bc                __fixunsdfsi
 .text          0x00000000080005f8       0x3c c:/st/stm32cubeide_1.2.0/stm32cubeide/plugins/com.st.stm32cube.ide.mcu.externaltools.gnu-tools-for-stm32.9-2020-q2-update.win32_1.5.0.202011040924/tools/bin/../lib/gcc/arm-none-eabi/9.3.1/thumb/v6-m/nofp\libgcc.a(_fixdfdi.o)
                0x00000000080005f8                __fixdfdi
                0x00000000080005f8                __aeabi_d2lz
 .text          0x0000000008000634       0x3c c:/st/stm32cubeide_1.2.0/stm32cubeide/plugins/com.st.stm32cube.ide.mcu.externaltools.gnu-tools-for-stm32.9-2020-q2-update.win32_1.5.0.202011040924/tools/bin/../lib/gcc/arm-none-eabi/9.3.1/thumb/v6-m/nofp\libgcc.a(_fixunsdfdi.o)
                0x0000000008000634                __fixunsdfdi
                0x0000000008000634                __aeabi_d2ulz
 .text          0x0000000008000670       0x2c c:/st/stm32cubeide_1.2.0/stm32cubeide/plugins/com.st.stm32cube.ide.mcu.externaltools.gnu-tools-for-stm32.9-2020-q2-update.win32_1.5.0.202011040924/tools/bin/../lib/gcc/arm-none-eabi/9.3.1/thumb/v6-m/nofp\libgcc.a(_floatdidf.o)
                0x0000000008000670                __aeabi_l2d
                0x0000000008000670                __floatdidf
 .text          0x000000000800069c      0x198 c:/st/stm32cubeide_1.2.0/stm32cubeide/plugins/com.st.stm32cube.ide.mcu.externaltools.gnu-tools-for-stm32.9-2020-q2-update.win32_1.5.0.202011040924/tools/bin/../lib/gcc/arm-none-eabi/9.3.1/thumb/v6-m/nofp\libgcc.a(_udivmoddi4.o)
                0x000000000800069c                __udivmoddi4
 .text          0x0000000008000834       0x50 c:/st/stm32cubeide_1.2.0/stm32cubeide/plugins/com.st.stm32cube.ide.mcu.externaltools.gnu-tools-for-stm32.9-2020-q2-update.win32_1.5.0.202011040924/tools/bin/../lib/gcc/arm-none-eabi/9.3.1/thumb/v6-m/nofp\libgcc.a(eqsf2.o)
                0x0000000008000834                __eqsf2
                0x0000000008000834                __nesf2
 .text          0x0000000008000884       0x98 c:/st/stm32cubeide_1.2.0/stm32cubeide/plugins/com.st.stm32cube.ide.mcu.externaltools.gnu-tools-for-stm32.9-2020-q2-update.win32_1.5.0.202011040924/tools/bin/../lib/gcc/arm-none-eabi/9.3.1/thumb/v6-m/nofp\libgcc.a(gesf2.o)
                0x0000000008000884                __gesf2
                0x0000000008000884                __gtsf2
 .text          0x000000000800091c       0x94 c:/st/stm32cubeide_1.2.0/stm32cubeide/plugins/com.st.stm32cube.ide.mcu.externaltools.gnu-tools-for-stm32.9-2020-q2-update.win32_1.5.0.202011040924/tools/bin/../lib/gcc/arm-none-eabi/9.3.1/thumb/v6-m/nofp\libgcc.a(lesf2.o)
                0x000000000800091c                __ltsf2
                0x000000000800091c                __lesf2
 .text          0x00000000080009b0      0x6d4 c:/st/stm32cubeide_1.2.0/stm32cubeide/plugins/com.st.stm32cube.ide.mcu.externaltools.gnu-tools-for-stm32.9-2020-q2-update.win32_1.5.0.202011040924/tools/bin/../lib/gcc/arm-none-eabi/9.3.1/thumb/v6-m/nofp\libgcc.a(adddf3.o)
                0x00000000080009b0                __aeabi_dadd
 .text          0x0000000008001084      0x5d0 c:/st/stm32cubeide_1.2.0/stm32cubeide/plugins/com.st.stm32cube.ide.mcu.externaltools.gnu-tools-for-stm32.9-2020-q2-update.win32_1.5.0.202011040924/tools/bin/../lib/gcc/arm-none-eabi/9.3.1/thumb/v6-m/nofp\libgcc.a(divdf3.o)
                0x0000000008001084                __aeabi_ddiv
 .text          0x0000000008001654       0x78 c:/st/stm32cubeide_1.2.0/stm32cubeide/plugins/com.st.stm32cube.ide.mcu.externaltools.gnu-tools-for-stm32.9-2020-q2-update.win32_1.5.0.202011040924/tools/bin/../lib/gcc/arm-none-eabi/9.3.1/thumb/v6-m/nofp\libgcc.a(eqdf2.o)
                0x0000000008001654                __nedf2
                0x0000000008001654                __eqdf2
 .text          0x00000000080016cc       0xe4 c:/st/stm32cubeide_1.2.0/stm32cubeide/plugins/com.st.stm32cube.ide.mcu.externaltools.gnu-tools-for-stm32.9-2020-q2-update.win32_1.5.0.202011040924/tools/bin/../lib/gcc/arm-none-eabi/9.3.1/thumb/v6-m/nofp\libgcc.a(gedf2.o)
                0x00000000080016cc                __gedf2
                0x00000000080016cc                __gtdf2
 .text          0x00000000080017b0       0xe0 c:/st/stm32cubeide_1.2.0/stm32cubeide/plugins/com.st.stm32cube.ide.mcu.externaltools.gnu-tools-for-stm32.9-2020-q2-update.win32_1.5.0.202011040924/tools/bin/../lib/gcc/arm-none-eabi/9.3.1/thumb/v6-m/nofp\libgcc.a(ledf2.o)
                0x00000000080017b0                __ledf2
                0x00000000080017b0                __ltdf2
 .text          0x0000000008001890      0x4d8 c:/st/stm32cubeide_1.2.0/stm32cubeide/plugins/com.st.stm32cube.ide.mcu.externaltools.gnu-tools-for-stm32.9-2020-q2-update.win32_1.5.0.202011040924/tools/bin/../lib/gcc/arm-none-eabi/9.3.1/thumb/v6-m/nofp\libgcc.a(muldf3.o)
                0x0000000008001890                __aeabi_dmul
 .text          0x0000000008001d68      0x724 c:/st/stm32cubeide_1.2.0/stm32cubeide/plugins/com.st.stm32cube.ide.mcu.externaltools.gnu-tools-for-stm32.9-2020-q2-update.win32_1.5.0.202011040924/tools/bin/../lib/gcc/arm-none-eabi/9.3.1/thumb/v6-m/nofp\libgcc.a(subdf3.o)
                0x0000000008001d68                __aeabi_dsub
 .text          0x000000000800248c       0x3c c:/st/stm32cubeide_1.2.0/stm32cubeide/plugins/com.st.stm32cube.ide.mcu.externaltools.gnu-tools-for-stm32.9-2020-q2-update.win32_1.5.0.202011040924/tools/bin/../lib/gcc/arm-none-eabi/9.3.1/thumb/v6-m/nofp\libgcc.a(unorddf2.o)
                0x000000000800248c                __aeabi_dcmpun
 .text          0x00000000080024c8       0x6c c:/st/stm32cubeide_1.2.0/stm32cubeide/plugins/com.st.stm32cube.ide.mcu.externaltools.gnu-tools-for-stm32.9-2020-q2-update.win32_1.5.0.202011040924/tools/bin/../lib/gcc/arm-none-eabi/9.3.1/thumb/v6-m/nofp\libgcc.a(fixdfsi.o)
                0x00000000080024c8                __aeabi_d2iz
 .text          0x0000000008002534       0x60 c:/st/stm32cubeide_1.2.0/stm32cubeide/plugins/com.st.stm32cube.ide.mcu.externaltools.gnu-tools-for-stm32.9-2020-q2-update.win32_1.5.0.202011040924/tools/bin/../lib/gcc/arm-none-eabi/9.3.1/thumb/v6-m/nofp\libgcc.a(floatsidf.o)
                0x0000000008002534                __aeabi_i2d
 .text          0x0000000008002594       0x4c c:/st/stm32cubeide_1.2.0/stm32cubeide/plugins/com.st.stm32cube.ide.mcu.externaltools.gnu-tools-for-stm32.9-2020-q2-update.win32_1.5.0.202011040924/tools/bin/../lib/gcc/arm-none-eabi/9.3.1/thumb/v6-m/nofp\libgcc.a(floatunsidf.o)
                0x0000000008002594                __aeabi_ui2d
 .text          0x00000000080025e0       0x90 c:/st/stm32cubeide_1.2.0/stm32cubeide/plugins/com.st.stm32cube.ide.mcu.externaltools.gnu-tools-for-stm32.9-2020-q2-update.win32_1.5.0.202011040924/tools/bin/../lib/gcc/arm-none-eabi/9.3.1/thumb/v6-m/nofp\libgcc.a(extendsfdf2.o)
                0x00000000080025e0                __aeabi_f2d
 .text          0x0000000008002670      0x110 c:/st/stm32cubeide_1.2.0/stm32cubeide/plugins/com.st.stm32cube.ide.mcu.externaltools.gnu-tools-for-stm32.9-2020-q2-update.win32_1.5.0.202011040924/tools/bin/../lib/gcc/arm-none-eabi/9.3.1/thumb/v6-m/nofp\libgcc.a(truncdfsf2.o)
                0x0000000008002670                __aeabi_d2f
 .text          0x0000000008002780       0x3c c:/st/stm32cubeide_1.2.0/stm32cubeide/plugins/com.st.stm32cube.ide.mcu.externaltools.gnu-tools-for-stm32.9-2020-q2-update.win32_1.5.0.202011040924/tools/bin/../lib/gcc/arm-none-eabi/9.3.1/thumb/v6-m/nofp\libgcc.a(_clzsi2.o)
                0x0000000008002780                __clzsi2
 .text          0x00000000080027bc       0x18 c:/st/stm32cubeide_1.2.0/stm32cubeide/plugins/com.st.stm32cube.ide.mcu.externaltools.gnu-tools-for-stm32.9-2020-q2-update.win32_1.5.0.202011040924/tools/bin/../lib/gcc/arm-none-eabi/9.3.1/thumb/v6-m/nofp\libgcc.a(_clzdi2.o)
                0x00000000080027bc                __clzdi2
 *(.text*)
 .text.minArr   0x00000000080027d4       0x3c BOS/BOS.o
                0x00000000080027d4                minArr
 .text.QnotEmpty
                0x0000000008002810       0x24 BOS/BOS.o
                0x0000000008002810                QnotEmpty
 .text.LoadROsnippets
                0x0000000008002834      0x10c BOS/BOS.o
                0x0000000008002834                LoadROsnippets
 .text.LoadROtopology
                0x0000000008002940       0xa8 BOS/BOS.o
                0x0000000008002940                LoadROtopology
 .text.SaveEEportsDir
                0x00000000080029e8       0x44 BOS/BOS.o
                0x00000000080029e8                SaveEEportsDir
 .text.ClearEEportsDir
                0x0000000008002a2c       0x50 BOS/BOS.o
                0x0000000008002a2c                ClearEEportsDir
 .text.LoadEEportsDir
                0x0000000008002a7c       0x44 BOS/BOS.o
                0x0000000008002a7c                LoadEEportsDir
 .text.SaveEEalias
                0x0000000008002ac0       0x84 BOS/BOS.o
                0x0000000008002ac0                SaveEEalias
 .text.LoadEEalias
                0x0000000008002b44       0x8c BOS/BOS.o
                0x0000000008002b44                LoadEEalias
 .text.LoadEEgroup
                0x0000000008002bd0       0xac BOS/BOS.o
                0x0000000008002bd0                LoadEEgroup
 .text.LoadEEstreams
                0x0000000008002c7c      0x14c BOS/BOS.o
                0x0000000008002c7c                LoadEEstreams
 .text.SaveEEstreams
                0x0000000008002dc8       0x8e BOS/BOS.o
                0x0000000008002dc8                SaveEEstreams
 *fill*         0x0000000008002e56        0x2 
 .text.LoadEEparams
                0x0000000008002e58      0x144 BOS/BOS.o
                0x0000000008002e58                LoadEEparams
 .text.SaveEEparams
                0x0000000008002f9c       0x70 BOS/BOS.o
                0x0000000008002f9c                SaveEEparams
 .text.LoadEEbuttons
                0x000000000800300c       0xf0 BOS/BOS.o
                0x000000000800300c                LoadEEbuttons
 .text.LoadEEvars
                0x00000000080030fc       0x24 BOS/BOS.o
                0x00000000080030fc                LoadEEvars
 .text.IsLowerCLIbaud
                0x0000000008003120       0x9e BOS/BOS.o
                0x0000000008003120                IsLowerCLIbaud
 *fill*         0x00000000080031be        0x2 
 .text.EE_FormatForFactoryReset
                0x00000000080031c0       0x28 BOS/BOS.o
                0x00000000080031c0                EE_FormatForFactoryReset
 .text.SetupPortForRemoteBootloaderUpdate
                0x00000000080031e8       0x2a BOS/BOS.o
                0x00000000080031e8                SetupPortForRemoteBootloaderUpdate
 *fill*         0x0000000008003212        0x2 
 .text.IsModuleParameter
                0x0000000008003214       0x18 BOS/BOS.o
                0x0000000008003214                IsModuleParameter
 .text.IsMathOperator
                0x000000000800322c       0x8c BOS/BOS.o
                0x000000000800322c                IsMathOperator
 .text.ExploreNeighbors
                0x00000000080032b8       0x4c BOS/BOS.o
                0x00000000080032b8                ExploreNeighbors
 .text.FindBroadcastRoutes
                0x0000000008003304      0x13c BOS/BOS.o
                0x0000000008003304                FindBroadcastRoutes
 .text.FindRoute
                0x0000000008003440      0x19c BOS/BOS.o
                0x0000000008003440                FindRoute
 .text.remoteBootloaderUpdate
                0x00000000080035dc      0x104 BOS/BOS.o
                0x00000000080035dc                remoteBootloaderUpdate
 .text.DisplayTopology
                0x00000000080036e0      0x1b0 BOS/BOS.o
                0x00000000080036e0                DisplayTopology
 .text.DisplayPortsDir
                0x0000000008003890       0xec BOS/BOS.o
                0x0000000008003890                DisplayPortsDir
 .text.DisplayModuleStatus
                0x000000000800397c      0x2d4 BOS/BOS.o
                0x000000000800397c                DisplayModuleStatus
 .text.GetID    0x0000000008003c50       0xc8 BOS/BOS.o
                0x0000000008003c50                GetID
 .text.NameModule
                0x0000000008003d18       0xc8 BOS/BOS.o
                0x0000000008003d18                NameModule
 .text.AddModuleToGroup
                0x0000000008003de0      0x104 BOS/BOS.o
                0x0000000008003de0                AddModuleToGroup
 .text.ReadPortsDir
                0x0000000008003ee4       0xac BOS/BOS.o
                0x0000000008003ee4                ReadPortsDir
 .text.UpdateMyPortsDir
                0x0000000008003f90       0x4c BOS/BOS.o
                0x0000000008003f90                UpdateMyPortsDir
 .text.BOS_Init
                0x0000000008003fdc      0x144 BOS/BOS.o
                0x0000000008003fdc                BOS_Init
 .text.GetDateString
                0x0000000008004120       0x44 BOS/BOS.o
                0x0000000008004120                GetDateString
 .text.Bridge   0x0000000008004164       0x28 BOS/BOS.o
                0x0000000008004164                Bridge
 .text.Unbridge
                0x000000000800418c       0x7c BOS/BOS.o
                0x000000000800418c                Unbridge
 .text.StringToLowerCase
                0x0000000008004208       0x30 BOS/BOS_CLI.o
                0x0000000008004208                StringToLowerCase
 .text.ParseSnippetCondition
                0x0000000008004238      0x468 BOS/BOS_CLI.o
                0x0000000008004238                ParseSnippetCondition
 .text.AddSnippet
                0x00000000080046a0       0xf4 BOS/BOS_CLI.o
                0x00000000080046a0                AddSnippet
 .text.CLI_CommandParser
                0x0000000008004794      0x438 BOS/BOS_CLI.o
                0x0000000008004794                CLI_CommandParser
 .text.prvCLITask
                0x0000000008004bcc      0x1c4 BOS/BOS_CLI.o
                0x0000000008004bcc                prvCLITask
 .text.ParseSnippetCommand
                0x0000000008004d90       0x84 BOS/BOS_CLI.o
                0x0000000008004d90                ParseSnippetCommand
 .text.CheckSnippetCondition
                0x0000000008004e14      0x118 BOS/BOS_CLI.o
                0x0000000008004e14                CheckSnippetCondition
 .text.ExecuteSnippet
                0x0000000008004f2c       0xa4 BOS/BOS_CLI.o
                0x0000000008004f2c                ExecuteSnippet
 .text.exploreCommand
                0x0000000008004fd0        0x4 BOS/BOS_CLIcommands.o
 .text.setBaudrateCommand
                0x0000000008004fd4       0x80 BOS/BOS_CLIcommands.o
 .text.flashsizeCommand
                0x0000000008005054       0x20 BOS/BOS_CLIcommands.o
 .text.testportCommand
                0x0000000008005074      0x1c8 BOS/BOS_CLIcommands.o
 .text.unbridgeCommand
                0x000000000800523c       0xb0 BOS/BOS_CLIcommands.o
 .text.bridgeCommand
                0x00000000080052ec       0xb0 BOS/BOS_CLIcommands.o
 .text.delSnipCommand
                0x000000000800539c      0x104 BOS/BOS_CLIcommands.o
 .text.pauseSnipCommand
                0x00000000080054a0       0x74 BOS/BOS_CLIcommands.o
 .text.actSnipCommand
                0x0000000008005514       0x74 BOS/BOS_CLIcommands.o
 .text.snipCommand
                0x0000000008005588      0x258 BOS/BOS_CLIcommands.o
 .text.idcodeCommand
                0x00000000080057e0       0xa8 BOS/BOS_CLIcommands.o
 .text.uuidCommand
                0x0000000008005888       0x6c BOS/BOS_CLIcommands.o
 .text.timeCommand
                0x00000000080058f4       0x94 BOS/BOS_CLIcommands.o
 .text.dateCommand
                0x0000000008005988       0x24 BOS/BOS_CLIcommands.o
 .text.getCommand
                0x00000000080059ac      0x254 BOS/BOS_CLIcommands.o
 .text.defaultCommand
                0x0000000008005c00       0xbc BOS/BOS_CLIcommands.o
 .text.setCommand
                0x0000000008005cbc      0x818 BOS/BOS_CLIcommands.o
 .text.removebuttonCommand
                0x00000000080064d4       0x54 BOS/BOS_CLIcommands.o
 .text.addbuttonCommand
                0x0000000008006528       0xd0 BOS/BOS_CLIcommands.o
 .text.scastCommand
                0x00000000080065f8      0x190 BOS/BOS_CLIcommands.o
 .text.infoCommand
                0x0000000008006788       0xc0 BOS/BOS_CLIcommands.o
 .text.statusCommand
                0x0000000008006848       0x14 BOS/BOS_CLIcommands.o
 .text.groupCommand
                0x000000000800685c      0x1c0 BOS/BOS_CLIcommands.o
 .text.nameCommand
                0x0000000008006a1c       0x9c BOS/BOS_CLIcommands.o
 .text.bootloaderUpdateCommand
                0x0000000008006ab8      0x194 BOS/BOS_CLIcommands.o
 .text.pingCommand
                0x0000000008006c4c       0x6c BOS/BOS_CLIcommands.o
 .text.prvRunTimeStatsCommand
                0x0000000008006cb8       0x24 BOS/BOS_CLIcommands.o
 .text.prvTaskStatsCommand
                0x0000000008006cdc       0x24 BOS/BOS_CLIcommands.o
 .text.resetCommand
                0x0000000008006d00       0x24 BOS/BOS_CLIcommands.o
 .text.RegisterUserCLICommands
                0x0000000008006d24        0x2 BOS/BOS_CLIcommands.o
                0x0000000008006d24                RegisterUserCLICommands
 *fill*         0x0000000008006d26        0x2 
 .text.vRegisterCLICommands
                0x0000000008006d28      0x138 BOS/BOS_CLIcommands.o
                0x0000000008006d28                vRegisterCLICommands
 .text.StopMsgDMA
                0x0000000008006e60       0x24 BOS/BOS_dma.o
                0x0000000008006e60                StopMsgDMA
 .text.StopStreamDMA
                0x0000000008006e84       0x34 BOS/BOS_dma.o
                0x0000000008006e84                StopStreamDMA
 .text.SwitchMsgDMAToStream
                0x0000000008006eb8       0x28 BOS/BOS_dma.o
                0x0000000008006eb8                SwitchMsgDMAToStream
 .text.SwitchStreamDMAToMsg
                0x0000000008006ee0       0x6c BOS/BOS_dma.o
                0x0000000008006ee0                SwitchStreamDMAToMsg
 .text.StartDMAstream
                0x0000000008006f4c       0x50 BOS/BOS_dma.o
                0x0000000008006f4c                StartDMAstream
 .text.DMA_IRQHandler
                0x0000000008006f9c       0x64 BOS/BOS_dma.o
                0x0000000008006f9c                DMA_IRQHandler
 .text.ResetUartORE
                0x0000000008007000       0x40 BOS/BOS_dma.o
                0x0000000008007000                ResetUartORE
 .text.EE_VerifyPageFullWriteVariable
                0x0000000008007040       0xd4 BOS/BOS_eeprom.o
 .text.EE_ReadVariable
                0x0000000008007114       0x58 BOS/BOS_eeprom.o
                0x0000000008007114                EE_ReadVariable
 .text.EE_WriteVariable
                0x000000000800716c      0x160 BOS/BOS_eeprom.o
                0x000000000800716c                EE_WriteVariable
 .text.EE_Format
                0x00000000080072cc       0xc8 BOS/BOS_eeprom.o
                0x00000000080072cc                EE_Format
 .text.EE_Init  0x0000000008007394      0x39c BOS/BOS_eeprom.o
                0x0000000008007394                EE_Init
 .text.StartDefaultTask
                0x0000000008007730       0xbc BOS/BOS_freertos.o
                0x0000000008007730                StartDefaultTask
 .text.MX_FREERTOS_Init
                0x00000000080077ec      0x1f4 BOS/BOS_freertos.o
                0x00000000080077ec                MX_FREERTOS_Init
 .text.vMainConfigureTimerForRunTimeStats
                0x00000000080079e0       0x20 BOS/BOS_freertos.o
                0x00000000080079e0                vMainConfigureTimerForRunTimeStats
 .text.ulMainGetRunTimeCounterValue
                0x0000000008007a00       0x50 BOS/BOS_freertos.o
                0x0000000008007a00                ulMainGetRunTimeCounterValue
 .text.buttonPressedCallback
                0x0000000008007a50        0x2 BOS/BOS_inputs.o
                0x0000000008007a50                buttonPressedCallback
 .text.buttonReleasedCallback
                0x0000000008007a52        0x2 BOS/BOS_inputs.o
                0x0000000008007a52                buttonReleasedCallback
 .text.buttonClickedCallback
                0x0000000008007a54        0x2 BOS/BOS_inputs.o
                0x0000000008007a54                buttonClickedCallback
 .text.buttonDblClickedCallback
                0x0000000008007a56        0x2 BOS/BOS_inputs.o
                0x0000000008007a56                buttonDblClickedCallback
 .text.buttonPressedForXCallback
                0x0000000008007a58        0x2 BOS/BOS_inputs.o
                0x0000000008007a58                buttonPressedForXCallback
 .text.buttonReleasedForYCallback
                0x0000000008007a5a        0x2 BOS/BOS_inputs.o
                0x0000000008007a5a                buttonReleasedForYCallback
 .text.CheckForTimedButtonPress
                0x0000000008007a5c       0x7c BOS/BOS_inputs.o
                0x0000000008007a5c                CheckForTimedButtonPress
 .text.CheckForTimedButtonRelease
                0x0000000008007ad8       0x7c BOS/BOS_inputs.o
                0x0000000008007ad8                CheckForTimedButtonRelease
 .text.CheckAttachedButtons
                0x0000000008007b54      0x428 BOS/BOS_inputs.o
                0x0000000008007b54                CheckAttachedButtons
 .text.AddPortButton
                0x0000000008007f7c      0x124 BOS/BOS_inputs.o
                0x0000000008007f7c                AddPortButton
 .text.RemovePortButton
                0x00000000080080a0      0x110 BOS/BOS_inputs.o
                0x00000000080080a0                RemovePortButton
 .text.SetButtonEvents
                0x00000000080081b0      0x370 BOS/BOS_inputs.o
                0x00000000080081b0                SetButtonEvents
 .text.StreamTimerCallback
                0x0000000008008520       0x16 BOS/BOS_messaging.o
                0x0000000008008520                StreamTimerCallback
 *fill*         0x0000000008008536        0x2 
 .text.SetupDMAStreams
                0x0000000008008538      0x1b0 BOS/BOS_messaging.o
                0x0000000008008538                SetupDMAStreams
 .text.NotifyMessagingTask
                0x00000000080086e8       0x8c BOS/BOS_messaging.o
                0x00000000080086e8                NotifyMessagingTask
 .text.SendMessageFromPort
                0x0000000008008774      0x380 BOS/BOS_messaging.o
                0x0000000008008774                SendMessageFromPort
 .text.ForwardReceivedMessage
                0x0000000008008af4       0x40 BOS/BOS_messaging.o
                0x0000000008008af4                ForwardReceivedMessage
 .text.BroadcastReceivedMessage
                0x0000000008008b34       0x40 BOS/BOS_messaging.o
                0x0000000008008b34                BroadcastReceivedMessage
 .text.BroadcastMessage
                0x0000000008008b74       0x50 BOS/BOS_messaging.o
                0x0000000008008b74                BroadcastMessage
 .text.SendMessageToModule
                0x0000000008008bc4       0x4c BOS/BOS_messaging.o
                0x0000000008008bc4                SendMessageToModule
 .text.StartScastDMAStream
                0x0000000008008c10      0x1a8 BOS/BOS_messaging.o
                0x0000000008008c10                StartScastDMAStream
 .text.BackEndTask
                0x0000000008008db8      0x3cc BOS/BOS_msgparser.o
                0x0000000008008db8                BackEndTask
 .text.User_MessagingParser
                0x0000000008009184        0x4 BOS/BOS_msgparser.o
                0x0000000008009184                User_MessagingParser
 .text.PxMessagingTask
                0x0000000008009188     0x166c BOS/BOS_msgparser.o
                0x0000000008009188                PxMessagingTask
 .text.SystemClock_Config
                0x000000000800a7f4       0xb0 H1DR1/H1DR1.o
                0x000000000800a7f4                SystemClock_Config
 .text.SaveToRO
                0x000000000800a8a4      0x23c H1DR1/H1DR1.o
                0x000000000800a8a4                SaveToRO
 .text.ClearROtopology
                0x000000000800aae0       0x30 H1DR1/H1DR1.o
                0x000000000800aae0                ClearROtopology
 .text.Module_Init
                0x000000000800ab10       0x2e H1DR1/H1DR1.o
                0x000000000800ab10                Module_Init
 .text.RegisterModuleCLICommands
                0x000000000800ab3e        0x2 H1DR1/H1DR1.o
                0x000000000800ab3e                RegisterModuleCLICommands
 .text.GetPort  0x000000000800ab40       0x60 H1DR1/H1DR1.o
                0x000000000800ab40                GetPort
 .text.SetupBridgeMode
                0x000000000800aba0       0x74 H1DR1/H1DR1.o
                0x000000000800aba0                SetupBridgeMode
 .text.Module_MessagingTask
                0x000000000800ac14       0x6c H1DR1/H1DR1.o
                0x000000000800ac14                Module_MessagingTask
 .text.DMA_MSG_RX_CH_Init
                0x000000000800ac80       0x22 H1DR1/H1DR1_dma.o
                0x000000000800ac80                DMA_MSG_RX_CH_Init
 .text.DMA_MSG_TX_CH_Init
                0x000000000800aca2       0x22 H1DR1/H1DR1_dma.o
                0x000000000800aca2                DMA_MSG_TX_CH_Init
 .text.DMA_Init
                0x000000000800acc4       0xb8 H1DR1/H1DR1_dma.o
                0x000000000800acc4                DMA_Init
 .text.DMA_STREAM_CH_Init
                0x000000000800ad7c       0x20 H1DR1/H1DR1_dma.o
                0x000000000800ad7c                DMA_STREAM_CH_Init
 .text.SetupDMAInterrupts
                0x000000000800ad9c       0xbc H1DR1/H1DR1_dma.o
                0x000000000800ad9c                SetupDMAInterrupts
 .text.UnSetupDMAInterrupts
                0x000000000800ae58       0xa4 H1DR1/H1DR1_dma.o
                0x000000000800ae58                UnSetupDMAInterrupts
 .text.DMA_MSG_TX_UnSetup
                0x000000000800aefc       0x14 H1DR1/H1DR1_dma.o
                0x000000000800aefc                DMA_MSG_TX_UnSetup
 .text.RemapAndLinkDMAtoUARTRx
                0x000000000800af10      0x660 H1DR1/H1DR1_dma.o
                0x000000000800af10                RemapAndLinkDMAtoUARTRx
 .text.DMA_MSG_RX_Setup
                0x000000000800b570       0x30 H1DR1/H1DR1_dma.o
                0x000000000800b570                DMA_MSG_RX_Setup
 .text.SetupMessagingRxDMAs
                0x000000000800b5a0       0xa4 H1DR1/H1DR1_dma.o
                0x000000000800b5a0                SetupMessagingRxDMAs
 .text.DMA_STREAM_Setup
                0x000000000800b644       0x40 H1DR1/H1DR1_dma.o
                0x000000000800b644                DMA_STREAM_Setup
 .text.RemapAndLinkDMAtoUARTTx
                0x000000000800b684      0x660 H1DR1/H1DR1_dma.o
                0x000000000800b684                RemapAndLinkDMAtoUARTTx
 .text.DMA_MSG_TX_Setup
                0x000000000800bce4       0x44 H1DR1/H1DR1_dma.o
                0x000000000800bce4                DMA_MSG_TX_Setup
 .text.CRC_Init
                0x000000000800bd28       0x28 H1DR1/H1DR1_dma.o
                0x000000000800bd28                CRC_Init
 .text.HAL_CRC_MspInit
                0x000000000800bd50       0x1c H1DR1/H1DR1_dma.o
                0x000000000800bd50                HAL_CRC_MspInit
 .text.CalculateCRC8
                0x000000000800bd6c       0x40 H1DR1/H1DR1_dma.o
                0x000000000800bd6c                CalculateCRC8
 .text.IND_LED_Init
                0x000000000800bdac       0x28 H1DR1/H1DR1_gpio.o
                0x000000000800bdac                IND_LED_Init
 .text.GPIO_Init
                0x000000000800bdd4       0x6c H1DR1/H1DR1_gpio.o
                0x000000000800bdd4                GPIO_Init
 .text.RS485_DE_RE_Init
                0x000000000800be40       0x22 H1DR1/H1DR1_gpio.o
                0x000000000800be40                RS485_DE_RE_Init
 *fill*         0x000000000800be62        0x2 
 .text.GetPortGPIOs
                0x000000000800be64       0xd8 H1DR1/H1DR1_gpio.o
                0x000000000800be64                GetPortGPIOs
 .text.IsFactoryReset
                0x000000000800bf3c       0xf4 H1DR1/H1DR1_gpio.o
                0x000000000800bf3c                IsFactoryReset
 .text.SysTick_Handler
                0x000000000800c030        0xc H1DR1/H1DR1_it.o
                0x000000000800c030                SysTick_Handler
 .text.HardFault_Handler
                0x000000000800c03c        0x2 H1DR1/H1DR1_it.o
                0x000000000800c03c                HardFault_Handler
 *fill*         0x000000000800c03e        0x2 
 .text.USART1_IRQHandler
                0x000000000800c040       0x10 H1DR1/H1DR1_it.o
                0x000000000800c040                USART1_IRQHandler
 .text.USART2_IRQHandler
                0x000000000800c050       0x10 H1DR1/H1DR1_it.o
                0x000000000800c050                USART2_IRQHandler
 .text.USART3_8_IRQHandler
                0x000000000800c060       0x2c H1DR1/H1DR1_it.o
                0x000000000800c060                USART3_8_IRQHandler
 .text.DMA1_Ch1_IRQHandler
                0x000000000800c08c        0xa H1DR1/H1DR1_it.o
                0x000000000800c08c                DMA1_Ch1_IRQHandler
 *fill*         0x000000000800c096        0x2 
 .text.DMA1_Ch2_3_DMA2_Ch1_2_IRQHandler
                0x000000000800c098       0x40 H1DR1/H1DR1_it.o
                0x000000000800c098                DMA1_Ch2_3_DMA2_Ch1_2_IRQHandler
 .text.DMA1_Ch4_7_DMA2_Ch3_5_IRQHandler
                0x000000000800c0d8       0x64 H1DR1/H1DR1_it.o
                0x000000000800c0d8                DMA1_Ch4_7_DMA2_Ch3_5_IRQHandler
 .text.TIM16_IRQHandler
                0x000000000800c13c       0x10 H1DR1/H1DR1_it.o
                0x000000000800c13c                TIM16_IRQHandler
 .text.HAL_UART_TxCpltCallback
                0x000000000800c14c       0x3c H1DR1/H1DR1_it.o
                0x000000000800c14c                HAL_UART_TxCpltCallback
 .text.HAL_UART_ErrorCallback
                0x000000000800c188       0x4c H1DR1/H1DR1_it.o
                0x000000000800c188                HAL_UART_ErrorCallback
 .text.HAL_UART_RxCpltCallback
                0x000000000800c1d4       0xac H1DR1/H1DR1_it.o
                0x000000000800c1d4                HAL_UART_RxCpltCallback
 .text.vApplicationStackOverflowHook
                0x000000000800c280        0x4 H1DR1/H1DR1_it.o
                0x000000000800c280                vApplicationStackOverflowHook
 .text.vApplicationMallocFailedHook
                0x000000000800c284        0x4 H1DR1/H1DR1_it.o
                0x000000000800c284                vApplicationMallocFailedHook
 .text.RTC_CalendarConfig
                0x000000000800c288       0xf8 H1DR1/H1DR1_rtc.o
                0x000000000800c288                RTC_CalendarConfig
 .text.RTC_Init
                0x000000000800c380       0x8c H1DR1/H1DR1_rtc.o
                0x000000000800c380                RTC_Init
 .text.BOS_CalendarConfig
                0x000000000800c40c       0xb4 H1DR1/H1DR1_rtc.o
                0x000000000800c40c                BOS_CalendarConfig
 .text.GetTimeDate
                0x000000000800c4c0       0x68 H1DR1/H1DR1_rtc.o
                0x000000000800c4c0                GetTimeDate
 .text.TIM_USEC_Init
                0x000000000800c528       0x64 H1DR1/H1DR1_timers.o
                0x000000000800c528                TIM_USEC_Init
 .text.TIM_MSEC_Init
                0x000000000800c58c       0x60 H1DR1/H1DR1_timers.o
                0x000000000800c58c                TIM_MSEC_Init
 .text.StartMicroDelay
                0x000000000800c5ec       0x24 H1DR1/H1DR1_timers.o
                0x000000000800c5ec                StartMicroDelay
 .text.StartMilliDelay
                0x000000000800c610       0x24 H1DR1/H1DR1_timers.o
                0x000000000800c610                StartMilliDelay
 .text.MB_PORT_Init
                0x000000000800c634       0x38 H1DR1/H1DR1_uart.o
                0x000000000800c634                MB_PORT_Init
 .text.MX_USART1_UART_Init
                0x000000000800c66c       0x12 H1DR1/H1DR1_uart.o
                0x000000000800c66c                MX_USART1_UART_Init
 *fill*         0x000000000800c67e        0x2 
 .text.MX_USART2_UART_Init
                0x000000000800c680       0x30 H1DR1/H1DR1_uart.o
                0x000000000800c680                MX_USART2_UART_Init
 .text.MX_USART3_UART_Init
                0x000000000800c6b0       0x30 H1DR1/H1DR1_uart.o
                0x000000000800c6b0                MX_USART3_UART_Init
 .text.MX_USART4_UART_Init
                0x000000000800c6e0       0x30 H1DR1/H1DR1_uart.o
                0x000000000800c6e0                MX_USART4_UART_Init
 .text.MX_USART5_UART_Init
                0x000000000800c710       0x30 H1DR1/H1DR1_uart.o
                0x000000000800c710                MX_USART5_UART_Init
 .text.MX_USART6_UART_Init
                0x000000000800c740       0x30 H1DR1/H1DR1_uart.o
                0x000000000800c740                MX_USART6_UART_Init
 .text.HAL_UART_MspInit
                0x000000000800c770      0x288 H1DR1/H1DR1_uart.o
                0x000000000800c770                HAL_UART_MspInit
 .text.GetUart  0x000000000800c9f8       0x44 H1DR1/H1DR1_uart.o
                0x000000000800c9f8                GetUart
 .text.writePxMutex
                0x000000000800ca3c       0x58 H1DR1/H1DR1_uart.o
                0x000000000800ca3c                writePxMutex
 .text.writePxITMutex
                0x000000000800ca94       0x40 H1DR1/H1DR1_uart.o
                0x000000000800ca94                writePxITMutex
 .text.writePxDMAMutex
                0x000000000800cad4       0x48 H1DR1/H1DR1_uart.o
                0x000000000800cad4                writePxDMAMutex
 .text.UpdateBaudrate
                0x000000000800cb1c       0x12 H1DR1/H1DR1_uart.o
                0x000000000800cb1c                UpdateBaudrate
 *fill*         0x000000000800cb2e        0x2 
 .text.SwapUartPins
                0x000000000800cb30       0x70 H1DR1/H1DR1_uart.o
                0x000000000800cb30                SwapUartPins
 .text.Reset_Handler
                0x000000000800cba0       0x8c H1DR1/startup_stm32f091xc.o
                0x000000000800cba0                Reset_Handler
 .text.Default_Handler
                0x000000000800cc2c        0x2 H1DR1/startup_stm32f091xc.o
                0x000000000800cc2c                TIM1_CC_IRQHandler
                0x000000000800cc2c                TSC_IRQHandler
                0x000000000800cc2c                ADC1_COMP_IRQHandler
                0x000000000800cc2c                NMI_Handler
                0x000000000800cc2c                I2C1_IRQHandler
                0x000000000800cc2c                RCC_CRS_IRQHandler
                0x000000000800cc2c                SPI1_IRQHandler
                0x000000000800cc2c                TIM6_DAC_IRQHandler
                0x000000000800cc2c                EXTI2_3_IRQHandler
                0x000000000800cc2c                I2C2_IRQHandler
                0x000000000800cc2c                TIM17_IRQHandler
                0x000000000800cc2c                CEC_CAN_IRQHandler
                0x000000000800cc2c                RTC_IRQHandler
                0x000000000800cc2c                PVD_VDDIO2_IRQHandler
                0x000000000800cc2c                TIM3_IRQHandler
                0x000000000800cc2c                EXTI4_15_IRQHandler
                0x000000000800cc2c                Default_Handler
                0x000000000800cc2c                TIM14_IRQHandler
                0x000000000800cc2c                TIM7_IRQHandler
                0x000000000800cc2c                TIM15_IRQHandler
                0x000000000800cc2c                EXTI0_1_IRQHandler
                0x000000000800cc2c                SPI2_IRQHandler
                0x000000000800cc2c                WWDG_IRQHandler
                0x000000000800cc2c                TIM2_IRQHandler
                0x000000000800cc2c                FLASH_IRQHandler
                0x000000000800cc2c                TIM1_BRK_UP_TRG_COM_IRQHandler
 *fill*         0x000000000800cc2e        0x2 
 .text.SystemInit
                0x000000000800cc30       0x60 Thirdparty/CMSIS/Device/ST/STM32F0xx/Source/Templates/system_stm32f0xx.o
                0x000000000800cc30                SystemInit
 .text.osKernelStart
                0x000000000800cc90        0xa Thirdparty/Middleware/FreeRTOS/Source/CMSIS_RTOS/cmsis_os.o
                0x000000000800cc90                osKernelStart
 .text.osDelay  0x000000000800cc9a       0x10 Thirdparty/Middleware/FreeRTOS/Source/CMSIS_RTOS/cmsis_os.o
                0x000000000800cc9a                osDelay
 .text.osSemaphoreCreate
                0x000000000800ccaa       0x2c Thirdparty/Middleware/FreeRTOS/Source/CMSIS_RTOS/cmsis_os.o
                0x000000000800ccaa                osSemaphoreCreate
 *fill*         0x000000000800ccd6        0x2 
 .text.osSemaphoreWait
                0x000000000800ccd8       0x5c Thirdparty/Middleware/FreeRTOS/Source/CMSIS_RTOS/cmsis_os.o
                0x000000000800ccd8                osSemaphoreWait
 .text.osSemaphoreRelease
                0x000000000800cd34       0x4c Thirdparty/Middleware/FreeRTOS/Source/CMSIS_RTOS/cmsis_os.o
                0x000000000800cd34                osSemaphoreRelease
 .text.osSystickHandler
                0x000000000800cd80       0x12 Thirdparty/Middleware/FreeRTOS/Source/CMSIS_RTOS/cmsis_os.o
                0x000000000800cd80                osSystickHandler
 *fill*         0x000000000800cd92        0x2 
 .text.FreeRTOS_CLIRegisterCommand
                0x000000000800cd94       0x38 Thirdparty/Middleware/FreeRTOS/Source/FreeRTOS_CLI.o
                0x000000000800cd94                FreeRTOS_CLIRegisterCommand
 .text.FreeRTOS_CLIProcessCommand
                0x000000000800cdcc      0x114 Thirdparty/Middleware/FreeRTOS/Source/FreeRTOS_CLI.o
                0x000000000800cdcc                FreeRTOS_CLIProcessCommand
 .text.FreeRTOS_CLIGetOutputBuffer
                0x000000000800cee0        0x8 Thirdparty/Middleware/FreeRTOS/Source/FreeRTOS_CLI.o
                0x000000000800cee0                FreeRTOS_CLIGetOutputBuffer
 .text.FreeRTOS_CLIGetParameter
                0x000000000800cee8       0x7c Thirdparty/Middleware/FreeRTOS/Source/FreeRTOS_CLI.o
                0x000000000800cee8                FreeRTOS_CLIGetParameter
 .text.prvHelpCommand
                0x000000000800cf64      0x10c Thirdparty/Middleware/FreeRTOS/Source/FreeRTOS_CLI.o
 .text.vListInitialise
                0x000000000800d070       0x16 Thirdparty/Middleware/FreeRTOS/Source/list.o
                0x000000000800d070                vListInitialise
 .text.vListInitialiseItem
                0x000000000800d086        0x6 Thirdparty/Middleware/FreeRTOS/Source/list.o
                0x000000000800d086                vListInitialiseItem
 .text.vListInsertEnd
                0x000000000800d08c       0x16 Thirdparty/Middleware/FreeRTOS/Source/list.o
                0x000000000800d08c                vListInsertEnd
 .text.vListInsert
                0x000000000800d0a2       0x2e Thirdparty/Middleware/FreeRTOS/Source/list.o
                0x000000000800d0a2                vListInsert
 .text.uxListRemove
                0x000000000800d0d0       0x24 Thirdparty/Middleware/FreeRTOS/Source/list.o
                0x000000000800d0d0                uxListRemove
 .text.prvCopyDataToQueue
                0x000000000800d0f4       0x7c Thirdparty/Middleware/FreeRTOS/Source/queue.o
 .text.prvCopyDataFromQueue
                0x000000000800d170       0x24 Thirdparty/Middleware/FreeRTOS/Source/queue.o
 .text.prvUnlockQueue
                0x000000000800d194       0x7e Thirdparty/Middleware/FreeRTOS/Source/queue.o
 .text.xQueueGenericReset
                0x000000000800d212       0x68 Thirdparty/Middleware/FreeRTOS/Source/queue.o
                0x000000000800d212                xQueueGenericReset
 .text.xQueueGenericCreate
                0x000000000800d27a       0x4a Thirdparty/Middleware/FreeRTOS/Source/queue.o
                0x000000000800d27a                xQueueGenericCreate
 .text.xQueueCreateCountingSemaphore
                0x000000000800d2c4       0x28 Thirdparty/Middleware/FreeRTOS/Source/queue.o
                0x000000000800d2c4                xQueueCreateCountingSemaphore
 .text.xQueueGenericSend
                0x000000000800d2ec      0x138 Thirdparty/Middleware/FreeRTOS/Source/queue.o
                0x000000000800d2ec                xQueueGenericSend
 .text.xQueueGenericSendFromISR
                0x000000000800d424       0x90 Thirdparty/Middleware/FreeRTOS/Source/queue.o
                0x000000000800d424                xQueueGenericSendFromISR
 .text.xQueueGiveFromISR
                0x000000000800d4b4       0x78 Thirdparty/Middleware/FreeRTOS/Source/queue.o
                0x000000000800d4b4                xQueueGiveFromISR
 .text.xQueueGenericReceive
                0x000000000800d52c      0x156 Thirdparty/Middleware/FreeRTOS/Source/queue.o
                0x000000000800d52c                xQueueGenericReceive
 .text.xQueueReceiveFromISR
                0x000000000800d682       0x7e Thirdparty/Middleware/FreeRTOS/Source/queue.o
                0x000000000800d682                xQueueReceiveFromISR
 .text.vQueueAddToRegistry
                0x000000000800d700       0x28 Thirdparty/Middleware/FreeRTOS/Source/queue.o
                0x000000000800d700                vQueueAddToRegistry
 .text.vQueueWaitForMessageRestricted
                0x000000000800d728       0x40 Thirdparty/Middleware/FreeRTOS/Source/queue.o
                0x000000000800d728                vQueueWaitForMessageRestricted
 .text.prvListTaskWithinSingleList
                0x000000000800d768       0xb0 Thirdparty/Middleware/FreeRTOS/Source/tasks.o
 .text.prvResetNextTaskUnblockTime
                0x000000000800d818       0x2c Thirdparty/Middleware/FreeRTOS/Source/tasks.o
 .text.prvAddCurrentTaskToDelayedList
                0x000000000800d844       0x54 Thirdparty/Middleware/FreeRTOS/Source/tasks.o
 .text.prvWriteNameToBuffer
                0x000000000800d898       0x2c Thirdparty/Middleware/FreeRTOS/Source/tasks.o
 .text.xTaskGenericCreate
                0x000000000800d8c4      0x1f8 Thirdparty/Middleware/FreeRTOS/Source/tasks.o
                0x000000000800d8c4                xTaskGenericCreate
 .text.uxTaskPriorityGet
                0x000000000800dabc       0x20 Thirdparty/Middleware/FreeRTOS/Source/tasks.o
                0x000000000800dabc                uxTaskPriorityGet
 .text.vTaskPrioritySet
                0x000000000800dadc       0xb4 Thirdparty/Middleware/FreeRTOS/Source/tasks.o
                0x000000000800dadc                vTaskPrioritySet
 .text.vTaskStartScheduler
                0x000000000800db90       0x58 Thirdparty/Middleware/FreeRTOS/Source/tasks.o
                0x000000000800db90                vTaskStartScheduler
 .text.vTaskSuspendAll
                0x000000000800dbe8       0x10 Thirdparty/Middleware/FreeRTOS/Source/tasks.o
                0x000000000800dbe8                vTaskSuspendAll
 .text.xTaskGetTickCount
                0x000000000800dbf8        0xc Thirdparty/Middleware/FreeRTOS/Source/tasks.o
                0x000000000800dbf8                xTaskGetTickCount
 .text.xTaskGetTickCountFromISR
                0x000000000800dc04        0xc Thirdparty/Middleware/FreeRTOS/Source/tasks.o
                0x000000000800dc04                xTaskGetTickCountFromISR
 .text.xTaskIncrementTick
                0x000000000800dc10      0x128 Thirdparty/Middleware/FreeRTOS/Source/tasks.o
                0x000000000800dc10                xTaskIncrementTick
 .text.xTaskResumeAll
                0x000000000800dd38       0xe8 Thirdparty/Middleware/FreeRTOS/Source/tasks.o
                0x000000000800dd38                xTaskResumeAll
 .text.vTaskDelay
                0x000000000800de20       0x48 Thirdparty/Middleware/FreeRTOS/Source/tasks.o
                0x000000000800de20                vTaskDelay
 .text.prvIdleTask
                0x000000000800de68       0x6c Thirdparty/Middleware/FreeRTOS/Source/tasks.o
 .text.uxTaskGetSystemState
                0x000000000800ded4       0xa4 Thirdparty/Middleware/FreeRTOS/Source/tasks.o
                0x000000000800ded4                uxTaskGetSystemState
 .text.vTaskSwitchContext
                0x000000000800df78      0x104 Thirdparty/Middleware/FreeRTOS/Source/tasks.o
                0x000000000800df78                vTaskSwitchContext
 .text.vTaskPlaceOnEventList
                0x000000000800e07c       0x48 Thirdparty/Middleware/FreeRTOS/Source/tasks.o
                0x000000000800e07c                vTaskPlaceOnEventList
 .text.vTaskPlaceOnEventListRestricted
                0x000000000800e0c4       0x34 Thirdparty/Middleware/FreeRTOS/Source/tasks.o
                0x000000000800e0c4                vTaskPlaceOnEventListRestricted
 .text.xTaskRemoveFromEventList
                0x000000000800e0f8       0x80 Thirdparty/Middleware/FreeRTOS/Source/tasks.o
                0x000000000800e0f8                xTaskRemoveFromEventList
 .text.vTaskSetTimeOutState
                0x000000000800e178       0x20 Thirdparty/Middleware/FreeRTOS/Source/tasks.o
                0x000000000800e178                vTaskSetTimeOutState
 .text.xTaskCheckForTimeOut
                0x000000000800e198       0x64 Thirdparty/Middleware/FreeRTOS/Source/tasks.o
                0x000000000800e198                xTaskCheckForTimeOut
 .text.vTaskMissedYield
                0x000000000800e1fc        0xc Thirdparty/Middleware/FreeRTOS/Source/tasks.o
                0x000000000800e1fc                vTaskMissedYield
 .text.xTaskGetSchedulerState
                0x000000000800e208       0x20 Thirdparty/Middleware/FreeRTOS/Source/tasks.o
                0x000000000800e208                xTaskGetSchedulerState
 .text.vTaskPriorityInherit
                0x000000000800e228       0x7c Thirdparty/Middleware/FreeRTOS/Source/tasks.o
                0x000000000800e228                vTaskPriorityInherit
 .text.xTaskPriorityDisinherit
                0x000000000800e2a4       0x74 Thirdparty/Middleware/FreeRTOS/Source/tasks.o
                0x000000000800e2a4                xTaskPriorityDisinherit
 .text.vTaskList
                0x000000000800e318       0xdc Thirdparty/Middleware/FreeRTOS/Source/tasks.o
                0x000000000800e318                vTaskList
 .text.vTaskGetRunTimeStats
                0x000000000800e3f4       0xc4 Thirdparty/Middleware/FreeRTOS/Source/tasks.o
                0x000000000800e3f4                vTaskGetRunTimeStats
 .text.pvTaskIncrementMutexHeldCount
                0x000000000800e4b8       0x1c Thirdparty/Middleware/FreeRTOS/Source/tasks.o
                0x000000000800e4b8                pvTaskIncrementMutexHeldCount
 .text.ulTaskNotifyTake
                0x000000000800e4d4       0x98 Thirdparty/Middleware/FreeRTOS/Source/tasks.o
                0x000000000800e4d4                ulTaskNotifyTake
 .text.xTaskGenericNotify
                0x000000000800e56c       0xb8 Thirdparty/Middleware/FreeRTOS/Source/tasks.o
                0x000000000800e56c                xTaskGenericNotify
 .text.prvInsertTimerInActiveList
                0x000000000800e624       0x48 Thirdparty/Middleware/FreeRTOS/Source/timers.o
 .text.prvCheckForValidListAndQueue
                0x000000000800e66c       0x64 Thirdparty/Middleware/FreeRTOS/Source/timers.o
 .text.xTimerCreateTimerTask
                0x000000000800e6d0       0x40 Thirdparty/Middleware/FreeRTOS/Source/timers.o
                0x000000000800e6d0                xTimerCreateTimerTask
 .text.xTimerCreate
                0x000000000800e710       0x40 Thirdparty/Middleware/FreeRTOS/Source/timers.o
                0x000000000800e710                xTimerCreate
 .text.xTimerGenericCommand
                0x000000000800e750       0x58 Thirdparty/Middleware/FreeRTOS/Source/timers.o
                0x000000000800e750                xTimerGenericCommand
 .text.prvSampleTimeNow
                0x000000000800e7a8       0xb0 Thirdparty/Middleware/FreeRTOS/Source/timers.o
 .text.prvTimerTask
                0x000000000800e858      0x170 Thirdparty/Middleware/FreeRTOS/Source/timers.o
 .text.pvTimerGetTimerID
                0x000000000800e9c8       0x18 Thirdparty/Middleware/FreeRTOS/Source/timers.o
                0x000000000800e9c8                pvTimerGetTimerID
 .text.prvTaskExitError
                0x000000000800e9e0       0x14 Thirdparty/Middleware/FreeRTOS/Source/portable/GCC/ARM_CM0/port.o
 .text.vPortStartFirstTask
                0x000000000800e9f4       0x20 Thirdparty/Middleware/FreeRTOS/Source/portable/GCC/ARM_CM0/port.o
 .text.pxPortInitialiseStack
                0x000000000800ea14       0x20 Thirdparty/Middleware/FreeRTOS/Source/portable/GCC/ARM_CM0/port.o
                0x000000000800ea14                pxPortInitialiseStack
 .text.SVC_Handler
                0x000000000800ea34        0x2 Thirdparty/Middleware/FreeRTOS/Source/portable/GCC/ARM_CM0/port.o
                0x000000000800ea34                SVC_Handler
 *fill*         0x000000000800ea36        0x2 
 .text.xPortStartScheduler
                0x000000000800ea38       0x54 Thirdparty/Middleware/FreeRTOS/Source/portable/GCC/ARM_CM0/port.o
                0x000000000800ea38                xPortStartScheduler
 .text.vPortYield
                0x000000000800ea8c       0x18 Thirdparty/Middleware/FreeRTOS/Source/portable/GCC/ARM_CM0/port.o
                0x000000000800ea8c                vPortYield
 .text.vPortEnterCritical
                0x000000000800eaa4       0x18 Thirdparty/Middleware/FreeRTOS/Source/portable/GCC/ARM_CM0/port.o
                0x000000000800eaa4                vPortEnterCritical
 .text.vPortExitCritical
                0x000000000800eabc       0x20 Thirdparty/Middleware/FreeRTOS/Source/portable/GCC/ARM_CM0/port.o
                0x000000000800eabc                vPortExitCritical
 .text.ulSetInterruptMaskFromISR
                0x000000000800eadc        0xa Thirdparty/Middleware/FreeRTOS/Source/portable/GCC/ARM_CM0/port.o
                0x000000000800eadc                ulSetInterruptMaskFromISR
 .text.vClearInterruptMaskFromISR
                0x000000000800eae6        0x6 Thirdparty/Middleware/FreeRTOS/Source/portable/GCC/ARM_CM0/port.o
                0x000000000800eae6                vClearInterruptMaskFromISR
 .text.PendSV_Handler
                0x000000000800eaec       0x44 Thirdparty/Middleware/FreeRTOS/Source/portable/GCC/ARM_CM0/port.o
                0x000000000800eaec                PendSV_Handler
 .text.xPortSysTickHandler
                0x000000000800eb30       0x24 Thirdparty/Middleware/FreeRTOS/Source/portable/GCC/ARM_CM0/port.o
                0x000000000800eb30                xPortSysTickHandler
 .text.prvInsertBlockIntoFreeList
                0x000000000800eb54       0x54 Thirdparty/Middleware/FreeRTOS/Source/portable/MemMang/heap_4.o
 .text.pvPortMalloc
                0x000000000800eba8      0x124 Thirdparty/Middleware/FreeRTOS/Source/portable/MemMang/heap_4.o
                0x000000000800eba8                pvPortMalloc
 .text.vPortFree
                0x000000000800eccc       0x54 Thirdparty/Middleware/FreeRTOS/Source/portable/MemMang/heap_4.o
                0x000000000800eccc                vPortFree
 .text.HAL_InitTick
                0x000000000800ed20       0x24 Thirdparty/STM32F0xx_HAL_Driver/Src/stm32f0xx_hal.o
                0x000000000800ed20                HAL_InitTick
 .text.HAL_Init
                0x000000000800ed44       0x20 Thirdparty/STM32F0xx_HAL_Driver/Src/stm32f0xx_hal.o
                0x000000000800ed44                HAL_Init
 .text.HAL_IncTick
                0x000000000800ed64       0x10 Thirdparty/STM32F0xx_HAL_Driver/Src/stm32f0xx_hal.o
                0x000000000800ed64                HAL_IncTick
 .text.HAL_GetTick
                0x000000000800ed74        0xc Thirdparty/STM32F0xx_HAL_Driver/Src/stm32f0xx_hal.o
                0x000000000800ed74                HAL_GetTick
 .text.HAL_Delay
                0x000000000800ed80       0x1c Thirdparty/STM32F0xx_HAL_Driver/Src/stm32f0xx_hal.o
                0x000000000800ed80                HAL_Delay
 .text.HAL_GetREVID
                0x000000000800ed9c        0xc Thirdparty/STM32F0xx_HAL_Driver/Src/stm32f0xx_hal.o
                0x000000000800ed9c                HAL_GetREVID
 .text.HAL_GetDEVID
                0x000000000800eda8       0x10 Thirdparty/STM32F0xx_HAL_Driver/Src/stm32f0xx_hal.o
                0x000000000800eda8                HAL_GetDEVID
 .text.HAL_NVIC_SetPriority
                0x000000000800edb8       0x64 Thirdparty/STM32F0xx_HAL_Driver/Src/stm32f0xx_hal_cortex.o
                0x000000000800edb8                HAL_NVIC_SetPriority
 .text.HAL_NVIC_EnableIRQ
                0x000000000800ee1c       0x14 Thirdparty/STM32F0xx_HAL_Driver/Src/stm32f0xx_hal_cortex.o
                0x000000000800ee1c                HAL_NVIC_EnableIRQ
 .text.HAL_NVIC_DisableIRQ
                0x000000000800ee30       0x14 Thirdparty/STM32F0xx_HAL_Driver/Src/stm32f0xx_hal_cortex.o
                0x000000000800ee30                HAL_NVIC_DisableIRQ
 .text.HAL_SYSTICK_Config
                0x000000000800ee44       0x38 Thirdparty/STM32F0xx_HAL_Driver/Src/stm32f0xx_hal_cortex.o
                0x000000000800ee44                HAL_SYSTICK_Config
 .text.HAL_SYSTICK_CLKSourceConfig
                0x000000000800ee7c       0x20 Thirdparty/STM32F0xx_HAL_Driver/Src/stm32f0xx_hal_cortex.o
                0x000000000800ee7c                HAL_SYSTICK_CLKSourceConfig
 .text.CRC_Handle_8
                0x000000000800ee9c       0x88 Thirdparty/STM32F0xx_HAL_Driver/Src/stm32f0xx_hal_crc.o
 .text.CRC_Handle_16
                0x000000000800ef24       0x40 Thirdparty/STM32F0xx_HAL_Driver/Src/stm32f0xx_hal_crc.o
 .text.HAL_CRC_Init
                0x000000000800ef64       0x62 Thirdparty/STM32F0xx_HAL_Driver/Src/stm32f0xx_hal_crc.o
                0x000000000800ef64                HAL_CRC_Init
 .text.HAL_CRC_Accumulate
                0x000000000800efc6       0x56 Thirdparty/STM32F0xx_HAL_Driver/Src/stm32f0xx_hal_crc.o
                0x000000000800efc6                HAL_CRC_Accumulate
 .text.HAL_CRC_Calculate
                0x000000000800f01c       0x62 Thirdparty/STM32F0xx_HAL_Driver/Src/stm32f0xx_hal_crc.o
                0x000000000800f01c                HAL_CRC_Calculate
 .text.HAL_CRCEx_Polynomial_Set
                0x000000000800f07e       0x52 Thirdparty/STM32F0xx_HAL_Driver/Src/stm32f0xx_hal_crc_ex.o
                0x000000000800f07e                HAL_CRCEx_Polynomial_Set
 .text.HAL_CRCEx_Init
                0x000000000800f0d0       0x34 Thirdparty/STM32F0xx_HAL_Driver/Src/stm32f0xx_hal_crc_ex.o
                0x000000000800f0d0                HAL_CRCEx_Init
 .text.HAL_DMA_Init
                0x000000000800f104       0x54 Thirdparty/STM32F0xx_HAL_Driver/Src/stm32f0xx_hal_dma.o
                0x000000000800f104                HAL_DMA_Init
 .text.HAL_DMA_Start_IT
                0x000000000800f158       0x6a Thirdparty/STM32F0xx_HAL_Driver/Src/stm32f0xx_hal_dma.o
                0x000000000800f158                HAL_DMA_Start_IT
 .text.HAL_DMA_Abort
                0x000000000800f1c2       0x52 Thirdparty/STM32F0xx_HAL_Driver/Src/stm32f0xx_hal_dma.o
                0x000000000800f1c2                HAL_DMA_Abort
 .text.HAL_DMA_IRQHandler
                0x000000000800f214      0x8ac Thirdparty/STM32F0xx_HAL_Driver/Src/stm32f0xx_hal_dma.o
                0x000000000800f214                HAL_DMA_IRQHandler
 .text.FLASH_SetErrorCode
                0x000000000800fac0       0x34 Thirdparty/STM32F0xx_HAL_Driver/Src/stm32f0xx_hal_flash.o
 .text.HAL_FLASH_Unlock
                0x000000000800faf4       0x28 Thirdparty/STM32F0xx_HAL_Driver/Src/stm32f0xx_hal_flash.o
                0x000000000800faf4                HAL_FLASH_Unlock
 .text.HAL_FLASH_Lock
                0x000000000800fb1c       0x14 Thirdparty/STM32F0xx_HAL_Driver/Src/stm32f0xx_hal_flash.o
                0x000000000800fb1c                HAL_FLASH_Lock
 .text.FLASH_WaitForLastOperation
                0x000000000800fb30       0x5c Thirdparty/STM32F0xx_HAL_Driver/Src/stm32f0xx_hal_flash.o
                0x000000000800fb30                FLASH_WaitForLastOperation
 .text.HAL_FLASH_Program
                0x000000000800fb8c       0xcc Thirdparty/STM32F0xx_HAL_Driver/Src/stm32f0xx_hal_flash.o
                0x000000000800fb8c                HAL_FLASH_Program
 .text.FLASH_MassErase
                0x000000000800fc58       0x24 Thirdparty/STM32F0xx_HAL_Driver/Src/stm32f0xx_hal_flash_ex.o
 .text.FLASH_PageErase
                0x000000000800fc7c       0x24 Thirdparty/STM32F0xx_HAL_Driver/Src/stm32f0xx_hal_flash_ex.o
                0x000000000800fc7c                FLASH_PageErase
 .text.HAL_FLASHEx_Erase
                0x000000000800fca0       0xc4 Thirdparty/STM32F0xx_HAL_Driver/Src/stm32f0xx_hal_flash_ex.o
                0x000000000800fca0                HAL_FLASHEx_Erase
 .text.HAL_GPIO_Init
                0x000000000800fd64      0x1d4 Thirdparty/STM32F0xx_HAL_Driver/Src/stm32f0xx_hal_gpio.o
                0x000000000800fd64                HAL_GPIO_Init
 .text.HAL_GPIO_ReadPin
                0x000000000800ff38        0xc Thirdparty/STM32F0xx_HAL_Driver/Src/stm32f0xx_hal_gpio.o
                0x000000000800ff38                HAL_GPIO_ReadPin
 .text.HAL_GPIO_WritePin
                0x000000000800ff44        0xc Thirdparty/STM32F0xx_HAL_Driver/Src/stm32f0xx_hal_gpio.o
                0x000000000800ff44                HAL_GPIO_WritePin
 .text.HAL_GPIO_TogglePin
                0x000000000800ff50        0x8 Thirdparty/STM32F0xx_HAL_Driver/Src/stm32f0xx_hal_gpio.o
                0x000000000800ff50                HAL_GPIO_TogglePin
 .text.HAL_MspInit
                0x000000000800ff58        0x2 Thirdparty/STM32F0xx_HAL_Driver/Src/stm32f0xx_hal_msp_template.o
                0x000000000800ff58                HAL_MspInit
 *fill*         0x000000000800ff5a        0x2 
 .text.HAL_PWR_EnableBkUpAccess
                0x000000000800ff5c       0x14 Thirdparty/STM32F0xx_HAL_Driver/Src/stm32f0xx_hal_pwr.o
                0x000000000800ff5c                HAL_PWR_EnableBkUpAccess
 .text.HAL_RCC_OscConfig
                0x000000000800ff70      0x588 Thirdparty/STM32F0xx_HAL_Driver/Src/stm32f0xx_hal_rcc.o
                0x000000000800ff70                HAL_RCC_OscConfig
 .text.HAL_RCC_ClockConfig
                0x00000000080104f8      0x278 Thirdparty/STM32F0xx_HAL_Driver/Src/stm32f0xx_hal_rcc.o
                0x00000000080104f8                HAL_RCC_ClockConfig
 .text.HAL_RCC_GetSysClockFreq
                0x0000000008010770       0xa0 Thirdparty/STM32F0xx_HAL_Driver/Src/stm32f0xx_hal_rcc.o
                0x0000000008010770                HAL_RCC_GetSysClockFreq
 .text.HAL_RCC_GetHCLKFreq
                0x0000000008010810       0x28 Thirdparty/STM32F0xx_HAL_Driver/Src/stm32f0xx_hal_rcc.o
                0x0000000008010810                HAL_RCC_GetHCLKFreq
 .text.HAL_RCC_GetPCLK1Freq
                0x0000000008010838       0x20 Thirdparty/STM32F0xx_HAL_Driver/Src/stm32f0xx_hal_rcc.o
                0x0000000008010838                HAL_RCC_GetPCLK1Freq
 .text.HAL_RCCEx_PeriphCLKConfig
                0x0000000008010858      0x13c Thirdparty/STM32F0xx_HAL_Driver/Src/stm32f0xx_hal_rcc_ex.o
                0x0000000008010858                HAL_RCCEx_PeriphCLKConfig
 .text.HAL_RTC_MspInit
                0x0000000008010994        0x2 Thirdparty/STM32F0xx_HAL_Driver/Src/stm32f0xx_hal_rtc.o
                0x0000000008010994                HAL_RTC_MspInit
 .text.HAL_RTC_WaitForSynchro
                0x0000000008010996       0x34 Thirdparty/STM32F0xx_HAL_Driver/Src/stm32f0xx_hal_rtc.o
                0x0000000008010996                HAL_RTC_WaitForSynchro
 .text.RTC_EnterInitMode
                0x00000000080109ca       0x3c Thirdparty/STM32F0xx_HAL_Driver/Src/stm32f0xx_hal_rtc.o
                0x00000000080109ca                RTC_EnterInitMode
 *fill*         0x0000000008010a06        0x2 
 .text.HAL_RTC_Init
                0x0000000008010a08       0xa0 Thirdparty/STM32F0xx_HAL_Driver/Src/stm32f0xx_hal_rtc.o
                0x0000000008010a08                HAL_RTC_Init
 .text.RTC_ByteToBcd2
                0x0000000008010aa8       0x1c Thirdparty/STM32F0xx_HAL_Driver/Src/stm32f0xx_hal_rtc.o
                0x0000000008010aa8                RTC_ByteToBcd2
 .text.HAL_RTC_SetTime
                0x0000000008010ac4      0x100 Thirdparty/STM32F0xx_HAL_Driver/Src/stm32f0xx_hal_rtc.o
                0x0000000008010ac4                HAL_RTC_SetTime
 .text.HAL_RTC_SetDate
                0x0000000008010bc4       0xe4 Thirdparty/STM32F0xx_HAL_Driver/Src/stm32f0xx_hal_rtc.o
                0x0000000008010bc4                HAL_RTC_SetDate
 .text.RTC_Bcd2ToByte
                0x0000000008010ca8       0x14 Thirdparty/STM32F0xx_HAL_Driver/Src/stm32f0xx_hal_rtc.o
                0x0000000008010ca8                RTC_Bcd2ToByte
 .text.HAL_RTC_GetTime
                0x0000000008010cbc       0x4c Thirdparty/STM32F0xx_HAL_Driver/Src/stm32f0xx_hal_rtc.o
                0x0000000008010cbc                HAL_RTC_GetTime
 .text.HAL_RTC_GetDate
                0x0000000008010d08       0x44 Thirdparty/STM32F0xx_HAL_Driver/Src/stm32f0xx_hal_rtc.o
                0x0000000008010d08                HAL_RTC_GetDate
 .text.HAL_RTCEx_BKUPWrite
                0x0000000008010d4c        0xc Thirdparty/STM32F0xx_HAL_Driver/Src/stm32f0xx_hal_rtc_ex.o
                0x0000000008010d4c                HAL_RTCEx_BKUPWrite
 .text.HAL_RTCEx_BKUPRead
                0x0000000008010d58        0xc Thirdparty/STM32F0xx_HAL_Driver/Src/stm32f0xx_hal_rtc_ex.o
                0x0000000008010d58                HAL_RTCEx_BKUPRead
 .text.HAL_TIM_Base_MspInit
                0x0000000008010d64        0x2 Thirdparty/STM32F0xx_HAL_Driver/Src/stm32f0xx_hal_tim.o
                0x0000000008010d64                HAL_TIM_Base_MspInit
 .text.HAL_TIM_Base_Start
                0x0000000008010d66       0x18 Thirdparty/STM32F0xx_HAL_Driver/Src/stm32f0xx_hal_tim.o
                0x0000000008010d66                HAL_TIM_Base_Start
 .text.HAL_TIM_PeriodElapsedCallback
                0x0000000008010d7e        0x2 Thirdparty/STM32F0xx_HAL_Driver/Src/stm32f0xx_hal_tim.o
                0x0000000008010d7e                HAL_TIM_PeriodElapsedCallback
 .text.HAL_TIM_OC_DelayElapsedCallback
                0x0000000008010d80        0x2 Thirdparty/STM32F0xx_HAL_Driver/Src/stm32f0xx_hal_tim.o
                0x0000000008010d80                HAL_TIM_OC_DelayElapsedCallback
 .text.HAL_TIM_IC_CaptureCallback
                0x0000000008010d82        0x2 Thirdparty/STM32F0xx_HAL_Driver/Src/stm32f0xx_hal_tim.o
                0x0000000008010d82                HAL_TIM_IC_CaptureCallback
 .text.HAL_TIM_PWM_PulseFinishedCallback
                0x0000000008010d84        0x2 Thirdparty/STM32F0xx_HAL_Driver/Src/stm32f0xx_hal_tim.o
                0x0000000008010d84                HAL_TIM_PWM_PulseFinishedCallback
 .text.HAL_TIM_TriggerCallback
                0x0000000008010d86        0x2 Thirdparty/STM32F0xx_HAL_Driver/Src/stm32f0xx_hal_tim.o
                0x0000000008010d86                HAL_TIM_TriggerCallback
 .text.HAL_TIM_IRQHandler
                0x0000000008010d88      0x15a Thirdparty/STM32F0xx_HAL_Driver/Src/stm32f0xx_hal_tim.o
                0x0000000008010d88                HAL_TIM_IRQHandler
 *fill*         0x0000000008010ee2        0x2 
 .text.TIM_Base_SetConfig
                0x0000000008010ee4       0xdc Thirdparty/STM32F0xx_HAL_Driver/Src/stm32f0xx_hal_tim.o
                0x0000000008010ee4                TIM_Base_SetConfig
 .text.HAL_TIM_Base_Init
                0x0000000008010fc0       0x34 Thirdparty/STM32F0xx_HAL_Driver/Src/stm32f0xx_hal_tim.o
                0x0000000008010fc0                HAL_TIM_Base_Init
 .text.HAL_TIMEx_MasterConfigSynchronization
                0x0000000008010ff4       0x4c Thirdparty/STM32F0xx_HAL_Driver/Src/stm32f0xx_hal_tim_ex.o
                0x0000000008010ff4                HAL_TIMEx_MasterConfigSynchronization
 .text.HAL_TIMEx_CommutationCallback
                0x0000000008011040        0x2 Thirdparty/STM32F0xx_HAL_Driver/Src/stm32f0xx_hal_tim_ex.o
                0x0000000008011040                HAL_TIMEx_CommutationCallback
 .text.HAL_TIMEx_BreakCallback
                0x0000000008011042        0x2 Thirdparty/STM32F0xx_HAL_Driver/Src/stm32f0xx_hal_tim_ex.o
                0x0000000008011042                HAL_TIMEx_BreakCallback
 .text.HAL_UART_MspDeInit
                0x0000000008011044        0x2 Thirdparty/STM32F0xx_HAL_Driver/Src/stm32f0xx_hal_uart.o
                0x0000000008011044                HAL_UART_MspDeInit
 .text.HAL_UART_DeInit
                0x0000000008011046       0x38 Thirdparty/STM32F0xx_HAL_Driver/Src/stm32f0xx_hal_uart.o
                0x0000000008011046                HAL_UART_DeInit
 .text.HAL_UART_Transmit_IT
                0x000000000801107e       0x7a Thirdparty/STM32F0xx_HAL_Driver/Src/stm32f0xx_hal_uart.o
                0x000000000801107e                HAL_UART_Transmit_IT
 .text.HAL_UART_Receive_IT
                0x00000000080110f8       0xe4 Thirdparty/STM32F0xx_HAL_Driver/Src/stm32f0xx_hal_uart.o
                0x00000000080110f8                HAL_UART_Receive_IT
 .text.HAL_UART_Transmit_DMA
                0x00000000080111dc       0xa4 Thirdparty/STM32F0xx_HAL_Driver/Src/stm32f0xx_hal_uart.o
                0x00000000080111dc                HAL_UART_Transmit_DMA
 .text.HAL_UART_Receive_DMA
                0x0000000008011280       0x9c Thirdparty/STM32F0xx_HAL_Driver/Src/stm32f0xx_hal_uart.o
                0x0000000008011280                HAL_UART_Receive_DMA
 .text.UART_DMATransmitCplt
                0x000000000801131c       0x30 Thirdparty/STM32F0xx_HAL_Driver/Src/stm32f0xx_hal_uart.o
 .text.HAL_UART_TxHalfCpltCallback
                0x000000000801134c        0x2 Thirdparty/STM32F0xx_HAL_Driver/Src/stm32f0xx_hal_uart.o
                0x000000000801134c                HAL_UART_TxHalfCpltCallback
 .text.UART_DMATxHalfCplt
                0x000000000801134e        0xa Thirdparty/STM32F0xx_HAL_Driver/Src/stm32f0xx_hal_uart.o
 .text.UART_DMAReceiveCplt
                0x0000000008011358       0x3a Thirdparty/STM32F0xx_HAL_Driver/Src/stm32f0xx_hal_uart.o
 .text.HAL_UART_RxHalfCpltCallback
                0x0000000008011392        0x2 Thirdparty/STM32F0xx_HAL_Driver/Src/stm32f0xx_hal_uart.o
                0x0000000008011392                HAL_UART_RxHalfCpltCallback
 .text.UART_DMARxHalfCplt
                0x0000000008011394        0xa Thirdparty/STM32F0xx_HAL_Driver/Src/stm32f0xx_hal_uart.o
 .text.UART_DMAError
                0x000000000801139e       0x22 Thirdparty/STM32F0xx_HAL_Driver/Src/stm32f0xx_hal_uart.o
 .text.UART_SetConfig
                0x00000000080113c0      0x238 Thirdparty/STM32F0xx_HAL_Driver/Src/stm32f0xx_hal_uart.o
                0x00000000080113c0                UART_SetConfig
 .text.UART_AdvFeatureConfig
                0x00000000080115f8       0xe0 Thirdparty/STM32F0xx_HAL_Driver/Src/stm32f0xx_hal_uart.o
                0x00000000080115f8                UART_AdvFeatureConfig
 .text.UART_WaitOnFlagUntilTimeout
                0x00000000080116d8       0xd0 Thirdparty/STM32F0xx_HAL_Driver/Src/stm32f0xx_hal_uart.o
                0x00000000080116d8                UART_WaitOnFlagUntilTimeout
 .text.HAL_UART_Transmit
                0x00000000080117a8       0xde Thirdparty/STM32F0xx_HAL_Driver/Src/stm32f0xx_hal_uart.o
                0x00000000080117a8                HAL_UART_Transmit
 *fill*         0x0000000008011886        0x2 
 .text.UART_CheckIdleState
                0x0000000008011888       0x78 Thirdparty/STM32F0xx_HAL_Driver/Src/stm32f0xx_hal_uart.o
                0x0000000008011888                UART_CheckIdleState
 .text.HAL_UART_Init
                0x0000000008011900       0x70 Thirdparty/STM32F0xx_HAL_Driver/Src/stm32f0xx_hal_uart.o
                0x0000000008011900                HAL_UART_Init
 .text.UART_Transmit_IT
                0x0000000008011970       0x70 Thirdparty/STM32F0xx_HAL_Driver/Src/stm32f0xx_hal_uart.o
                0x0000000008011970                UART_Transmit_IT
 .text.UART_EndTransmit_IT
                0x00000000080119e0       0x32 Thirdparty/STM32F0xx_HAL_Driver/Src/stm32f0xx_hal_uart.o
                0x00000000080119e0                UART_EndTransmit_IT
 *fill*         0x0000000008011a12        0x2 
 .text.UART_Receive_IT
                0x0000000008011a14       0x9c Thirdparty/STM32F0xx_HAL_Driver/Src/stm32f0xx_hal_uart.o
                0x0000000008011a14                UART_Receive_IT
 .text.HAL_UARTEx_WakeupCallback
                0x0000000008011ab0        0x2 Thirdparty/STM32F0xx_HAL_Driver/Src/stm32f0xx_hal_uart_ex.o
                0x0000000008011ab0                HAL_UARTEx_WakeupCallback
 .text.HAL_UART_IRQHandler
                0x0000000008011ab2       0xfc Thirdparty/STM32F0xx_HAL_Driver/Src/stm32f0xx_hal_uart_ex.o
                0x0000000008011ab2                HAL_UART_IRQHandler
 .text.main     0x0000000008011bae       0x18 User/main.o
                0x0000000008011bae                main
 .text.UserTask
                0x0000000008011bc6        0x2 User/main.o
                0x0000000008011bc6                UserTask
 .text.atof     0x0000000008011bc8        0xa c:/st/stm32cubeide_1.2.0/stm32cubeide/plugins/com.st.stm32cube.ide.mcu.externaltools.gnu-tools-for-stm32.9-2020-q2-update.win32_1.5.0.202011040924/tools/bin/../lib/gcc/arm-none-eabi/9.3.1/../../../../arm-none-eabi/lib/thumb/v6-m/nofp\libc.a(lib_a-atof.o)
                0x0000000008011bc8                atof
 .text.atoi     0x0000000008011bd2        0xc c:/st/stm32cubeide_1.2.0/stm32cubeide/plugins/com.st.stm32cube.ide.mcu.externaltools.gnu-tools-for-stm32.9-2020-q2-update.win32_1.5.0.202011040924/tools/bin/../lib/gcc/arm-none-eabi/9.3.1/../../../../arm-none-eabi/lib/thumb/v6-m/nofp\libc.a(lib_a-atoi.o)
                0x0000000008011bd2                atoi
 .text.atol     0x0000000008011bde        0xc c:/st/stm32cubeide_1.2.0/stm32cubeide/plugins/com.st.stm32cube.ide.mcu.externaltools.gnu-tools-for-stm32.9-2020-q2-update.win32_1.5.0.202011040924/tools/bin/../lib/gcc/arm-none-eabi/9.3.1/../../../../arm-none-eabi/lib/thumb/v6-m/nofp\libc.a(lib_a-atol.o)
                0x0000000008011bde                atol
 *fill*         0x0000000008011bea        0x2 
 .text.__libc_init_array
                0x0000000008011bec       0x48 c:/st/stm32cubeide_1.2.0/stm32cubeide/plugins/com.st.stm32cube.ide.mcu.externaltools.gnu-tools-for-stm32.9-2020-q2-update.win32_1.5.0.202011040924/tools/bin/../lib/gcc/arm-none-eabi/9.3.1/../../../../arm-none-eabi/lib/thumb/v6-m/nofp\libc.a(lib_a-init.o)
                0x0000000008011bec                __libc_init_array
 .text.malloc   0x0000000008011c34       0x14 c:/st/stm32cubeide_1.2.0/stm32cubeide/plugins/com.st.stm32cube.ide.mcu.externaltools.gnu-tools-for-stm32.9-2020-q2-update.win32_1.5.0.202011040924/tools/bin/../lib/gcc/arm-none-eabi/9.3.1/../../../../arm-none-eabi/lib/thumb/v6-m/nofp\libc.a(lib_a-malloc.o)
                0x0000000008011c34                malloc
 .text.free     0x0000000008011c48       0x14 c:/st/stm32cubeide_1.2.0/stm32cubeide/plugins/com.st.stm32cube.ide.mcu.externaltools.gnu-tools-for-stm32.9-2020-q2-update.win32_1.5.0.202011040924/tools/bin/../lib/gcc/arm-none-eabi/9.3.1/../../../../arm-none-eabi/lib/thumb/v6-m/nofp\libc.a(lib_a-malloc.o)
                0x0000000008011c48                free
 .text._malloc_r
                0x0000000008011c5c      0x428 c:/st/stm32cubeide_1.2.0/stm32cubeide/plugins/com.st.stm32cube.ide.mcu.externaltools.gnu-tools-for-stm32.9-2020-q2-update.win32_1.5.0.202011040924/tools/bin/../lib/gcc/arm-none-eabi/9.3.1/../../../../arm-none-eabi/lib/thumb/v6-m/nofp\libc.a(lib_a-mallocr.o)
                0x0000000008011c5c                _malloc_r
 .text.memcmp   0x0000000008012084       0x1c c:/st/stm32cubeide_1.2.0/stm32cubeide/plugins/com.st.stm32cube.ide.mcu.externaltools.gnu-tools-for-stm32.9-2020-q2-update.win32_1.5.0.202011040924/tools/bin/../lib/gcc/arm-none-eabi/9.3.1/../../../../arm-none-eabi/lib/thumb/v6-m/nofp\libc.a(lib_a-memcmp.o)
                0x0000000008012084                memcmp
 .text.memcpy   0x00000000080120a0       0x12 c:/st/stm32cubeide_1.2.0/stm32cubeide/plugins/com.st.stm32cube.ide.mcu.externaltools.gnu-tools-for-stm32.9-2020-q2-update.win32_1.5.0.202011040924/tools/bin/../lib/gcc/arm-none-eabi/9.3.1/../../../../arm-none-eabi/lib/thumb/v6-m/nofp\libc.a(lib_a-memcpy-stub.o)
                0x00000000080120a0                memcpy
 .text.memset   0x00000000080120b2       0x10 c:/st/stm32cubeide_1.2.0/stm32cubeide/plugins/com.st.stm32cube.ide.mcu.externaltools.gnu-tools-for-stm32.9-2020-q2-update.win32_1.5.0.202011040924/tools/bin/../lib/gcc/arm-none-eabi/9.3.1/../../../../arm-none-eabi/lib/thumb/v6-m/nofp\libc.a(lib_a-memset.o)
                0x00000000080120b2                memset
 *fill*         0x00000000080120c2        0x2 
 .text.__malloc_lock
                0x00000000080120c4       0x10 c:/st/stm32cubeide_1.2.0/stm32cubeide/plugins/com.st.stm32cube.ide.mcu.externaltools.gnu-tools-for-stm32.9-2020-q2-update.win32_1.5.0.202011040924/tools/bin/../lib/gcc/arm-none-eabi/9.3.1/../../../../arm-none-eabi/lib/thumb/v6-m/nofp\libc.a(lib_a-mlock.o)
                0x00000000080120c4                __malloc_lock
 .text.__malloc_unlock
                0x00000000080120d4       0x10 c:/st/stm32cubeide_1.2.0/stm32cubeide/plugins/com.st.stm32cube.ide.mcu.externaltools.gnu-tools-for-stm32.9-2020-q2-update.win32_1.5.0.202011040924/tools/bin/../lib/gcc/arm-none-eabi/9.3.1/../../../../arm-none-eabi/lib/thumb/v6-m/nofp\libc.a(lib_a-mlock.o)
                0x00000000080120d4                __malloc_unlock
 .text.rand     0x00000000080120e4       0x34 c:/st/stm32cubeide_1.2.0/stm32cubeide/plugins/com.st.stm32cube.ide.mcu.externaltools.gnu-tools-for-stm32.9-2020-q2-update.win32_1.5.0.202011040924/tools/bin/../lib/gcc/arm-none-eabi/9.3.1/../../../../arm-none-eabi/lib/thumb/v6-m/nofp\libc.a(lib_a-rand.o)
                0x00000000080120e4                rand
 .text.realloc  0x0000000008012118       0x14 c:/st/stm32cubeide_1.2.0/stm32cubeide/plugins/com.st.stm32cube.ide.mcu.externaltools.gnu-tools-for-stm32.9-2020-q2-update.win32_1.5.0.202011040924/tools/bin/../lib/gcc/arm-none-eabi/9.3.1/../../../../arm-none-eabi/lib/thumb/v6-m/nofp\libc.a(lib_a-realloc.o)
                0x0000000008012118                realloc
 .text._realloc_r
                0x000000000801212c      0x34c c:/st/stm32cubeide_1.2.0/stm32cubeide/plugins/com.st.stm32cube.ide.mcu.externaltools.gnu-tools-for-stm32.9-2020-q2-update.win32_1.5.0.202011040924/tools/bin/../lib/gcc/arm-none-eabi/9.3.1/../../../../arm-none-eabi/lib/thumb/v6-m/nofp\libc.a(lib_a-reallocr.o)
                0x000000000801212c                _realloc_r
 .text._sbrk_r  0x0000000008012478       0x24 c:/st/stm32cubeide_1.2.0/stm32cubeide/plugins/com.st.stm32cube.ide.mcu.externaltools.gnu-tools-for-stm32.9-2020-q2-update.win32_1.5.0.202011040924/tools/bin/../lib/gcc/arm-none-eabi/9.3.1/../../../../arm-none-eabi/lib/thumb/v6-m/nofp\libc.a(lib_a-sbrkr.o)
                0x0000000008012478                _sbrk_r
 .text.sprintf  0x000000000801249c       0x40 c:/st/stm32cubeide_1.2.0/stm32cubeide/plugins/com.st.stm32cube.ide.mcu.externaltools.gnu-tools-for-stm32.9-2020-q2-update.win32_1.5.0.202011040924/tools/bin/../lib/gcc/arm-none-eabi/9.3.1/../../../../arm-none-eabi/lib/thumb/v6-m/nofp\libc.a(lib_a-sprintf.o)
                0x000000000801249c                sprintf
 .text.strcat   0x00000000080124dc       0x1a c:/st/stm32cubeide_1.2.0/stm32cubeide/plugins/com.st.stm32cube.ide.mcu.externaltools.gnu-tools-for-stm32.9-2020-q2-update.win32_1.5.0.202011040924/tools/bin/../lib/gcc/arm-none-eabi/9.3.1/../../../../arm-none-eabi/lib/thumb/v6-m/nofp\libc.a(lib_a-strcat.o)
                0x00000000080124dc                strcat
 .text.strchr   0x00000000080124f6       0x1c c:/st/stm32cubeide_1.2.0/stm32cubeide/plugins/com.st.stm32cube.ide.mcu.externaltools.gnu-tools-for-stm32.9-2020-q2-update.win32_1.5.0.202011040924/tools/bin/../lib/gcc/arm-none-eabi/9.3.1/../../../../arm-none-eabi/lib/thumb/v6-m/nofp\libc.a(lib_a-strchr.o)
                0x00000000080124f6                strchr
 .text.strcpy   0x0000000008012512       0x10 c:/st/stm32cubeide_1.2.0/stm32cubeide/plugins/com.st.stm32cube.ide.mcu.externaltools.gnu-tools-for-stm32.9-2020-q2-update.win32_1.5.0.202011040924/tools/bin/../lib/gcc/arm-none-eabi/9.3.1/../../../../arm-none-eabi/lib/thumb/v6-m/nofp\libc.a(lib_a-strcpy.o)
                0x0000000008012512                strcpy
 .text.strncmp  0x0000000008012522       0x22 c:/st/stm32cubeide_1.2.0/stm32cubeide/plugins/com.st.stm32cube.ide.mcu.externaltools.gnu-tools-for-stm32.9-2020-q2-update.win32_1.5.0.202011040924/tools/bin/../lib/gcc/arm-none-eabi/9.3.1/../../../../arm-none-eabi/lib/thumb/v6-m/nofp\libc.a(lib_a-strncmp.o)
                0x0000000008012522                strncmp
 .text.strncpy  0x0000000008012544       0x28 c:/st/stm32cubeide_1.2.0/stm32cubeide/plugins/com.st.stm32cube.ide.mcu.externaltools.gnu-tools-for-stm32.9-2020-q2-update.win32_1.5.0.202011040924/tools/bin/../lib/gcc/arm-none-eabi/9.3.1/../../../../arm-none-eabi/lib/thumb/v6-m/nofp\libc.a(lib_a-strncpy.o)
                0x0000000008012544                strncpy
 .text.sulp     0x000000000801256c       0x30 c:/st/stm32cubeide_1.2.0/stm32cubeide/plugins/com.st.stm32cube.ide.mcu.externaltools.gnu-tools-for-stm32.9-2020-q2-update.win32_1.5.0.202011040924/tools/bin/../lib/gcc/arm-none-eabi/9.3.1/../../../../arm-none-eabi/lib/thumb/v6-m/nofp\libc.a(lib_a-strtod.o)
 .text._strtod_l
                0x000000000801259c      0xc48 c:/st/stm32cubeide_1.2.0/stm32cubeide/plugins/com.st.stm32cube.ide.mcu.externaltools.gnu-tools-for-stm32.9-2020-q2-update.win32_1.5.0.202011040924/tools/bin/../lib/gcc/arm-none-eabi/9.3.1/../../../../arm-none-eabi/lib/thumb/v6-m/nofp\libc.a(lib_a-strtod.o)
                0x000000000801259c                _strtod_l
 .text.strtod   0x00000000080131e4       0x1c c:/st/stm32cubeide_1.2.0/stm32cubeide/plugins/com.st.stm32cube.ide.mcu.externaltools.gnu-tools-for-stm32.9-2020-q2-update.win32_1.5.0.202011040924/tools/bin/../lib/gcc/arm-none-eabi/9.3.1/../../../../arm-none-eabi/lib/thumb/v6-m/nofp\libc.a(lib_a-strtod.o)
                0x00000000080131e4                strtod
 .text.strtok   0x0000000008013200       0x14 c:/st/stm32cubeide_1.2.0/stm32cubeide/plugins/com.st.stm32cube.ide.mcu.externaltools.gnu-tools-for-stm32.9-2020-q2-update.win32_1.5.0.202011040924/tools/bin/../lib/gcc/arm-none-eabi/9.3.1/../../../../arm-none-eabi/lib/thumb/v6-m/nofp\libc.a(lib_a-strtok.o)
                0x0000000008013200                strtok
 .text.__strtok_r
                0x0000000008013214       0x5e c:/st/stm32cubeide_1.2.0/stm32cubeide/plugins/com.st.stm32cube.ide.mcu.externaltools.gnu-tools-for-stm32.9-2020-q2-update.win32_1.5.0.202011040924/tools/bin/../lib/gcc/arm-none-eabi/9.3.1/../../../../arm-none-eabi/lib/thumb/v6-m/nofp\libc.a(lib_a-strtok_r.o)
                0x0000000008013214                __strtok_r
 *fill*         0x0000000008013272        0x2 
 .text._strtol_l.isra.0
                0x0000000008013274      0x11c c:/st/stm32cubeide_1.2.0/stm32cubeide/plugins/com.st.stm32cube.ide.mcu.externaltools.gnu-tools-for-stm32.9-2020-q2-update.win32_1.5.0.202011040924/tools/bin/../lib/gcc/arm-none-eabi/9.3.1/../../../../arm-none-eabi/lib/thumb/v6-m/nofp\libc.a(lib_a-strtol.o)
 .text.strtol   0x0000000008013390       0x18 c:/st/stm32cubeide_1.2.0/stm32cubeide/plugins/com.st.stm32cube.ide.mcu.externaltools.gnu-tools-for-stm32.9-2020-q2-update.win32_1.5.0.202011040924/tools/bin/../lib/gcc/arm-none-eabi/9.3.1/../../../../arm-none-eabi/lib/thumb/v6-m/nofp\libc.a(lib_a-strtol.o)
                0x0000000008013390                strtol
 .text._svfprintf_r
                0x00000000080133a8     0x1508 c:/st/stm32cubeide_1.2.0/stm32cubeide/plugins/com.st.stm32cube.ide.mcu.externaltools.gnu-tools-for-stm32.9-2020-q2-update.win32_1.5.0.202011040924/tools/bin/../lib/gcc/arm-none-eabi/9.3.1/../../../../arm-none-eabi/lib/thumb/v6-m/nofp\libc.a(lib_a-svfprintf.o)
                0x00000000080133a8                _svfprintf_r
 .text.sysconf  0x00000000080148b0       0x18 c:/st/stm32cubeide_1.2.0/stm32cubeide/plugins/com.st.stm32cube.ide.mcu.externaltools.gnu-tools-for-stm32.9-2020-q2-update.win32_1.5.0.202011040924/tools/bin/../lib/gcc/arm-none-eabi/9.3.1/../../../../arm-none-eabi/lib/thumb/v6-m/nofp\libc.a(lib_a-sysconf.o)
                0x00000000080148b0                sysconf
 .text.startup.register_fini
                0x00000000080148c8       0x18 c:/st/stm32cubeide_1.2.0/stm32cubeide/plugins/com.st.stm32cube.ide.mcu.externaltools.gnu-tools-for-stm32.9-2020-q2-update.win32_1.5.0.202011040924/tools/bin/../lib/gcc/arm-none-eabi/9.3.1/../../../../arm-none-eabi/lib/thumb/v6-m/nofp\libc.a(lib_a-__call_atexit.o)
 .text.atexit   0x00000000080148e0       0x10 c:/st/stm32cubeide_1.2.0/stm32cubeide/plugins/com.st.stm32cube.ide.mcu.externaltools.gnu-tools-for-stm32.9-2020-q2-update.win32_1.5.0.202011040924/tools/bin/../lib/gcc/arm-none-eabi/9.3.1/../../../../arm-none-eabi/lib/thumb/v6-m/nofp\libc.a(lib_a-atexit.o)
                0x00000000080148e0                atexit