Archive member included to satisfy reference by file (symbol)

C:/ST/STM32CubeIDE_1.17.0/STM32CubeIDE/plugins/com.st.stm32cube.ide.mcu.externaltools.gnu-tools-for-stm32.12.3.rel1.win32_1.1.0.202410251130/tools/bin/../lib/gcc/arm-none-eabi/12.3.1/../../../../arm-none-eabi/lib/thumb/v6-m/nofp\libc.a(libc_a-atof.o)
                              BOS\BOS_CLI.o (atof)
C:/ST/STM32CubeIDE_1.17.0/STM32CubeIDE/plugins/com.st.stm32cube.ide.mcu.externaltools.gnu-tools-for-stm32.12.3.rel1.win32_1.1.0.202410251130/tools/bin/../lib/gcc/arm-none-eabi/12.3.1/../../../../arm-none-eabi/lib/thumb/v6-m/nofp\libc.a(libc_a-atoi.o)
                              BOS\BOS_CLIcommands.o (atoi)
C:/ST/STM32CubeIDE_1.17.0/STM32CubeIDE/plugins/com.st.stm32cube.ide.mcu.externaltools.gnu-tools-for-stm32.12.3.rel1.win32_1.1.0.202410251130/tools/bin/../lib/gcc/arm-none-eabi/12.3.1/../../../../arm-none-eabi/lib/thumb/v6-m/nofp\libc.a(libc_a-atol.o)
                              BOS\BOS.o (atol)
C:/ST/STM32CubeIDE_1.17.0/STM32CubeIDE/plugins/com.st.stm32cube.ide.mcu.externaltools.gnu-tools-for-stm32.12.3.rel1.win32_1.1.0.202410251130/tools/bin/../lib/gcc/arm-none-eabi/12.3.1/../../../../arm-none-eabi/lib/thumb/v6-m/nofp\libc.a(libc_a-exit.o)
                              C:/ST/STM32CubeIDE_1.17.0/STM32CubeIDE/plugins/com.st.stm32cube.ide.mcu.externaltools.gnu-tools-for-stm32.12.3.rel1.win32_1.1.0.202410251130/tools/bin/../lib/gcc/arm-none-eabi/12.3.1/../../../../arm-none-eabi/lib/thumb/v6-m/nofp/crt0.o (exit)
C:/ST/STM32CubeIDE_1.17.0/STM32CubeIDE/plugins/com.st.stm32cube.ide.mcu.externaltools.gnu-tools-for-stm32.12.3.rel1.win32_1.1.0.202410251130/tools/bin/../lib/gcc/arm-none-eabi/12.3.1/../../../../arm-none-eabi/lib/thumb/v6-m/nofp\libc.a(libc_a-malloc.o)
                              BOS\BOS.o (malloc)
C:/ST/STM32CubeIDE_1.17.0/STM32CubeIDE/plugins/com.st.stm32cube.ide.mcu.externaltools.gnu-tools-for-stm32.12.3.rel1.win32_1.1.0.202410251130/tools/bin/../lib/gcc/arm-none-eabi/12.3.1/../../../../arm-none-eabi/lib/thumb/v6-m/nofp\libc.a(libc_a-mallocr.o)
                              C:/ST/STM32CubeIDE_1.17.0/STM32CubeIDE/plugins/com.st.stm32cube.ide.mcu.externaltools.gnu-tools-for-stm32.12.3.rel1.win32_1.1.0.202410251130/tools/bin/../lib/gcc/arm-none-eabi/12.3.1/../../../../arm-none-eabi/lib/thumb/v6-m/nofp\libc.a(libc_a-malloc.o) (_malloc_r)
C:/ST/STM32CubeIDE_1.17.0/STM32CubeIDE/plugins/com.st.stm32cube.ide.mcu.externaltools.gnu-tools-for-stm32.12.3.rel1.win32_1.1.0.202410251130/tools/bin/../lib/gcc/arm-none-eabi/12.3.1/../../../../arm-none-eabi/lib/thumb/v6-m/nofp\libc.a(libc_a-mlock.o)
                              C:/ST/STM32CubeIDE_1.17.0/STM32CubeIDE/plugins/com.st.stm32cube.ide.mcu.externaltools.gnu-tools-for-stm32.12.3.rel1.win32_1.1.0.202410251130/tools/bin/../lib/gcc/arm-none-eabi/12.3.1/../../../../arm-none-eabi/lib/thumb/v6-m/nofp\libc.a(libc_a-mallocr.o) (__malloc_lock)
C:/ST/STM32CubeIDE_1.17.0/STM32CubeIDE/plugins/com.st.stm32cube.ide.mcu.externaltools.gnu-tools-for-stm32.12.3.rel1.win32_1.1.0.202410251130/tools/bin/../lib/gcc/arm-none-eabi/12.3.1/../../../../arm-none-eabi/lib/thumb/v6-m/nofp\libc.a(libc_a-rand.o)
                              BOS\BOS_CLIcommands.o (rand)
C:/ST/STM32CubeIDE_1.17.0/STM32CubeIDE/plugins/com.st.stm32cube.ide.mcu.externaltools.gnu-tools-for-stm32.12.3.rel1.win32_1.1.0.202410251130/tools/bin/../lib/gcc/arm-none-eabi/12.3.1/../../../../arm-none-eabi/lib/thumb/v6-m/nofp\libc.a(libc_a-realloc.o)
                              BOS\BOS_CLI.o (realloc)
C:/ST/STM32CubeIDE_1.17.0/STM32CubeIDE/plugins/com.st.stm32cube.ide.mcu.externaltools.gnu-tools-for-stm32.12.3.rel1.win32_1.1.0.202410251130/tools/bin/../lib/gcc/arm-none-eabi/12.3.1/../../../../arm-none-eabi/lib/thumb/v6-m/nofp\libc.a(libc_a-reallocr.o)
                              C:/ST/STM32CubeIDE_1.17.0/STM32CubeIDE/plugins/com.st.stm32cube.ide.mcu.externaltools.gnu-tools-for-stm32.12.3.rel1.win32_1.1.0.202410251130/tools/bin/../lib/gcc/arm-none-eabi/12.3.1/../../../../arm-none-eabi/lib/thumb/v6-m/nofp\libc.a(libc_a-realloc.o) (_realloc_r)
C:/ST/STM32CubeIDE_1.17.0/STM32CubeIDE/plugins/com.st.stm32cube.ide.mcu.externaltools.gnu-tools-for-stm32.12.3.rel1.win32_1.1.0.202410251130/tools/bin/../lib/gcc/arm-none-eabi/12.3.1/../../../../arm-none-eabi/lib/thumb/v6-m/nofp\libc.a(libc_a-strtod.o)
                              C:/ST/STM32CubeIDE_1.17.0/STM32CubeIDE/plugins/com.st.stm32cube.ide.mcu.externaltools.gnu-tools-for-stm32.12.3.rel1.win32_1.1.0.202410251130/tools/bin/../lib/gcc/arm-none-eabi/12.3.1/../../../../arm-none-eabi/lib/thumb/v6-m/nofp\libc.a(libc_a-atof.o) (strtod)
C:/ST/STM32CubeIDE_1.17.0/STM32CubeIDE/plugins/com.st.stm32cube.ide.mcu.externaltools.gnu-tools-for-stm32.12.3.rel1.win32_1.1.0.202410251130/tools/bin/../lib/gcc/arm-none-eabi/12.3.1/../../../../arm-none-eabi/lib/thumb/v6-m/nofp\libc.a(libc_a-strtol.o)
[...]
Memory Configuration

Name             Origin             Length             Attributes
RAM              0x20000000         0x00024000         xrw
FLASH            0x08000000         0x00080000         xr
*default*        0x00000000         0xffffffff

Linker script and memory map

LOAD C:/ST/STM32CubeIDE_1.17.0/STM32CubeIDE/plugins/com.st.stm32cube.ide.mcu.externaltools.gnu-tools-for-stm32.12.3.rel1.win32_1.1.0.202410251130/tools/bin/../lib/gcc/arm-none-eabi/12.3.1/thumb/v6-m/nofp/crti.o
LOAD C:/ST/STM32CubeIDE_1.17.0/STM32CubeIDE/plugins/com.st.stm32cube.ide.mcu.externaltools.gnu-tools-for-stm32.12.3.rel1.win32_1.1.0.202410251130/tools/bin/../lib/gcc/arm-none-eabi/12.3.1/thumb/v6-m/nofp/crtbegin.o
LOAD C:/ST/STM32CubeIDE_1.17.0/STM32CubeIDE/plugins/com.st.stm32cube.ide.mcu.externaltools.gnu-tools-for-stm32.12.3.rel1.win32_1.1.0.202410251130/tools/bin/../lib/gcc/arm-none-eabi/12.3.1/../../../../arm-none-eabi/lib/thumb/v6-m/nofp/crt0.o
LOAD BOS\BOS.o
LOAD BOS\BOS_CLI.o
LOAD BOS\BOS_CLIcommands.o
LOAD BOS\BOS_dma.o
LOAD BOS\BOS_freertos.o
LOAD BOS\BOS_messaging.o
LOAD BOS\BOS_msgparser.o
LOAD H1DR1\H1DR1.o
LOAD H1DR1\H1DR1_dma.o
LOAD H1DR1\H1DR1_eeprom.o
LOAD H1DR1\H1DR1_gpio.o
LOAD H1DR1\H1DR1_inputs.o
LOAD H1DR1\H1DR1_it.o
LOAD H1DR1\H1DR1_rtc.o
LOAD H1DR1\H1DR1_timers.o
LOAD H1DR1\H1DR1_uart.o
LOAD H1DR1\startup_stm32g0b1ceuxn.o
LOAD M_Master\Src\mbm.o
LOAD M_Master\Src\mbmascii.o
LOAD M_Master\Src\mbmcrc.o
LOAD M_Master\Src\mbmfunccoils.o
LOAD M_Master\Src\mbmfunccustom1.o
LOAD M_Master\Src\mbmfuncdisc.o
LOAD M_Master\Src\mbmfuncfiles.o
LOAD M_Master\Src\mbmfuncholding.o
LOAD M_Master\Src\mbmfuncinput.o
LOAD M_Master\Src\mbmfuncraw.o
LOAD M_Master\Src\mbmfuncslaveid.o
LOAD M_Master\Src\mbmrtu.o
LOAD M_Master\Src\mbmtcp.o
LOAD M_Master\Src\mbmudp.o
LOAD M_Master\Src\mbportevent.o
LOAD M_Master\Src\mbportother.o
LOAD M_Master\Src\mbportserial.o
LOAD M_Master\Src\mbporttimer.o
LOAD M_Master\Src\mbutils.o
LOAD Thirdparty\CMSIS\STM32G0xx\Device\ST\STM32G0xx\Source\Templates\system_stm32g0xx.o
LOAD Thirdparty\EEPROM_Emul\Core\eeprom_emul.o
LOAD Thirdparty\EEPROM_Emul\Porting\STM32G0\flash_interface.o
LOAD Thirdparty\Middleware\STM32G0xx\FreeRTOS\Source\CMSIS_RTOS\cmsis_os.o
LOAD Thirdparty\Middleware\STM32G0xx\FreeRTOS\Source\FreeRTOS_CLI.o
LOAD Thirdparty\Middleware\STM32G0xx\FreeRTOS\Source\croutine.o
LOAD Thirdparty\Middleware\STM32G0xx\FreeRTOS\Source\event_groups.o
LOAD Thirdparty\Middleware\STM32G0xx\FreeRTOS\Source\list.o
LOAD Thirdparty\Middleware\STM32G0xx\FreeRTOS\Source\portable\GCC\ARM_CM0\port.o
LOAD Thirdparty\Middleware\STM32G0xx\FreeRTOS\Source\portable\MemMang\heap_4.o
LOAD Thirdparty\Middleware\STM32G0xx\FreeRTOS\Source\queue.o
LOAD Thirdparty\Middleware\STM32G0xx\FreeRTOS\Source\stream_buffer.o
LOAD Thirdparty\Middleware\STM32G0xx\FreeRTOS\Source\tasks.o
LOAD Thirdparty\Middleware\STM32G0xx\FreeRTOS\Source\timers.o
LOAD Thirdparty\STM32G0xx_HAL_Driver\Src\stm32g0xx_hal.o
LOAD Thirdparty\STM32G0xx_HAL_Driver\Src\stm32g0xx_hal_adc.o
LOAD Thirdparty\STM32G0xx_HAL_Driver\Src\stm32g0xx_hal_adc_ex.o
LOAD Thirdparty\STM32G0xx_HAL_Driver\Src\stm32g0xx_hal_cec.o
LOAD Thirdparty\STM32G0xx_HAL_Driver\Src\stm32g0xx_hal_comp.o
LOAD Thirdparty\STM32G0xx_HAL_Driver\Src\stm32g0xx_hal_cortex.o
LOAD Thirdparty\STM32G0xx_HAL_Driver\Src\stm32g0xx_hal_crc.o
LOAD Thirdparty\STM32G0xx_HAL_Driver\Src\stm32g0xx_hal_crc_ex.o
LOAD Thirdparty\STM32G0xx_HAL_Driver\Src\stm32g0xx_hal_cryp.o
LOAD Thirdparty\STM32G0xx_HAL_Driver\Src\stm32g0xx_hal_cryp_ex.o
LOAD Thirdparty\STM32G0xx_HAL_Driver\Src\stm32g0xx_hal_dac.o
LOAD Thirdparty\STM32G0xx_HAL_Driver\Src\stm32g0xx_hal_dac_ex.o
LOAD Thirdparty\STM32G0xx_HAL_Driver\Src\stm32g0xx_hal_dma.o
LOAD Thirdparty\STM32G0xx_HAL_Driver\Src\stm32g0xx_hal_dma_ex.o
LOAD Thirdparty\STM32G0xx_HAL_Driver\Src\stm32g0xx_hal_exti.o
LOAD Thirdparty\STM32G0xx_HAL_Driver\Src\stm32g0xx_hal_fdcan.o
LOAD Thirdparty\STM32G0xx_HAL_Driver\Src\stm32g0xx_hal_flash.o
LOAD Thirdparty\STM32G0xx_HAL_Driver\Src\stm32g0xx_hal_flash_ex.o
LOAD Thirdparty\STM32G0xx_HAL_Driver\Src\stm32g0xx_hal_gpio.o
LOAD Thirdparty\STM32G0xx_HAL_Driver\Src\stm32g0xx_hal_hcd.o
LOAD Thirdparty\STM32G0xx_HAL_Driver\Src\stm32g0xx_hal_i2c.o
LOAD Thirdparty\STM32G0xx_HAL_Driver\Src\stm32g0xx_hal_i2c_ex.o
LOAD Thirdparty\STM32G0xx_HAL_Driver\Src\stm32g0xx_hal_i2s.o
LOAD Thirdparty\STM32G0xx_HAL_Driver\Src\stm32g0xx_hal_irda.o
LOAD Thirdparty\STM32G0xx_HAL_Driver\Src\stm32g0xx_hal_iwdg.o
LOAD Thirdparty\STM32G0xx_HAL_Driver\Src\stm32g0xx_hal_lptim.o
LOAD Thirdparty\STM32G0xx_HAL_Driver\Src\stm32g0xx_hal_msp_template.o
LOAD Thirdparty\STM32G0xx_HAL_Driver\Src\stm32g0xx_hal_pcd.o
LOAD Thirdparty\STM32G0xx_HAL_Driver\Src\stm32g0xx_hal_pcd_ex.o
LOAD Thirdparty\STM32G0xx_HAL_Driver\Src\stm32g0xx_hal_pwr.o
LOAD Thirdparty\STM32G0xx_HAL_Driver\Src\stm32g0xx_hal_pwr_ex.o
LOAD Thirdparty\STM32G0xx_HAL_Driver\Src\stm32g0xx_hal_rcc.o
LOAD Thirdparty\STM32G0xx_HAL_Driver\Src\stm32g0xx_hal_rcc_ex.o
LOAD Thirdparty\STM32G0xx_HAL_Driver\Src\stm32g0xx_hal_rng.o
LOAD Thirdparty\STM32G0xx_HAL_Driver\Src\stm32g0xx_hal_rtc.o
LOAD Thirdparty\STM32G0xx_HAL_Driver\Src\stm32g0xx_hal_rtc_ex.o
LOAD Thirdparty\STM32G0xx_HAL_Driver\Src\stm32g0xx_hal_smartcard.o
LOAD Thirdparty\STM32G0xx_HAL_Driver\Src\stm32g0xx_hal_smartcard_ex.o
LOAD Thirdparty\STM32G0xx_HAL_Driver\Src\stm32g0xx_hal_smbus.o
LOAD Thirdparty\STM32G0xx_HAL_Driver\Src\stm32g0xx_hal_smbus_ex.o
LOAD Thirdparty\STM32G0xx_HAL_Driver\Src\stm32g0xx_hal_spi.o
LOAD Thirdparty\STM32G0xx_HAL_Driver\Src\stm32g0xx_hal_spi_ex.o
LOAD Thirdparty\STM32G0xx_HAL_Driver\Src\stm32g0xx_hal_tim.o
LOAD Thirdparty\STM32G0xx_HAL_Driver\Src\stm32g0xx_hal_tim_ex.o
LOAD Thirdparty\STM32G0xx_HAL_Driver\Src\stm32g0xx_hal_uart.o
LOAD Thirdparty\STM32G0xx_HAL_Driver\Src\stm32g0xx_hal_uart_ex.o
LOAD Thirdparty\STM32G0xx_HAL_Driver\Src\stm32g0xx_hal_usart.o
LOAD Thirdparty\STM32G0xx_HAL_Driver\Src\stm32g0xx_hal_usart_ex.o
LOAD Thirdparty\STM32G0xx_HAL_Driver\Src\stm32g0xx_hal_wwdg.o
LOAD Thirdparty\STM32G0xx_HAL_Driver\Src\stm32g0xx_ll_adc.o
LOAD Thirdparty\STM32G0xx_HAL_Driver\Src\stm32g0xx_ll_comp.o
LOAD Thirdparty\STM32G0xx_HAL_Driver\Src\stm32g0xx_ll_crc.o
LOAD Thirdparty\STM32G0xx_HAL_Driver\Src\stm32g0xx_ll_crs.o
LOAD Thirdparty\STM32G0xx_HAL_Driver\Src\stm32g0xx_ll_dac.o
LOAD Thirdparty\STM32G0xx_HAL_Driver\Src\stm32g0xx_ll_dma.o
LOAD Thirdparty\STM32G0xx_HAL_Driver\Src\stm32g0xx_ll_exti.o
LOAD Thirdparty\STM32G0xx_HAL_Driver\Src\stm32g0xx_ll_gpio.o
LOAD Thirdparty\STM32G0xx_HAL_Driver\Src\stm32g0xx_ll_i2c.o
LOAD Thirdparty\STM32G0xx_HAL_Driver\Src\stm32g0xx_ll_lptim.o
LOAD Thirdparty\STM32G0xx_HAL_Driver\Src\stm32g0xx_ll_lpuart.o
LOAD Thirdparty\STM32G0xx_HAL_Driver\Src\stm32g0xx_ll_pwr.o
LOAD Thirdparty\STM32G0xx_HAL_Driver\Src\stm32g0xx_ll_rcc.o
LOAD Thirdparty\STM32G0xx_HAL_Driver\Src\stm32g0xx_ll_rng.o
LOAD Thirdparty\STM32G0xx_HAL_Driver\Src\stm32g0xx_ll_rtc.o
LOAD Thirdparty\STM32G0xx_HAL_Driver\Src\stm32g0xx_ll_spi.o
LOAD Thirdparty\STM32G0xx_HAL_Driver\Src\stm32g0xx_ll_tim.o
LOAD Thirdparty\STM32G0xx_HAL_Driver\Src\stm32g0xx_ll_ucpd.o
LOAD Thirdparty\STM32G0xx_HAL_Driver\Src\stm32g0xx_ll_usart.o
LOAD Thirdparty\STM32G0xx_HAL_Driver\Src\stm32g0xx_ll_usb.o
LOAD Thirdparty\STM32G0xx_HAL_Driver\Src\stm32g0xx_ll_utils.o
LOAD User\main.o
LOAD syscalls.o
START GROUP
LOAD C:/ST/STM32CubeIDE_1.17.0/STM32CubeIDE/plugins/com.st.stm32cube.ide.mcu.externaltools.gnu-tools-for-stm32.12.3.rel1.win32_1.1.0.202410251130/tools/bin/../lib/gcc/arm-none-eabi/12.3.1/../../../../arm-none-eabi/lib/thumb/v6-m/nofp\libc.a
LOAD C:/ST/STM32CubeIDE_1.17.0/STM32CubeIDE/plugins/com.st.stm32cube.ide.mcu.externaltools.gnu-tools-for-stm32.12.3.rel1.win32_1.1.0.202410251130/tools/bin/../lib/gcc/arm-none-eabi/12.3.1/../../../../arm-none-eabi/lib/thumb/v6-m/nofp\libm.a
END GROUP
START GROUP
LOAD C:/ST/STM32CubeIDE_1.17.0/STM32CubeIDE/plugins/com.st.stm32cube.ide.mcu.externaltools.gnu-tools-for-stm32.12.3.rel1.win32_1.1.0.202410251130/tools/bin/../lib/gcc/arm-none-eabi/12.3.1/thumb/v6-m/nofp\libgcc.a
LOAD C:/ST/STM32CubeIDE_1.17.0/STM32CubeIDE/plugins/com.st.stm32cube.ide.mcu.externaltools.gnu-tools-for-stm32.12.3.rel1.win32_1.1.0.202410251130/tools/bin/../lib/gcc/arm-none-eabi/12.3.1/../../../../arm-none-eabi/lib/thumb/v6-m/nofp\libc.a
END GROUP
START GROUP
LOAD C:/ST/STM32CubeIDE_1.17.0/STM32CubeIDE/plugins/com.st.stm32cube.ide.mcu.externaltools.gnu-tools-for-stm32.12.3.rel1.win32_1.1.0.202410251130/tools/bin/../lib/gcc/arm-none-eabi/12.3.1/thumb/v6-m/nofp\libgcc.a
LOAD C:/ST/STM32CubeIDE_1.17.0/STM32CubeIDE/plugins/com.st.stm32cube.ide.mcu.externaltools.gnu-tools-for-stm32.12.3.rel1.win32_1.1.0.202410251130/tools/bin/../lib/gcc/arm-none-eabi/12.3.1/../../../../arm-none-eabi/lib/thumb/v6-m/nofp\libc.a
LOAD C:/ST/STM32CubeIDE_1.17.0/STM32CubeIDE/plugins/com.st.stm32cube.ide.mcu.externaltools.gnu-tools-for-stm32.12.3.rel1.win32_1.1.0.202410251130/tools/bin/../lib/gcc/arm-none-eabi/12.3.1/../../../../arm-none-eabi/lib/thumb/v6-m/nofp\libnosys.a
END GROUP
LOAD C:/ST/STM32CubeIDE_1.17.0/STM32CubeIDE/plugins/com.st.stm32cube.ide.mcu.externaltools.gnu-tools-for-stm32.12.3.rel1.win32_1.1.0.202410251130/tools/bin/../lib/gcc/arm-none-eabi/12.3.1/thumb/v6-m/nofp/crtend.o
LOAD C:/ST/STM32CubeIDE_1.17.0/STM32CubeIDE/plugins/com.st.stm32cube.ide.mcu.externaltools.gnu-tools-for-stm32.12.3.rel1.win32_1.1.0.202410251130/tools/bin/../lib/gcc/arm-none-eabi/12.3.1/thumb/v6-m/nofp/crtn.o
                0x20024000                        _estack = (ORIGIN (RAM) + LENGTH (RAM))
                0x00000200                        _Min_Heap_Size = 0x200
                0x00000400                        _Min_Stack_Size = 0x400

.isr_vector     0x08000000       0xbc
                0x08000000                        . = ALIGN (0x4)
 *(.isr_vector)
 .isr_vector    0x08000000       0xbc H1DR1\startup_stm32g0b1ceuxn.o
                0x08000000                g_pfnVectors
                0x080000bc                        . = ALIGN (0x4)

.text           0x080000c0    0x2c3d0
                0x080000c0                        . = ALIGN (0x4)
 *(.text)
 .text          0x080000c0       0x48 C:/ST/STM32CubeIDE_1.17.0/STM32CubeIDE/plugins/com.st.stm32cube.ide.mcu.externaltools.gnu-tools-for-stm32.12.3.rel1.win32_1.1.0.202410251130/tools/bin/../lib/gcc/arm-none-eabi/12.3.1/thumb/v6-m/nofp/crtbegin.o
 .text          0x08000108       0x14 C:/ST/STM32CubeIDE_1.17.0/STM32CubeIDE/plugins/com.st.stm32cube.ide.mcu.externaltools.gnu-tools-for-stm32.12.3.rel1.win32_1.1.0.202410251130/tools/bin/../lib/gcc/arm-none-eabi/12.3.1/../../../../arm-none-eabi/lib/thumb/v6-m/nofp\libc.a(libc_a-strcmp.o)
                0x08000108                strcmp
 .text          0x0800011c        0xe C:/ST/STM32CubeIDE_1.17.0/STM32CubeIDE/plugins/com.st.stm32cube.ide.mcu.externaltools.gnu-tools-for-stm32.12.3.rel1.win32_1.1.0.202410251130/tools/bin/../lib/gcc/arm-none-eabi/12.3.1/../../../../arm-none-eabi/lib/thumb/v6-m/nofp\libc.a(libc_a-strlen.o)
                0x0800011c                strlen
 *fill*         0x0800012a        0x2 
 .text          0x0800012c       0x14 C:/ST/STM32CubeIDE_1.17.0/STM32CubeIDE/plugins/com.st.stm32cube.ide.mcu.externaltools.gnu-tools-for-stm32.12.3.rel1.win32_1.1.0.202410251130/tools/bin/../lib/gcc/arm-none-eabi/12.3.1/thumb/v6-m/nofp\libgcc.a(_thumb1_case_uqi.o)
                0x0800012c                __gnu_thumb1_case_uqi
 .text          0x08000140       0x14 C:/ST/STM32CubeIDE_1.17.0/STM32CubeIDE/plugins/com.st.stm32cube.ide.mcu.externaltools.gnu-tools-for-stm32.12.3.rel1.win32_1.1.0.202410251130/tools/bin/../lib/gcc/arm-none-eabi/12.3.1/thumb/v6-m/nofp\libgcc.a(_thumb1_case_uhi.o)
                0x08000140                __gnu_thumb1_case_uhi
 .text          0x08000154      0x114 C:/ST/STM32CubeIDE_1.17.0/STM32CubeIDE/plugins/com.st.stm32cube.ide.mcu.externaltools.gnu-tools-for-stm32.12.3.rel1.win32_1.1.0.202410251130/tools/bin/../lib/gcc/arm-none-eabi/12.3.1/thumb/v6-m/nofp\libgcc.a(_udivsi3.o)
                0x08000154                __aeabi_uidiv
                0x08000154                __udivsi3
                0x08000260                __aeabi_uidivmod
 .text          0x08000268      0x1d4 C:/ST/STM32CubeIDE_1.17.0/STM32CubeIDE/plugins/com.st.stm32cube.ide.mcu.externaltools.gnu-tools-for-stm32.12.3.rel1.win32_1.1.0.202410251130/tools/bin/../lib/gcc/arm-none-eabi/12.3.1/thumb/v6-m/nofp\libgcc.a(_divsi3.o)
                0x08000268                __divsi3
                0x08000268                __aeabi_idiv
                0x08000434                __aeabi_idivmod
 .text          0x0800043c        0x4 C:/ST/STM32CubeIDE_1.17.0/STM32CubeIDE/plugins/com.st.stm32cube.ide.mcu.externaltools.gnu-tools-for-stm32.12.3.rel1.win32_1.1.0.202410251130/tools/bin/../lib/gcc/arm-none-eabi/12.3.1/thumb/v6-m/nofp\libgcc.a(_dvmd_tls.o)
                0x0800043c                __aeabi_idiv0
                0x0800043c                __aeabi_ldiv0
 .text          0x08000440       0x7c C:/ST/STM32CubeIDE_1.17.0/STM32CubeIDE/plugins/com.st.stm32cube.ide.mcu.externaltools.gnu-tools-for-stm32.12.3.rel1.win32_1.1.0.202410251130/tools/bin/../lib/gcc/arm-none-eabi/12.3.1/thumb/v6-m/nofp\libgcc.a(_arm_cmpdf2.o)
                0x08000440                __aeabi_cdrcmple
                0x08000450                __aeabi_cdcmple
                0x08000450                __aeabi_cdcmpeq
                0x08000460                __aeabi_dcmpeq
                0x0800046c                __aeabi_dcmplt
                0x08000480                __aeabi_dcmple
                0x08000494                __aeabi_dcmpgt
                0x080004a8                __aeabi_dcmpge
 .text          0x080004bc       0x74 C:/ST/STM32CubeIDE_1.17.0/STM32CubeIDE/plugins/com.st.stm32cube.ide.mcu.externaltools.gnu-tools-for-stm32.12.3.rel1.win32_1.1.0.202410251130/tools/bin/../lib/gcc/arm-none-eabi/12.3.1/thumb/v6-m/nofp\libgcc.a(_arm_cmpsf2.o)
                0x080004bc                __aeabi_cfrcmple
                0x080004c4                __aeabi_cfcmpeq
                0x080004c4                __aeabi_cfcmple
                0x080004d4                __aeabi_fcmpeq
                0x080004e0                __aeabi_fcmplt
                0x080004f4                __aeabi_fcmple
                0x08000508                __aeabi_fcmpgt
                0x0800051c                __aeabi_fcmpge
 .text          0x08000530       0x40 C:/ST/STM32CubeIDE_1.17.0/STM32CubeIDE/plugins/com.st.stm32cube.ide.mcu.externaltools.gnu-tools-for-stm32.12.3.rel1.win32_1.1.0.202410251130/tools/bin/../lib/gcc/arm-none-eabi/12.3.1/thumb/v6-m/nofp\libgcc.a(_aeabi_uldivmod.o)
                0x08000530                __aeabi_uldivmod
 .text          0x08000570       0x5c C:/ST/STM32CubeIDE_1.17.0/STM32CubeIDE/plugins/com.st.stm32cube.ide.mcu.externaltools.gnu-tools-for-stm32.12.3.rel1.win32_1.1.0.202410251130/tools/bin/../lib/gcc/arm-none-eabi/12.3.1/thumb/v6-m/nofp\libgcc.a(_muldi3.o)
                0x08000570                __muldi3
                0x08000570                __aeabi_lmul
 .text          0x080005cc       0x3c C:/ST/STM32CubeIDE_1.17.0/STM32CubeIDE/plugins/com.st.stm32cube.ide.mcu.externaltools.gnu-tools-for-stm32.12.3.rel1.win32_1.1.0.202410251130/tools/bin/../lib/gcc/arm-none-eabi/12.3.1/thumb/v6-m/nofp\libgcc.a(_fixunsdfsi.o)
                0x080005cc                __aeabi_d2uiz
                0x080005cc                __fixunsdfsi
 .text          0x08000608       0x38 C:/ST/STM32CubeIDE_1.17.0/STM32CubeIDE/plugins/com.st.stm32cube.ide.mcu.externaltools.gnu-tools-for-stm32.12.3.rel1.win32_1.1.0.202410251130/tools/bin/../lib/gcc/arm-none-eabi/12.3.1/thumb/v6-m/nofp\libgcc.a(_fixdfdi.o)
                0x08000608                __fixdfdi
                0x08000608                __aeabi_d2lz
 .text          0x08000640       0x3c C:/ST/STM32CubeIDE_1.17.0/STM32CubeIDE/plugins/com.st.stm32cube.ide.mcu.externaltools.gnu-tools-for-stm32.12.3.rel1.win32_1.1.0.202410251130/tools/bin/../lib/gcc/arm-none-eabi/12.3.1/thumb/v6-m/nofp\libgcc.a(_fixunsdfdi.o)
                0x08000640                __fixunsdfdi
                0x08000640                __aeabi_d2ulz
 .text          0x0800067c       0x2c C:/ST/STM32CubeIDE_1.17.0/STM32CubeIDE/plugins/com.st.stm32cube.ide.mcu.externaltools.gnu-tools-for-stm32.12.3.rel1.win32_1.1.0.202410251130/tools/bin/../lib/gcc/arm-none-eabi/12.3.1/thumb/v6-m/nofp\libgcc.a(_floatdidf.o)
                0x0800067c                __aeabi_l2d
                0x0800067c                __floatdidf
 .text          0x080006a8      0x198 C:/ST/STM32CubeIDE_1.17.0/STM32CubeIDE/plugins/com.st.stm32cube.ide.mcu.externaltools.gnu-tools-for-stm32.12.3.rel1.win32_1.1.0.202410251130/tools/bin/../lib/gcc/arm-none-eabi/12.3.1/thumb/v6-m/nofp\libgcc.a(_udivmoddi4.o)
                0x080006a8                __udivmoddi4
 .text          0x08000840      0x240 C:/ST/STM32CubeIDE_1.17.0/STM32CubeIDE/plugins/com.st.stm32cube.ide.mcu.externaltools.gnu-tools-for-stm32.12.3.rel1.win32_1.1.0.202410251130/tools/bin/../lib/gcc/arm-none-eabi/12.3.1/thumb/v6-m/nofp\libgcc.a(divsf3.o)
                0x08000840                __aeabi_fdiv
 .text          0x08000a80       0x50 C:/ST/STM32CubeIDE_1.17.0/STM32CubeIDE/plugins/com.st.stm32cube.ide.mcu.externaltools.gnu-tools-for-stm32.12.3.rel1.win32_1.1.0.202410251130/tools/bin/../lib/gcc/arm-none-eabi/12.3.1/thumb/v6-m/nofp\libgcc.a(eqsf2.o)
                0x08000a80                __eqsf2
                0x08000a80                __nesf2
 .text          0x08000ad0       0xa0 C:/ST/STM32CubeIDE_1.17.0/STM32CubeIDE/plugins/com.st.stm32cube.ide.mcu.externaltools.gnu-tools-for-stm32.12.3.rel1.win32_1.1.0.202410251130/tools/bin/../lib/gcc/arm-none-eabi/12.3.1/thumb/v6-m/nofp\libgcc.a(gesf2.o)
                0x08000ad0                __gesf2
                0x08000ad0                __gtsf2
 .text          0x08000b70       0x9c C:/ST/STM32CubeIDE_1.17.0/STM32CubeIDE/plugins/com.st.stm32cube.ide.mcu.externaltools.gnu-tools-for-stm32.12.3.rel1.win32_1.1.0.202410251130/tools/bin/../lib/gcc/arm-none-eabi/12.3.1/thumb/v6-m/nofp\libgcc.a(lesf2.o)
                0x08000b70                __ltsf2
                0x08000b70                __lesf2
 .text          0x08000c0c      0x27c C:/ST/STM32CubeIDE_1.17.0/STM32CubeIDE/plugins/com.st.stm32cube.ide.mcu.externaltools.gnu-tools-for-stm32.12.3.rel1.win32_1.1.0.202410251130/tools/bin/../lib/gcc/arm-none-eabi/12.3.1/thumb/v6-m/nofp\libgcc.a(mulsf3.o)
                0x08000c0c                __aeabi_fmul
 .text          0x08000e88       0x98 C:/ST/STM32CubeIDE_1.17.0/STM32CubeIDE/plugins/com.st.stm32cube.ide.mcu.externaltools.gnu-tools-for-stm32.12.3.rel1.win32_1.1.0.202410251130/tools/bin/../lib/gcc/arm-none-eabi/12.3.1/thumb/v6-m/nofp\libgcc.a(floatsisf.o)
                0x08000e88                __aeabi_i2f
 .text          0x08000f20      0x6c8 C:/ST/STM32CubeIDE_1.17.0/STM32CubeIDE/plugins/com.st.stm32cube.ide.mcu.externaltools.gnu-tools-for-stm32.12.3.rel1.win32_1.1.0.202410251130/tools/bin/../lib/gcc/arm-none-eabi/12.3.1/thumb/v6-m/nofp\libgcc.a(adddf3.o)
                0x08000f20                __aeabi_dadd
 .text          0x080015e8      0x634 C:/ST/STM32CubeIDE_1.17.0/STM32CubeIDE/plugins/com.st.stm32cube.ide.mcu.externaltools.gnu-tools-for-stm32.12.3.rel1.win32_1.1.0.202410251130/tools/bin/../lib/gcc/arm-none-eabi/12.3.1/thumb/v6-m/nofp\libgcc.a(divdf3.o)
                0x080015e8                __aeabi_ddiv
 .text          0x08001c1c       0x88 C:/ST/STM32CubeIDE_1.17.0/STM32CubeIDE/plugins/com.st.stm32cube.ide.mcu.externaltools.gnu-tools-for-stm32.12.3.rel1.win32_1.1.0.202410251130/tools/bin/../lib/gcc/arm-none-eabi/12.3.1/thumb/v6-m/nofp\libgcc.a(eqdf2.o)
                0x08001c1c                __nedf2
                0x08001c1c                __eqdf2
 .text          0x08001ca4       0xe8 C:/ST/STM32CubeIDE_1.17.0/STM32CubeIDE/plugins/com.st.stm32cube.ide.mcu.externaltools.gnu-tools-for-stm32.12.3.rel1.win32_1.1.0.202410251130/tools/bin/../lib/gcc/arm-none-eabi/12.3.1/thumb/v6-m/nofp\libgcc.a(gedf2.o)
                0x08001ca4                __gedf2
                0x08001ca4                __gtdf2
 .text          0x08001d8c       0xe4 C:/ST/STM32CubeIDE_1.17.0/STM32CubeIDE/plugins/com.st.stm32cube.ide.mcu.externaltools.gnu-tools-for-stm32.12.3.rel1.win32_1.1.0.202410251130/tools/bin/../lib/gcc/arm-none-eabi/12.3.1/thumb/v6-m/nofp\libgcc.a(ledf2.o)
                0x08001d8c                __ledf2
                0x08001d8c                __ltdf2
 .text          0x08001e70      0x590 C:/ST/STM32CubeIDE_1.17.0/STM32CubeIDE/plugins/com.st.stm32cube.ide.mcu.externaltools.gnu-tools-for-stm32.12.3.rel1.win32_1.1.0.202410251130/tools/bin/../lib/gcc/arm-none-eabi/12.3.1/thumb/v6-m/nofp\libgcc.a(muldf3.o)
                0x08001e70                __aeabi_dmul
 .text          0x08002400      0x738 C:/ST/STM32CubeIDE_1.17.0/STM32CubeIDE/plugins/com.st.stm32cube.ide.mcu.externaltools.gnu-tools-for-stm32.12.3.rel1.win32_1.1.0.202410251130/tools/bin/../lib/gcc/arm-none-eabi/12.3.1/thumb/v6-m/nofp\libgcc.a(subdf3.o)
                0x08002400                __aeabi_dsub
 .text          0x08002b38       0x44 C:/ST/STM32CubeIDE_1.17.0/STM32CubeIDE/plugins/com.st.stm32cube.ide.mcu.externaltools.gnu-tools-for-stm32.12.3.rel1.win32_1.1.0.202410251130/tools/bin/../lib/gcc/arm-none-eabi/12.3.1/thumb/v6-m/nofp\libgcc.a(unorddf2.o)
                0x08002b38                __aeabi_dcmpun
 .text          0x08002b7c       0x78 C:/ST/STM32CubeIDE_1.17.0/STM32CubeIDE/plugins/com.st.stm32cube.ide.mcu.externaltools.gnu-tools-for-stm32.12.3.rel1.win32_1.1.0.202410251130/tools/bin/../lib/gcc/arm-none-eabi/12.3.1/thumb/v6-m/nofp\libgcc.a(fixdfsi.o)
                0x08002b7c                __aeabi_d2iz
 .text          0x08002bf4       0x5c C:/ST/STM32CubeIDE_1.17.0/STM32CubeIDE/plugins/com.st.stm32cube.ide.mcu.externaltools.gnu-tools-for-stm32.12.3.rel1.win32_1.1.0.202410251130/tools/bin/../lib/gcc/arm-none-eabi/12.3.1/thumb/v6-m/nofp\libgcc.a(floatsidf.o)
                0x08002bf4                __aeabi_i2d
 .text          0x08002c50       0x48 C:/ST/STM32CubeIDE_1.17.0/STM32CubeIDE/plugins/com.st.stm32cube.ide.mcu.externaltools.gnu-tools-for-stm32.12.3.rel1.win32_1.1.0.202410251130/tools/bin/../lib/gcc/arm-none-eabi/12.3.1/thumb/v6-m/nofp\libgcc.a(floatunsidf.o)
                0x08002c50                __aeabi_ui2d
 .text          0x08002c98       0x90 C:/ST/STM32CubeIDE_1.17.0/STM32CubeIDE/plugins/com.st.stm32cube.ide.mcu.externaltools.gnu-tools-for-stm32.12.3.rel1.win32_1.1.0.202410251130/tools/bin/../lib/gcc/arm-none-eabi/12.3.1/thumb/v6-m/nofp\libgcc.a(extendsfdf2.o)
                0x08002c98                __aeabi_f2d
 .text          0x08002d28      0x108 C:/ST/STM32CubeIDE_1.17.0/STM32CubeIDE/plugins/com.st.stm32cube.ide.mcu.externaltools.gnu-tools-for-stm32.12.3.rel1.win32_1.1.0.202410251130/tools/bin/../lib/gcc/arm-none-eabi/12.3.1/thumb/v6-m/nofp\libgcc.a(truncdfsf2.o)
                0x08002d28                __aeabi_d2f
 .text          0x08002e30       0x3c C:/ST/STM32CubeIDE_1.17.0/STM32CubeIDE/plugins/com.st.stm32cube.ide.mcu.externaltools.gnu-tools-for-stm32.12.3.rel1.win32_1.1.0.202410251130/tools/bin/../lib/gcc/arm-none-eabi/12.3.1/thumb/v6-m/nofp\libgcc.a(_clzsi2.o)
                0x08002e30                __clzsi2
 .text          0x08002e6c       0x18 C:/ST/STM32CubeIDE_1.17.0/STM32CubeIDE/plugins/com.st.stm32cube.ide.mcu.externaltools.gnu-tools-for-stm32.12.3.rel1.win32_1.1.0.202410251130/tools/bin/../lib/gcc/arm-none-eabi/12.3.1/thumb/v6-m/nofp\libgcc.a(_clzdi2.o)
                0x08002e6c                __clzdi2
 *(.text*)
 .text.__NVIC_SystemReset
                0x08002e84       0x24 BOS\BOS.o
 .text.LoadEEvars
                0x08002ea8       0x2a BOS\BOS.o
                0x08002ea8                LoadEEvars
 *fill*         0x08002ed2        0x2 
 .text.LoadROtopology
                0x08002ed4       0xfc BOS\BOS.o
                0x08002ed4                LoadROtopology
 .text.LoadEEportsDir
                0x08002fd0       0x68 BOS\BOS.o
                0x08002fd0                LoadEEportsDir
 .text.LoadEEalias
                0x08003038       0xd8 BOS\BOS.o
                0x08003038                LoadEEalias
 .text.LoadEEgroup
                0x08003110      0x120 BOS\BOS.o
                0x08003110                LoadEEgroup
 .text.LoadEEstreams
                0x08003230      0x228 BOS\BOS.o
                0x08003230                LoadEEstreams
 .text.LoadEEparams
                0x08003458      0x2e4 BOS\BOS.o
                0x08003458                LoadEEparams
 .text.LoadEEbuttons
                0x0800373c      0x124 BOS\BOS.o
                0x0800373c                LoadEEbuttons
 .text.LoadROsnippets
                0x08003860      0x1d8 BOS\BOS.o
                0x08003860                LoadROsnippets
 .text.SaveEEportsDir
                0x08003a38       0x78 BOS\BOS.o
                0x08003a38                SaveEEportsDir
 .text.SaveEEalias
                0x08003ab0       0xd0 BOS\BOS.o
                0x08003ab0                SaveEEalias
 .text.SaveEEstreams
                0x08003b80       0xdc BOS\BOS.o
                0x08003b80                SaveEEstreams
 .text.SaveEEparams
                0x08003c5c       0xb4 BOS\BOS.o
                0x08003c5c                SaveEEparams
 .text.ClearEEportsDir
                0x08003d10       0x84 BOS\BOS.o
                0x08003d10                ClearEEportsDir
 .text.IsLowerCLIbaud
                0x08003d94       0xe8 BOS\BOS.o
                0x08003d94                IsLowerCLIbaud
 .text.IsModuleParameter
                0x08003e7c       0x64 BOS\BOS.o
                0x08003e7c                IsModuleParameter
 .text.IsMathOperator
                0x08003ee0       0xc4 BOS\BOS.o
                0x08003ee0                IsMathOperator
 .text.BOS_Init
                0x08003fa4      0x138 BOS\BOS.o
                0x08003fa4                BOS_Init
 .text.Module_Init
                0x080040dc       0x1e BOS\BOS.o
                0x080040dc                Module_Init
 *fill*         0x080040fa        0x2 
 .text.Explore  0x080040fc      0xa5c BOS\BOS.o
                0x080040fc                Explore
 .text.ExploreNeighbors
                0x08004b58       0x90 BOS\BOS.o
                0x08004b58                ExploreNeighbors
 .text.FindBroadcastRoutes
                0x08004be8      0x3b0 BOS\BOS.o
                0x08004be8                FindBroadcastRoutes
 .text.FindRoute
                0x08004f98      0x2d8 BOS\BOS.o
                0x08004f98                FindRoute
 .text.minArr   0x08005270       0x88 BOS\BOS.o
                0x08005270                minArr
 .text.QnotEmpty
                0x080052f8       0x50 BOS\BOS.o
                0x080052f8                QnotEmpty
 .text.DisplayTopology
                0x08005348      0x258 BOS\BOS.o
                0x08005348                DisplayTopology
 .text.DisplayPortsDir
                0x080055a0      0x118 BOS\BOS.o
                0x080055a0                DisplayPortsDir
 .text.DisplayModuleStatus
                0x080056b8      0x3b4 BOS\BOS.o
                0x080056b8                DisplayModuleStatus
 .text.GetID    0x08005a6c      0x15c BOS\BOS.o
                0x08005a6c                GetID
 .text.NameModule
                0x08005bc8      0x140 BOS\BOS.o
                0x08005bc8                NameModule
 .text.AddModuleToGroup
                0x08005d08      0x1b8 BOS\BOS.o
                0x08005d08                AddModuleToGroup
 .text.WriteToRemote
                0x08005ec0      0x418 BOS\BOS.o
                0x08005ec0                WriteToRemote
 .text.GetDateString
                0x080062d8       0x5c BOS\BOS.o
                0x080062d8                GetDateString
 .text.Bridge   0x08006334       0x4c BOS\BOS.o
                0x08006334                Bridge
 .text.Unbridge
                0x08006380       0xbc BOS\BOS.o
                0x08006380                Unbridge
 .text.EncodeValueToBytes
                0x0800643c       0x84 BOS\BOS.o
                0x0800643c                EncodeValueToBytes
 .text.DecodeBytesToValue
                0x080064c0       0x84 BOS\BOS.o
                0x080064c0                DecodeBytesToValue
 .text.prvCLITask
                0x08006544      0x254 BOS\BOS_CLI.o
                0x08006544                prvCLITask
 .text.CLI_CommandParser
                0x08006798      0x57c BOS\BOS_CLI.o
                0x08006798                CLI_CommandParser
 .text.StringToLowerCase
                0x08006d14       0x6c BOS\BOS_CLI.o
                0x08006d14                StringToLowerCase
 .text.AddSnippet
                0x08006d80      0x118 BOS\BOS_CLI.o
                0x08006d80                AddSnippet
 .text.ParseSnippetCondition
                0x08006e98      0x2e8 BOS\BOS_CLI.o
                0x08006e98                ParseSnippetCondition
 .text.CheckSnippetCondition
                0x08007180      0x1cc BOS\BOS_CLI.o
                0x08007180                CheckSnippetCondition
 .text.ExecuteSnippet
                0x0800734c       0xdc BOS\BOS_CLI.o
                0x0800734c                ExecuteSnippet
 .text.ParseSnippetCommand
                0x08007428       0xe0 BOS\BOS_CLI.o
                0x08007428                ParseSnippetCommand
 .text.__NVIC_SystemReset
                0x08007508       0x24 BOS\BOS_CLIcommands.o
 .text.RegisterUserCLICommands
                0x0800752c        0xa BOS\BOS_CLIcommands.o
                0x0800752c                RegisterUserCLICommands
 *fill*         0x08007536        0x2 
 .text.vRegisterCLICommands
                0x08007538      0x1a4 BOS\BOS_CLIcommands.o
                0x08007538                vRegisterCLICommands
 .text.prvTaskStatsCommand
                0x080076dc       0x40 BOS\BOS_CLIcommands.o
 .text.prvRunTimeStatsCommand
                0x0800771c       0x40 BOS\BOS_CLIcommands.o
 .text.pingCommand
                0x0800775c       0x98 BOS\BOS_CLIcommands.o
 .text.bootloaderUpdateCommand
                0x080077f4      0x200 BOS\BOS_CLIcommands.o
 .text.exploreCommand
                0x080079f4       0xf8 BOS\BOS_CLIcommands.o
 .text.resetCommand
                0x08007aec       0x10 BOS\BOS_CLIcommands.o
 .text.nameCommand
                0x08007afc       0xe8 BOS\BOS_CLIcommands.o
 .text.groupCommand
                0x08007be4      0x2fc BOS\BOS_CLIcommands.o
 .text.statusCommand
                0x08007ee0       0x1c BOS\BOS_CLIcommands.o
 .text.infoCommand
                0x08007efc       0xfc BOS\BOS_CLIcommands.o
 .text.addbuttonCommand
                0x08007ff8      0x110 BOS\BOS_CLIcommands.o
 .text.removebuttonCommand
                0x08008108       0x94 BOS\BOS_CLIcommands.o
 .text.setCommand
                0x0800819c      0xba8 BOS\BOS_CLIcommands.o
 .text.getCommand
                0x08008d44      0x39c BOS\BOS_CLIcommands.o
 .text.defaultCommand
                0x080090e0       0xf8 BOS\BOS_CLIcommands.o
 .text.timeCommand
                0x080091d8       0xd8 BOS\BOS_CLIcommands.o
 .text.dateCommand
                0x080092b0       0x34 BOS\BOS_CLIcommands.o
 .text.setBaudrateCommand
                0x080092e4       0xc0 BOS\BOS_CLIcommands.o
 .text.uuidCommand
                0x080093a4       0x90 BOS\BOS_CLIcommands.o
 .text.idcodeCommand
                0x08009434       0x7c BOS\BOS_CLIcommands.o
 .text.flashsizeCommand
                0x080094b0       0x34 BOS\BOS_CLIcommands.o
 .text.snipCommand
                0x080094e4      0x328 BOS\BOS_CLIcommands.o
 .text.actSnipCommand
                0x0800980c       0xb8 BOS\BOS_CLIcommands.o
 .text.pauseSnipCommand
                0x080098c4       0xb8 BOS\BOS_CLIcommands.o
 .text.delSnipCommand
                0x0800997c      0x1d4 BOS\BOS_CLIcommands.o
 .text.bridgeCommand
                0x08009b50      0x11c BOS\BOS_CLIcommands.o
 .text.unbridgeCommand
                0x08009c6c      0x11c BOS\BOS_CLIcommands.o
 .text.testportCommand
                0x08009d88      0x2d8 BOS\BOS_CLIcommands.o
 .text.ADCReadCommand
                0x0800a060      0x114 BOS\BOS_CLIcommands.o
 .text.ReadTempCommand
                0x0800a174       0x54 BOS\BOS_CLIcommands.o
 .text.ReadVrefCommand
                0x0800a1c8       0x54 BOS\BOS_CLIcommands.o
 .text.GetReadPercentageCommand
                0x0800a21c      0x108 BOS\BOS_CLIcommands.o
 .text.StartDMAstream
                0x0800a324       0xb0 BOS\BOS_dma.o
                0x0800a324                StartDMAstream
 .text.DMA_IRQHandler
                0x0800a3d4      0x118 BOS\BOS_dma.o
                0x0800a3d4                DMA_IRQHandler
 .text.ResetUartORE
                0x0800a4ec       0x48 BOS\BOS_dma.o
                0x0800a4ec                ResetUartORE
 .text.MX_FREERTOS_Init
                0x0800a534      0x214 BOS\BOS_freertos.o
                0x0800a534                MX_FREERTOS_Init
 .text.StartDefaultTask
                0x0800a748      0x104 BOS\BOS_freertos.o
                0x0800a748                StartDefaultTask
 .text.vMainConfigureTimerForRunTimeStats
                0x0800a84c       0x2c BOS\BOS_freertos.o
                0x0800a84c                vMainConfigureTimerForRunTimeStats
 .text.ulMainGetRunTimeCounterValue
                0x0800a878       0x9c BOS\BOS_freertos.o
                0x0800a878                ulMainGetRunTimeCounterValue
 .text.SetupDMAStreams
                0x0800a914      0x3c8 BOS\BOS_messaging.o
                0x0800a914                SetupDMAStreams
 .text.StreamTimerCallback
                0x0800acdc       0xa4 BOS\BOS_messaging.o
                0x0800acdc                StreamTimerCallback
 .text.ForwardReceivedMessage
                0x0800ad80       0x8c BOS\BOS_messaging.o
                0x0800ad80                ForwardReceivedMessage
 .text.BroadcastReceivedMessage
                0x0800ae0c       0x70 BOS\BOS_messaging.o
                0x0800ae0c                BroadcastReceivedMessage
 .text.NotifyMessagingTask
                0x0800ae7c       0x90 BOS\BOS_messaging.o
                0x0800ae7c                NotifyMessagingTask
 .text.BroadcastMessage
                0x0800af0c       0x94 BOS\BOS_messaging.o
                0x0800af0c                BroadcastMessage
 .text.SendMessageToModule
                0x0800afa0       0xa4 BOS\BOS_messaging.o
                0x0800afa0                SendMessageToModule
 .text.SendLargeMessageToModule
                0x0800b044      0x10c BOS\BOS_messaging.o
                0x0800b044                SendLargeMessageToModule
 .text.SendMessageFromPort
                0x0800b150      0x4e8 BOS\BOS_messaging.o
                0x0800b150                SendMessageFromPort
 .text.StartScastDMAStream
                0x0800b638      0x314 BOS\BOS_messaging.o
                0x0800b638                StartScastDMAStream
 .text.__NVIC_SystemReset
                0x0800b94c       0x24 BOS\BOS_msgparser.o
 .text.BackEndTask
                0x0800b970      0xbb8 BOS\BOS_msgparser.o
                0x0800b970                BackEndTask
 .text.PxMessagingTask
                0x0800c528      0x724 BOS\BOS_msgparser.o
                0x0800c528                PxMessagingTask
 .text.User_MessagingParser
                0x0800cc4c       0x3a BOS\BOS_msgparser.o
                0x0800cc4c                User_MessagingParser
 *fill*         0x0800cc86        0x2 
 .text.HandlePingCode
                0x0800cc88       0x74 BOS\BOS_msgparser.o
 .text.HandlePingResponseCode
                0x0800ccfc       0xd4 BOS\BOS_msgparser.o
 .text.HandleHiCode
                0x0800cdd0      0x110 BOS\BOS_msgparser.o
 .text.HandleHiResponseCode
                0x0800cee0       0xc8 BOS\BOS_msgparser.o
 .text.HandleEthernetDefaultValuesCode
                0x0800cfa8      0x3e8 BOS\BOS_msgparser.o
 .text.HandleExploreAdjacentCode
                0x0800d390       0xe4 BOS\BOS_msgparser.o
 .text.HandleExploreAdjacentResponseCode
                0x0800d474       0xfc BOS\BOS_msgparser.o
 .text.HandlePortDirectionCode
                0x0800d570       0xcc BOS\BOS_msgparser.o
 .text.HandleModuleIDCode
                0x0800d63c       0xec BOS\BOS_msgparser.o
 .text.HandleTopologyCode
                0x0800d728      0x12c BOS\BOS_msgparser.o
 .text.HandleReadPortDirectionResponseCode
                0x0800d854       0xd0 BOS\BOS_msgparser.o
 .text.HandleBaudRateCode
                0x0800d924      0x190 BOS\BOS_msgparser.o
 .text.HandleExploreEEPROMCode
                0x0800dab4       0x4c BOS\BOS_msgparser.o
 .text.HandleDefArrayCode
                0x0800db00       0x50 BOS\BOS_msgparser.o
 .text.HandleCLICommandCode
                0x0800db50      0x1a8 BOS\BOS_msgparser.o
 .text.HandleCLIResponseCode
                0x0800dcf8      0x114 BOS\BOS_msgparser.o
 .text.HandleUpdateCode
                0x0800de0c       0x48 BOS\BOS_msgparser.o
 .text.HandleUpdateViaPortCode
                0x0800de54       0x94 BOS\BOS_msgparser.o
 .text.HandleDMAChannelCode
                0x0800dee8      0x544 BOS\BOS_msgparser.o
 .text.HandleDMASingleCastStreamCode
                0x0800e42c      0x14c BOS\BOS_msgparser.o
 .text.HandleReadRemoteCode
                0x0800e578      0x4b4 BOS\BOS_msgparser.o
 .text.HandleReadRemoteResponseCode
                0x0800ea2c      0x35c BOS\BOS_msgparser.o
 .text.HandleWriteRemoteCode
                0x0800ed88      0x96c BOS\BOS_msgparser.o
 .text.HandleWriteRemoteResponseCode
                0x0800f6f4       0x58 BOS\BOS_msgparser.o
 .text.HandlePortForwardCode
                0x0800f74c       0xa8 BOS\BOS_msgparser.o
 .text.HandleReadADCVauleCode
                0x0800f7f4       0xcc BOS\BOS_msgparser.o
 .text.HandleReadTempAndVrefCode
                0x0800f8c0       0x48 BOS\BOS_msgparser.o
 .text.HandleAckAcceptedCode
                0x0800f908       0x3c BOS\BOS_msgparser.o
 .text.HandleRejectedCode
                0x0800f944       0x3c BOS\BOS_msgparser.o
 .text.HandleReadResponseCode
                0x0800f980      0x5c0 BOS\BOS_msgparser.o
 .text.HandleStopModeUartxCode
                0x0800ff40       0x74 BOS\BOS_msgparser.o
 .text.HandleEnStandbyModeWakeupPinxCode
                0x0800ffb4       0x74 BOS\BOS_msgparser.o
 .text.HandleRawDataCode
                0x08010028       0xe4 BOS\BOS_msgparser.o
 .text.HandleDefaultCode
                0x0801010c       0xac BOS\BOS_msgparser.o
 .text.SystemClock_Config
                0x080101b8       0xb4 H1DR1\H1DR1.o
                0x080101b8                SystemClock_Config
 .text.EnableStopModebyUARTx
                0x0801026c       0xb8 H1DR1\H1DR1.o
                0x0801026c                EnableStopModebyUARTx
 .text.EnableStandbyModebyWakeupPinx
                0x08010324       0x64 H1DR1\H1DR1.o
                0x08010324                EnableStandbyModebyWakeupPinx
 .text.DisableStandbyModeWakeupPinx
                0x08010388       0x98 H1DR1\H1DR1.o
                0x08010388                DisableStandbyModeWakeupPinx
 .text.SaveTopologyToRO
                0x08010420      0x1bc H1DR1\H1DR1.o
                0x08010420                SaveTopologyToRO
 .text.SaveSnippetsToRO
                0x080105dc      0x1f8 H1DR1\H1DR1.o
                0x080105dc                SaveSnippetsToRO
 .text.ClearROtopology
                0x080107d4       0x38 H1DR1\H1DR1.o
                0x080107d4                ClearROtopology
 .text.RemoteBootloaderUpdate
                0x0801080c      0x178 H1DR1\H1DR1.o
                0x0801080c                RemoteBootloaderUpdate
 .text.SetupPortForRemoteBootloaderUpdate
                0x08010984       0x52 H1DR1\H1DR1.o
                0x08010984                SetupPortForRemoteBootloaderUpdate
 .text.MessagingTask
                0x080109d6       0x16 H1DR1\H1DR1.o
                0x080109d6                MessagingTask
 .text.Module_Peripheral_Init
                0x080109ec      0x15c H1DR1\H1DR1.o
                0x080109ec                Module_Peripheral_Init
 .text.Module_MessagingTask
                0x08010b48       0x42 H1DR1\H1DR1.o
                0x08010b48                Module_MessagingTask
 *fill*         0x08010b8a        0x2 
 .text.GetPort  0x08010b8c       0x7c H1DR1\H1DR1.o
                0x08010b8c                GetPort
 .text.RegisterModuleCLICommands
                0x08010c08        0xa H1DR1\H1DR1.o
                0x08010c08                RegisterModuleCLICommands
 .text.GetModuleParameter
                0x08010c12       0x2a H1DR1\H1DR1.o
                0x08010c12                GetModuleParameter
 .text.HAL_UART_RxCpltCallback
                0x08010c3c       0x2c H1DR1\H1DR1.o
                0x08010c3c                HAL_UART_RxCpltCallback
 .text.SetupModbusRTU
                0x08010c68       0x4c H1DR1\H1DR1.o
                0x08010c68                SetupModbusRTU
 .text.ReadModbusRegister
                0x08010cb4       0x64 H1DR1\H1DR1.o
                0x08010cb4                ReadModbusRegister
 .text.WriteModbusMultiRegisters
                0x08010d18       0x64 H1DR1\H1DR1.o
                0x08010d18                WriteModbusMultiRegisters
 .text.SetTimeOut
                0x08010d7c       0x50 H1DR1\H1DR1.o
                0x08010d7c                SetTimeOut
 .text.DMA_Init
                0x08010dcc       0x74 H1DR1\H1DR1_dma.o
                0x08010dcc                DMA_Init
 .text.SetupMessagingRxDMAs
                0x08010e40       0xf4 H1DR1\H1DR1_dma.o
                0x08010e40                SetupMessagingRxDMAs
 .text.DMA_MSG_RX_Setup
                0x08010f34       0x68 H1DR1\H1DR1_dma.o
                0x08010f34                DMA_MSG_RX_Setup
 .text.DMA_STREAM_Setup
                0x08010f9c      0x110 H1DR1\H1DR1_dma.o
                0x08010f9c                DMA_STREAM_Setup
 .text.StopDMA  0x080110ac       0x98 H1DR1\H1DR1_dma.o
                0x080110ac                StopDMA
 .text.SwitchMsgDMAToStream
                0x08011144       0x52 H1DR1\H1DR1_dma.o
                0x08011144                SwitchMsgDMAToStream
 *fill*         0x08011196        0x2 
 .text.SwitchStreamDMAToMsg
                0x08011198       0xc8 H1DR1\H1DR1_dma.o
                0x08011198                SwitchStreamDMAToMsg
 .text.CRC_Init
                0x08011260       0x44 H1DR1\H1DR1_dma.o
                0x08011260                CRC_Init
 .text.HAL_CRC_MspInit
                0x080112a4       0x30 H1DR1\H1DR1_dma.o
                0x080112a4                HAL_CRC_MspInit
 .text.CalculateCRC8
                0x080112d4      0x154 H1DR1\H1DR1_dma.o
                0x080112d4                CalculateCRC8
 .text.__NVIC_SystemReset
                0x08011428       0x24 H1DR1\H1DR1_eeprom.o
 .text.EE_Init  0x0801144c       0x56 H1DR1\H1DR1_eeprom.o
                0x0801144c                EE_Init
 .text.EE_ReadVariable
                0x080114a2       0x42 H1DR1\H1DR1_eeprom.o
                0x080114a2                EE_ReadVariable
 .text.EE_WriteVariable
                0x080114e4       0x72 H1DR1\H1DR1_eeprom.o
                0x080114e4                EE_WriteVariable
 .text.EE_Format
                0x08011556       0x3a H1DR1\H1DR1_eeprom.o
                0x08011556                EE_Format
 .text.EE_FormatForFactoryReset
                0x08011590       0x2c H1DR1\H1DR1_eeprom.o
                0x08011590                EE_FormatForFactoryReset
 .text.GPIO_Init
                0x080115bc       0x90 H1DR1\H1DR1_gpio.o
                0x080115bc                GPIO_Init
 .text.IND_LED_Init
                0x0801164c       0x34 H1DR1\H1DR1_gpio.o
                0x0801164c                IND_LED_Init
 .text.IsFactoryReset
                0x08011680      0x15c H1DR1\H1DR1_gpio.o
                0x08011680                IsFactoryReset
 .text.GetPortGPIOs
                0x080117dc      0x118 H1DR1\H1DR1_gpio.o
                0x080117dc                GetPortGPIOs
 .text.MX_ADC_Init
                0x080118f4       0x88 H1DR1\H1DR1_inputs.o
                0x080118f4                MX_ADC_Init
 .text.HAL_ADC_MspInit
                0x0801197c       0xa8 H1DR1\H1DR1_inputs.o
                0x0801197c                HAL_ADC_MspInit
 .text.Error_Handler
                0x08011a24       0x10 H1DR1\H1DR1_inputs.o
                0x08011a24                Error_Handler
 .text.GetChannel
                0x08011a34       0x84 H1DR1\H1DR1_inputs.o
                0x08011a34                GetChannel
 .text.GetRank  0x08011ab8       0x80 H1DR1\H1DR1_inputs.o
                0x08011ab8                GetRank
 .text.CheckAttachedButtons
                0x08011b38      0x504 H1DR1\H1DR1_inputs.o
                0x08011b38                CheckAttachedButtons
 .text.AddPortButton
                0x0801203c      0x268 H1DR1\H1DR1_inputs.o
                0x0801203c                AddPortButton
 .text.RemovePortButton
                0x080122a4      0x194 H1DR1\H1DR1_inputs.o
                0x080122a4                RemovePortButton
 .text.SetButtonEvents
                0x08012438      0x1b8 H1DR1\H1DR1_inputs.o
                0x08012438                SetButtonEvents
 .text.ADCSelectPort
                0x080125f0       0x98 H1DR1\H1DR1_inputs.o
                0x080125f0                ADCSelectPort
 .text.ReadADCChannel
                0x08012688      0x1a0 H1DR1\H1DR1_inputs.o
                0x08012688                ReadADCChannel
 .text.ReadTempAndVref
                0x08012828      0x1dc H1DR1\H1DR1_inputs.o
                0x08012828                ReadTempAndVref
 .text.GetReadPercentage
                0x08012a04       0x6c H1DR1\H1DR1_inputs.o
                0x08012a04                GetReadPercentage
 .text.buttonReleasedCallback
                0x08012a70       0x14 H1DR1\H1DR1_inputs.o
                0x08012a70                buttonReleasedCallback
 .text.buttonClickedCallback
                0x08012a84       0x14 H1DR1\H1DR1_inputs.o
                0x08012a84                buttonClickedCallback
 .text.buttonDblClickedCallback
                0x08012a98       0x14 H1DR1\H1DR1_inputs.o
                0x08012a98                buttonDblClickedCallback
 .text.__NVIC_SystemReset
                0x08012aac       0x24 H1DR1\H1DR1_it.o
 .text.SysTick_Handler
                0x08012ad0       0x12 H1DR1\H1DR1_it.o
                0x08012ad0                SysTick_Handler
 *fill*         0x08012ae2        0x2 
 .text.HardFault_Handler
                0x08012ae4       0x40 H1DR1\H1DR1_it.o
                0x08012ae4                HardFault_Handler
 .text.HAL_UARTEx_RxEventCallback
                0x08012b24       0x74 H1DR1\H1DR1_it.o
                0x08012b24                HAL_UARTEx_RxEventCallback
 .text.USART1_IRQHandler
                0x08012b98       0xac H1DR1\H1DR1_it.o
                0x08012b98                USART1_IRQHandler
 .text.USART2_LPUART2_IRQHandler
                0x08012c44       0xac H1DR1\H1DR1_it.o
                0x08012c44                USART2_LPUART2_IRQHandler
 .text.USART3_4_5_6_LPUART1_IRQHandler
                0x08012cf0      0x254 H1DR1\H1DR1_it.o
                0x08012cf0                USART3_4_5_6_LPUART1_IRQHandler
 .text.DMA1_Channel1_IRQHandler
                0x08012f44       0x20 H1DR1\H1DR1_it.o
                0x08012f44                DMA1_Channel1_IRQHandler
 .text.DMA1_Channel2_3_IRQHandler
                0x08012f64       0x30 H1DR1\H1DR1_it.o
                0x08012f64                DMA1_Channel2_3_IRQHandler
 .text.DMA1_Ch4_7_DMA2_Ch1_5_DMAMUX1_OVR_IRQHandler
                0x08012f94       0x80 H1DR1\H1DR1_it.o
                0x08012f94                DMA1_Ch4_7_DMA2_Ch1_5_DMAMUX1_OVR_IRQHandler
 .text.HAL_UART_TxCpltCallback
                0x08013014       0x48 H1DR1\H1DR1_it.o
                0x08013014                HAL_UART_TxCpltCallback
 .text.HAL_UART_ErrorCallback
                0x0801305c       0xd4 H1DR1\H1DR1_it.o
                0x0801305c                HAL_UART_ErrorCallback
 .text.HAL_UARTEx_WakeupCallback
                0x08013130       0x5c H1DR1\H1DR1_it.o
                0x08013130                HAL_UARTEx_WakeupCallback
 .text.vApplicationStackOverflowHook
                0x0801318c       0x44 H1DR1\H1DR1_it.o
                0x0801318c                vApplicationStackOverflowHook
 .text.vApplicationMallocFailedHook
                0x080131d0       0x40 H1DR1\H1DR1_it.o
                0x080131d0                vApplicationMallocFailedHook
 .text.RTC_Init
                0x08013210       0xd8 H1DR1\H1DR1_rtc.o
                0x08013210                RTC_Init
 .text.RTC_CalendarConfig
                0x080132e8      0x18c H1DR1\H1DR1_rtc.o
                0x080132e8                RTC_CalendarConfig
 .text.BOS_CalendarConfig
                0x08013474      0x194 H1DR1\H1DR1_rtc.o
                0x08013474                BOS_CalendarConfig
 .text.GetTimeDate
                0x08013608       0x90 H1DR1\H1DR1_rtc.o
                0x08013608                GetTimeDate
 .text.HAL_RTC_MspInit
                0x08013698       0x74 H1DR1\H1DR1_rtc.o
                0x08013698                HAL_RTC_MspInit
 .text.HAL_RTC_MspDeInit
                0x0801370c       0x44 H1DR1\H1DR1_rtc.o
                0x0801370c                HAL_RTC_MspDeInit
 .text.TIM_USEC_Init
                0x08013750       0x74 H1DR1\H1DR1_timers.o
                0x08013750                TIM_USEC_Init
 .text.TIM_MSEC_Init
                0x080137c4       0x78 H1DR1\H1DR1_timers.o
                0x080137c4                TIM_MSEC_Init
 .text.StartMicroDelay
                0x0801383c       0x48 H1DR1\H1DR1_timers.o
                0x0801383c                StartMicroDelay
 .text.StartMilliDelay
                0x08013884       0x48 H1DR1\H1DR1_timers.o
                0x08013884                StartMilliDelay
 .text.MX_USART1_UART_Init
                0x080138cc       0x7c H1DR1\H1DR1_uart.o
                0x080138cc                MX_USART1_UART_Init
 .text.MX_USART2_UART_Init
                0x08013948       0x7c H1DR1\H1DR1_uart.o
                0x08013948                MX_USART2_UART_Init
 .text.MX_USART3_UART_Init
                0x080139c4       0x80 H1DR1\H1DR1_uart.o
                0x080139c4                MX_USART3_UART_Init
 .text.MX_USART4_UART_Init
                0x08013a44       0x60 H1DR1\H1DR1_uart.o
                0x08013a44                MX_USART4_UART_Init
 .text.MX_USART5_UART_Init
                0x08013aa4       0x60 H1DR1\H1DR1_uart.o
                0x08013aa4                MX_USART5_UART_Init
 .text.MX_USART6_UART_Init
                0x08013b04       0x60 H1DR1\H1DR1_uart.o
                0x08013b04                MX_USART6_UART_Init
 .text.HAL_UART_MspInit
                0x08013b64      0x618 H1DR1\H1DR1_uart.o
                0x08013b64                HAL_UART_MspInit
 .text.writePxMutex
                0x0801417c       0xac H1DR1\H1DR1_uart.o
                0x0801417c                writePxMutex
 .text.writePxITMutex
                0x08014228       0x80 H1DR1\H1DR1_uart.o
                0x08014228                writePxITMutex
 .text.UpdateBaudrate
                0x080142a8       0x3e H1DR1\H1DR1_uart.o
                0x080142a8                UpdateBaudrate
 *fill*         0x080142e6        0x2 
 .text.GetUart  0x080142e8       0x54 H1DR1\H1DR1_uart.o
                0x080142e8                GetUart
 .text.SwapUartPins
                0x0801433c      0x118 H1DR1\H1DR1_uart.o
                0x0801433c                SwapUartPins
 .text.ReadPortsDir
                0x08014454       0xa8 H1DR1\H1DR1_uart.o
                0x08014454                ReadPortsDir
 .text.ReadPortsDirMSG
                0x080144fc       0x80 H1DR1\H1DR1_uart.o
                0x080144fc                ReadPortsDirMSG
 .text.UpdateMyPortsDir
                0x0801457c       0x84 H1DR1\H1DR1_uart.o
                0x0801457c                UpdateMyPortsDir
 .text.Reset_Handler
                0x08014600       0x90 H1DR1\startup_stm32g0b1ceuxn.o
                0x08014600                Reset_Handler
 .text.Default_Handler
                0x08014690        0x2 H1DR1\startup_stm32g0b1ceuxn.o
                0x08014690                I2C2_3_IRQHandler
                0x08014690                TIM1_CC_IRQHandler
                0x08014690                ADC1_COMP_IRQHandler
                0x08014690                NMI_Handler
                0x08014690                I2C1_IRQHandler
                0x08014690                TIM7_LPTIM2_IRQHandler
                0x08014690                TIM17_FDCAN_IT1_IRQHandler
                0x08014690                RCC_CRS_IRQHandler
                0x08014690                RTC_TAMP_IRQHandler
                0x08014690                SPI1_IRQHandler
                0x08014690                USB_UCPD1_2_IRQHandler
                0x08014690                EXTI2_3_IRQHandler
                0x08014690                PVD_VDDIO2_IRQHandler
                0x08014690                EXTI4_15_IRQHandler
                0x08014690                Default_Handler
                0x08014690                CEC_IRQHandler
                0x08014690                TIM14_IRQHandler
                0x08014690                TIM15_IRQHandler
                0x08014690                TIM3_TIM4_IRQHandler
                0x08014690                EXTI0_1_IRQHandler
                0x08014690                SPI2_3_IRQHandler
                0x08014690                TIM6_DAC_LPTIM1_IRQHandler
                0x08014690                WWDG_IRQHandler
                0x08014690                TIM2_IRQHandler
                0x08014690                FLASH_IRQHandler
                0x08014690                TIM16_FDCAN_IT0_IRQHandler
                0x08014690                TIM1_BRK_UP_TRG_COM_IRQHandler
 *fill*         0x08014692        0x2 
 .text.pxMBMGetNewHdl
                0x08014694      0x19c M_Master\Src\mbm.o
 .text.eMBMReleaseHdl
                0x08014830      0x12c M_Master\Src\mbm.o
 .text.bMBMResponseTimeoutCB
                0x0801495c       0x68 M_Master\Src\mbm.o
 .text.eMBMSetSlaveTimeout
                0x080149c4       0x60 M_Master\Src\mbm.o
                0x080149c4                eMBMSetSlaveTimeout
 .text.vMBMMasterTransactionPolled
                0x08014a24      0x164 M_Master\Src\mbm.o
                0x08014a24                vMBMMasterTransactionPolled
 .text.eMBMSerialInit
                0x08014b88       0x76 M_Master\Src\mbm.o
                0x08014b88                eMBMSerialInit
 .text.eMBMSerialInitExt
                0x08014bfe      0x104 M_Master\Src\mbm.o
                0x08014bfe                eMBMSerialInitExt
 *fill*         0x08014d02        0x2 
 .text.eMBMSerialASCIIInit
                0x08014d04      0x31c M_Master\Src\mbmascii.o
                0x08014d04                eMBMSerialASCIIInit
 .text.eMBMSerialASCIIFrameSend
                0x08015020      0x184 M_Master\Src\mbmascii.o
 .text.eMBMSerialASCIIFrameReceive
                0x080151a4      0x174 M_Master\Src\mbmascii.o
 .text.eMBMSerialASCIIFrameClose
                0x08015318       0x32 M_Master\Src\mbmascii.o
 .text.eMBMSerialASCIIFrameCloseInternal
                0x0801534a      0x168 M_Master\Src\mbmascii.o
 .text.vMBMSerialASCIIReceiverAPIV1CB
                0x080154b2      0x280 M_Master\Src\mbmascii.o
 *fill*         0x08015732        0x2 
 .text.bMBMSerialASCIITransmitterEmptyAPIV1CB
                0x08015734      0x240 M_Master\Src\mbmascii.o
 .text.bMBMSerialASCIITimerCB
                0x08015974       0x5a M_Master\Src\mbmascii.o
 .text.ubMBMSerialASCIICHAR2BIN
                0x080159ce       0x4a M_Master\Src\mbmascii.o
 .text.ubMBMSerialASCIIBIN2CHAR
                0x08015a18       0x46 M_Master\Src\mbmascii.o
 .text.ubMBMSerialASCIILRC
                0x08015a5e       0x52 M_Master\Src\mbmascii.o
 .text.usMBMCRC16
                0x08015ab0       0x8c M_Master\Src\mbmcrc.o
                0x08015ab0                usMBMCRC16
 .text.vMBMReadHoldingRegistersPolled
                0x08015b3c      0x232 M_Master\Src\mbmfuncholding.o
                0x08015b3c                vMBMReadHoldingRegistersPolled
 .text.vMBMWriteMultipleRegistersPolled
                0x08015d6e      0x278 M_Master\Src\mbmfuncholding.o
                0x08015d6e                vMBMWriteMultipleRegistersPolled
 .text.eMBMReadHoldingRegisters
                0x08015fe6       0x60 M_Master\Src\mbmfuncholding.o
                0x08015fe6                eMBMReadHoldingRegisters
 .text.eMBMWriteMultipleRegisters
                0x08016046       0x60 M_Master\Src\mbmfuncholding.o
                0x08016046                eMBMWriteMultipleRegisters
 *fill*         0x080160a6        0x2 
 .text.eMBMSerialRTUInit
                0x080160a8      0x2e8 M_Master\Src\mbmrtu.o
                0x080160a8                eMBMSerialRTUInit
 .text.eMBMSerialRTUFrameSend
                0x08016390      0x1b0 M_Master\Src\mbmrtu.o
 .text.eMBMSerialRTUFrameReceive
                0x08016540      0x188 M_Master\Src\mbmrtu.o
 .text.eMBMSerialRTUFrameClose
                0x080166c8       0x32 M_Master\Src\mbmrtu.o
 .text.eMBMSerialRTUFrameCloseInternal
                0x080166fa      0x146 M_Master\Src\mbmrtu.o
 .text.bMBMSerialRTUReceiverAPIV1CB
                0x08016840      0x144 M_Master\Src\mbmrtu.o
 .text.bMBMSerialRTUTransmitterEmptyAPIV1CB
                0x08016984      0x194 M_Master\Src\mbmrtu.o
 .text.bMBMSerialRTUT35CB
                0x08016b18       0xe6 M_Master\Src\mbmrtu.o
 *fill*         0x08016bfe        0x2 
 .text.eMBPEventCreate
                0x08016c00       0xec M_Master\Src\mbportevent.o
                0x08016c00                eMBPEventCreate
 .text.eMBPEventPost
                0x08016cec       0x70 M_Master\Src\mbportevent.o
                0x08016cec                eMBPEventPost
 .text.bMBPEventGet
                0x08016d5c       0x64 M_Master\Src\mbportevent.o
                0x08016d5c                bMBPEventGet
 .text.vMBPEventDelete
                0x08016dc0       0x44 M_Master\Src\mbportevent.o
                0x08016dc0                vMBPEventDelete
 .text.vMBPAssert
                0x08016e04       0x26 M_Master\Src\mbportother.o
                0x08016e04                vMBPAssert
 .text.vMBPEnterCritical
                0x08016e2a        0xe M_Master\Src\mbportother.o
                0x08016e2a                vMBPEnterCritical
 .text.eMBPSerialInit
                0x08016e38      0x168 M_Master\Src\mbportserial.o
                0x08016e38                eMBPSerialInit
 .text.eMBPSerialClose
                0x08016fa0       0x98 M_Master\Src\mbportserial.o
                0x08016fa0                eMBPSerialClose
 .text.eMBPSerialTxEnable
                0x08017038      0x160 M_Master\Src\mbportserial.o
                0x08017038                eMBPSerialTxEnable
 .text.eMBPSerialRxEnable
                0x08017198       0x90 M_Master\Src\mbportserial.o
                0x08017198                eMBPSerialRxEnable
 .text.prvvMBPUSART_RXNE_ISR
                0x08017228       0xcc M_Master\Src\mbportserial.o
                0x08017228                prvvMBPUSART_RXNE_ISR
 .text.eMBPTimerInit
                0x080172f4      0x1b0 M_Master\Src\mbporttimer.o
                0x080172f4                eMBPTimerInit
 .text.vMBPTimerClose
                0x080174a4       0x50 M_Master\Src\mbporttimer.o
                0x080174a4                vMBPTimerClose
 .text.eMBPTimerSetTimeout
                0x080174f4       0x70 M_Master\Src\mbporttimer.o
                0x080174f4                eMBPTimerSetTimeout
 .text.eMBPTimerStart
                0x08017564       0x70 M_Master\Src\mbporttimer.o
                0x08017564                eMBPTimerStart
 .text.eMBPTimerStop
                0x080175d4       0x6c M_Master\Src\mbporttimer.o
                0x080175d4                eMBPTimerStop
 .text.HandleTimer
                0x08017640       0xd4 M_Master\Src\mbporttimer.o
 .text.bMBGuessFrameIsComplete
                0x08017714      0x2ec M_Master\Src\mbutils.o
 .text.eMBErrorcodeToException
                0x08017a00       0x98 M_Master\Src\mbutils.o
                0x08017a00                eMBErrorcodeToException
 .text.eMBExceptionToErrorcode
                0x08017a98       0x94 M_Master\Src\mbutils.o
                0x08017a98                eMBExceptionToErrorcode
 .text.SystemInit
                0x08017b2c        0xa Thirdparty\CMSIS\STM32G0xx\Device\ST\STM32G0xx\Source\Templates\system_stm32g0xx.o
                0x08017b2c                SystemInit
 .text.LL_CRC_ResetCRCCalculationUnit
                0x08017b36       0x1c Thirdparty\EEPROM_Emul\Core\eeprom_emul.o
 .text.LL_CRC_SetPolynomialSize
                0x08017b52       0x24 Thirdparty\EEPROM_Emul\Core\eeprom_emul.o
 .text.LL_CRC_SetPolynomialCoef
                0x08017b76       0x18 Thirdparty\EEPROM_Emul\Core\eeprom_emul.o
 .text.LL_CRC_FeedData32
                0x08017b8e       0x18 Thirdparty\EEPROM_Emul\Core\eeprom_emul.o
 .text.LL_CRC_FeedData16
                0x08017ba6       0x22 Thirdparty\EEPROM_Emul\Core\eeprom_emul.o
 .text.LL_CRC_ReadData16
                0x08017bc8       0x16 Thirdparty\EEPROM_Emul\Core\eeprom_emul.o
 *fill*         0x08017bde        0x2 
 .text.LL_AHB1_GRP1_EnableClock
                0x08017be0       0x2c Thirdparty\EEPROM_Emul\Core\eeprom_emul.o
 .text.EEPROM_Init
                0x08017c0c     0x1874 Thirdparty\EEPROM_Emul\Core\eeprom_emul.o
                0x08017c0c                EEPROM_Init
 .text.EEPROM_Format
                0x08019480      0x2a8 Thirdparty\EEPROM_Emul\Core\eeprom_emul.o
                0x08019480                EEPROM_Format
 .text.EE_ReadVariable16bits
                0x08019728       0x60 Thirdparty\EEPROM_Emul\Core\eeprom_emul.o
                0x08019728                EE_ReadVariable16bits
 .text.EE_WriteVariable16bits
                0x08019788       0x48 Thirdparty\EEPROM_Emul\Core\eeprom_emul.o
                0x08019788                EE_WriteVariable16bits
 .text.EE_CleanUp
                0x080197d0      0x2a4 Thirdparty\EEPROM_Emul\Core\eeprom_emul.o
                0x080197d0                EE_CleanUp
 .text.ReadVariable
                0x08019a74      0x340 Thirdparty\EEPROM_Emul\Core\eeprom_emul.o
 .text.WriteVariable
                0x08019db4       0x52 Thirdparty\EEPROM_Emul\Core\eeprom_emul.o
 .text.VerifyPageFullyErased
                0x08019e06       0x4e Thirdparty\EEPROM_Emul\Core\eeprom_emul.o
 .text.FindPage
                0x08019e54      0x444 Thirdparty\EEPROM_Emul\Core\eeprom_emul.o
 .text.PagesTransfer
                0x0801a298      0x8ec Thirdparty\EEPROM_Emul\Core\eeprom_emul.o
 .text.VerifyPagesFullWriteVariable
                0x0801ab84      0x1ac Thirdparty\EEPROM_Emul\Core\eeprom_emul.o
 .text.SetPageState
                0x0801ad30      0x364 Thirdparty\EEPROM_Emul\Core\eeprom_emul.o
 .text.GetPageState
                0x0801b094       0xa0 Thirdparty\EEPROM_Emul\Core\eeprom_emul.o
 .text.ConfigureCrc
                0x0801b134       0x34 Thirdparty\EEPROM_Emul\Core\eeprom_emul.o
                0x0801b134                ConfigureCrc
 .text.CalculateCrc
                0x0801b168       0x48 Thirdparty\EEPROM_Emul\Core\eeprom_emul.o
                0x0801b168                CalculateCrc
 .text.FI_WriteDoubleWord
                0x0801b1b0       0x22 Thirdparty\EEPROM_Emul\Porting\STM32G0\flash_interface.o
                0x0801b1b0                FI_WriteDoubleWord
 *fill*         0x0801b1d2        0x2 
 .text.FI_PageErase
                0x0801b1d4      0x120 Thirdparty\EEPROM_Emul\Porting\STM32G0\flash_interface.o
                0x0801b1d4                FI_PageErase
 .text.FI_CacheFlush
                0x0801b2f4        0xa Thirdparty\EEPROM_Emul\Porting\STM32G0\flash_interface.o
                0x0801b2f4                FI_CacheFlush
 *fill*         0x0801b2fe        0x2 
 .text.GetBankNumber
                0x0801b300       0x90 Thirdparty\EEPROM_Emul\Porting\STM32G0\flash_interface.o
 .text.FI_CheckBankConfig
                0x0801b390       0x18 Thirdparty\EEPROM_Emul\Porting\STM32G0\flash_interface.o
                0x0801b390                FI_CheckBankConfig
 .text.inHandlerMode
                0x0801b3a8       0x1c Thirdparty\Middleware\STM32G0xx\FreeRTOS\Source\CMSIS_RTOS\cmsis_os.o
 .text.osKernelStart
                0x0801b3c4       0x10 Thirdparty\Middleware\STM32G0xx\FreeRTOS\Source\CMSIS_RTOS\cmsis_os.o
                0x0801b3c4                osKernelStart
 .text.osDelay  0x0801b3d4       0x28 Thirdparty\Middleware\STM32G0xx\FreeRTOS\Source\CMSIS_RTOS\cmsis_os.o
                0x0801b3d4                osDelay
 .text.osSemaphoreCreate
                0x0801b3fc       0x4a Thirdparty\Middleware\STM32G0xx\FreeRTOS\Source\CMSIS_RTOS\cmsis_os.o
                0x0801b3fc                osSemaphoreCreate
 *fill*         0x0801b446        0x2 
 .text.osSemaphoreWait
                0x0801b448       0x94 Thirdparty\Middleware\STM32G0xx\FreeRTOS\Source\CMSIS_RTOS\cmsis_os.o
                0x0801b448                osSemaphoreWait
 .text.osSemaphoreRelease
                0x0801b4dc       0x64 Thirdparty\Middleware\STM32G0xx\FreeRTOS\Source\CMSIS_RTOS\cmsis_os.o
                0x0801b4dc                osSemaphoreRelease
 .text.osSystickHandler
                0x0801b540       0x18 Thirdparty\Middleware\STM32G0xx\FreeRTOS\Source\CMSIS_RTOS\cmsis_os.o
                0x0801b540                osSystickHandler
 .text.FreeRTOS_CLIRegisterCommand
                0x0801b558       0x50 Thirdparty\Middleware\STM32G0xx\FreeRTOS\Source\FreeRTOS_CLI.o
                0x0801b558                FreeRTOS_CLIRegisterCommand
 .text.FreeRTOS_CLIProcessCommand
                0x0801b5a8      0x11c Thirdparty\Middleware\STM32G0xx\FreeRTOS\Source\FreeRTOS_CLI.o
                0x0801b5a8                FreeRTOS_CLIProcessCommand
 .text.FreeRTOS_CLIGetOutputBuffer
                0x0801b6c4       0x10 Thirdparty\Middleware\STM32G0xx\FreeRTOS\Source\FreeRTOS_CLI.o
                0x0801b6c4                FreeRTOS_CLIGetOutputBuffer
 .text.FreeRTOS_CLIGetParameter
                0x0801b6d4       0xbc Thirdparty\Middleware\STM32G0xx\FreeRTOS\Source\FreeRTOS_CLI.o
                0x0801b6d4                FreeRTOS_CLIGetParameter
 .text.prvHelpCommand
                0x0801b790      0x154 Thirdparty\Middleware\STM32G0xx\FreeRTOS\Source\FreeRTOS_CLI.o
 .text.prvGetNumberOfParameters
                0x0801b8e4       0x7a Thirdparty\Middleware\STM32G0xx\FreeRTOS\Source\FreeRTOS_CLI.o
 .text.vListInitialise
                0x0801b95e       0x3c Thirdparty\Middleware\STM32G0xx\FreeRTOS\Source\list.o
                0x0801b95e                vListInitialise
 .text.vListInitialiseItem
                0x0801b99a       0x16 Thirdparty\Middleware\STM32G0xx\FreeRTOS\Source\list.o
                0x0801b99a                vListInitialiseItem
 .text.vListInsertEnd
                0x0801b9b0       0x44 Thirdparty\Middleware\STM32G0xx\FreeRTOS\Source\list.o
                0x0801b9b0                vListInsertEnd
 .text.vListInsert
                0x0801b9f4       0x6c Thirdparty\Middleware\STM32G0xx\FreeRTOS\Source\list.o
                0x0801b9f4                vListInsert
 .text.uxListRemove
                0x0801ba60       0x50 Thirdparty\Middleware\STM32G0xx\FreeRTOS\Source\list.o
                0x0801ba60                uxListRemove
 .text.pxPortInitialiseStack
                0x0801bab0       0x54 Thirdparty\Middleware\STM32G0xx\FreeRTOS\Source\portable\GCC\ARM_CM0\port.o
                0x0801bab0                pxPortInitialiseStack
 .text.prvTaskExitError
                0x0801bb04       0x1e Thirdparty\Middleware\STM32G0xx\FreeRTOS\Source\portable\GCC\ARM_CM0\port.o
 .text.SVC_Handler
                0x0801bb22        0xa Thirdparty\Middleware\STM32G0xx\FreeRTOS\Source\portable\GCC\ARM_CM0\port.o
                0x0801bb22                SVC_Handler
 *fill*         0x0801bb2c        0x4 
 .text.vPortStartFirstTask
                0x0801bb30       0x38 Thirdparty\Middleware\STM32G0xx\FreeRTOS\Source\portable\GCC\ARM_CM0\port.o
 .text.xPortStartScheduler
                0x0801bb68       0x48 Thirdparty\Middleware\STM32G0xx\FreeRTOS\Source\portable\GCC\ARM_CM0\port.o
                0x0801bb68                xPortStartScheduler
 .text.vPortYield
                0x0801bbb0       0x20 Thirdparty\Middleware\STM32G0xx\FreeRTOS\Source\portable\GCC\ARM_CM0\port.o
                0x0801bbb0                vPortYield
 .text.vPortEnterCritical
                0x0801bbd0       0x24 Thirdparty\Middleware\STM32G0xx\FreeRTOS\Source\portable\GCC\ARM_CM0\port.o
                0x0801bbd0                vPortEnterCritical
 .text.vPortExitCritical
                0x0801bbf4       0x24 Thirdparty\Middleware\STM32G0xx\FreeRTOS\Source\portable\GCC\ARM_CM0\port.o
                0x0801bbf4                vPortExitCritical
 .text.ulSetInterruptMaskFromISR
                0x0801bc18        0xc Thirdparty\Middleware\STM32G0xx\FreeRTOS\Source\portable\GCC\ARM_CM0\port.o
                0x0801bc18                ulSetInterruptMaskFromISR
 .text.vClearInterruptMaskFromISR
                0x0801bc24        0x8 Thirdparty\Middleware\STM32G0xx\FreeRTOS\Source\portable\GCC\ARM_CM0\port.o
                0x0801bc24                vClearInterruptMaskFromISR
 *fill*         0x0801bc2c        0x4 
 .text.PendSV_Handler
                0x0801bc30       0x48 Thirdparty\Middleware\STM32G0xx\FreeRTOS\Source\portable\GCC\ARM_CM0\port.o
                0x0801bc30                PendSV_Handler
 .text.xPortSysTickHandler
                0x0801bc78       0x34 Thirdparty\Middleware\STM32G0xx\FreeRTOS\Source\portable\GCC\ARM_CM0\port.o
                0x0801bc78                xPortSysTickHandler
 .text.vPortSetupTimerInterrupt
                0x0801bcac       0x44 Thirdparty\Middleware\STM32G0xx\FreeRTOS\Source\portable\GCC\ARM_CM0\port.o
                0x0801bcac                vPortSetupTimerInterrupt
 .text.pvPortMalloc
                0x0801bcf0      0x140 Thirdparty\Middleware\STM32G0xx\FreeRTOS\Source\portable\MemMang\heap_4.o
                0x0801bcf0                pvPortMalloc
 .text.vPortFree
                0x0801be30       0x80 Thirdparty\Middleware\STM32G0xx\FreeRTOS\Source\portable\MemMang\heap_4.o
                0x0801be30                vPortFree
 .text.prvHeapInit
                0x0801beb0       0xc0 Thirdparty\Middleware\STM32G0xx\FreeRTOS\Source\portable\MemMang\heap_4.o
 .text.prvInsertBlockIntoFreeList
                0x0801bf70       0xb0 Thirdparty\Middleware\STM32G0xx\FreeRTOS\Source\portable\MemMang\heap_4.o
 .text.xQueueGenericReset
                0x0801c020       0x9e Thirdparty\Middleware\STM32G0xx\FreeRTOS\Source\queue.o
                0x0801c020                xQueueGenericReset
 .text.xQueueGenericCreate
                0x0801c0be       0x52 Thirdparty\Middleware\STM32G0xx\FreeRTOS\Source\queue.o
                0x0801c0be                xQueueGenericCreate
 .text.prvInitialiseNewQueue
                0x0801c110       0x4e Thirdparty\Middleware\STM32G0xx\FreeRTOS\Source\queue.o
 .text.xQueueCreateCountingSemaphore
                0x0801c15e       0x30 Thirdparty\Middleware\STM32G0xx\FreeRTOS\Source\queue.o
                0x0801c15e                xQueueCreateCountingSemaphore
 .text.xQueueGenericSend
                0x0801c18e      0x12a Thirdparty\Middleware\STM32G0xx\FreeRTOS\Source\queue.o
                0x0801c18e                xQueueGenericSend
 .text.xQueueGenericSendFromISR
                0x0801c2b8       0xa6 Thirdparty\Middleware\STM32G0xx\FreeRTOS\Source\queue.o
                0x0801c2b8                xQueueGenericSendFromISR
 .text.xQueueGiveFromISR
                0x0801c35e       0x96 Thirdparty\Middleware\STM32G0xx\FreeRTOS\Source\queue.o
                0x0801c35e                xQueueGiveFromISR
 .text.xQueueReceive
                0x0801c3f4      0x128 Thirdparty\Middleware\STM32G0xx\FreeRTOS\Source\queue.o
                0x0801c3f4                xQueueReceive
 .text.xQueueSemaphoreTake
                0x0801c51c      0x178 Thirdparty\Middleware\STM32G0xx\FreeRTOS\Source\queue.o
                0x0801c51c                xQueueSemaphoreTake
 .text.xQueueReceiveFromISR
                0x0801c694       0xa0 Thirdparty\Middleware\STM32G0xx\FreeRTOS\Source\queue.o
                0x0801c694                xQueueReceiveFromISR
 .text.prvGetDisinheritPriorityAfterTimeout
                0x0801c734       0x2c Thirdparty\Middleware\STM32G0xx\FreeRTOS\Source\queue.o
 .text.prvCopyDataToQueue
                0x0801c760       0xd6 Thirdparty\Middleware\STM32G0xx\FreeRTOS\Source\queue.o
 .text.prvCopyDataFromQueue
                0x0801c836       0x4c Thirdparty\Middleware\STM32G0xx\FreeRTOS\Source\queue.o
 .text.prvUnlockQueue
                0x0801c882       0xbc Thirdparty\Middleware\STM32G0xx\FreeRTOS\Source\queue.o
 .text.prvIsQueueEmpty
                0x0801c93e       0x2c Thirdparty\Middleware\STM32G0xx\FreeRTOS\Source\queue.o
 .text.prvIsQueueFull
                0x0801c96a       0x30 Thirdparty\Middleware\STM32G0xx\FreeRTOS\Source\queue.o
 *fill*         0x0801c99a        0x2 
 .text.vQueueAddToRegistry
                0x0801c99c       0x50 Thirdparty\Middleware\STM32G0xx\FreeRTOS\Source\queue.o
                0x0801c99c                vQueueAddToRegistry
 .text.vQueueWaitForMessageRestricted
                0x0801c9ec       0x66 Thirdparty\Middleware\STM32G0xx\FreeRTOS\Source\queue.o
                0x0801c9ec                vQueueWaitForMessageRestricted
 .text.xTaskCreate
                0x0801ca52       0x90 Thirdparty\Middleware\STM32G0xx\FreeRTOS\Source\tasks.o
                0x0801ca52                xTaskCreate
 *fill*         0x0801cae2        0x2 
 .text.prvInitialiseNewTask
                0x0801cae4      0x10c Thirdparty\Middleware\STM32G0xx\FreeRTOS\Source\tasks.o
 .text.prvAddNewTaskToReadyList
                0x0801cbf0       0xd0 Thirdparty\Middleware\STM32G0xx\FreeRTOS\Source\tasks.o
 .text.vTaskDelete
                0x0801ccc0       0xb8 Thirdparty\Middleware\STM32G0xx\FreeRTOS\Source\tasks.o
                0x0801ccc0                vTaskDelete
 .text.vTaskDelay
                0x0801cd78       0x3a Thirdparty\Middleware\STM32G0xx\FreeRTOS\Source\tasks.o
                0x0801cd78                vTaskDelay
 *fill*         0x0801cdb2        0x2 
 .text.eTaskGetState
                0x0801cdb4       0xd0 Thirdparty\Middleware\STM32G0xx\FreeRTOS\Source\tasks.o
                0x0801cdb4                eTaskGetState
 .text.uxTaskPriorityGet
                0x0801ce84       0x34 Thirdparty\Middleware\STM32G0xx\FreeRTOS\Source\tasks.o
                0x0801ce84                uxTaskPriorityGet
 .text.vTaskPrioritySet
                0x0801ceb8      0x110 Thirdparty\Middleware\STM32G0xx\FreeRTOS\Source\tasks.o
                0x0801ceb8                vTaskPrioritySet
 .text.vTaskStartScheduler
                0x0801cfc8       0x74 Thirdparty\Middleware\STM32G0xx\FreeRTOS\Source\tasks.o
                0x0801cfc8                vTaskStartScheduler
 .text.vTaskSuspendAll
                0x0801d03c       0x18 Thirdparty\Middleware\STM32G0xx\FreeRTOS\Source\tasks.o
                0x0801d03c                vTaskSuspendAll
 .text.xTaskResumeAll
                0x0801d054      0x10c Thirdparty\Middleware\STM32G0xx\FreeRTOS\Source\tasks.o
                0x0801d054                xTaskResumeAll
 .text.xTaskGetTickCount
                0x0801d160       0x1c Thirdparty\Middleware\STM32G0xx\FreeRTOS\Source\tasks.o
                0x0801d160                xTaskGetTickCount
 .text.xTaskGetTickCountFromISR
                0x0801d17c       0x20 Thirdparty\Middleware\STM32G0xx\FreeRTOS\Source\tasks.o
                0x0801d17c                xTaskGetTickCountFromISR
 .text.uxTaskGetSystemState
                0x0801d19c      0x120 Thirdparty\Middleware\STM32G0xx\FreeRTOS\Source\tasks.o
                0x0801d19c                uxTaskGetSystemState
 .text.xTaskIncrementTick
                0x0801d2bc      0x150 Thirdparty\Middleware\STM32G0xx\FreeRTOS\Source\tasks.o
                0x0801d2bc                xTaskIncrementTick
 .text.vTaskSwitchContext
                0x0801d40c      0x124 Thirdparty\Middleware\STM32G0xx\FreeRTOS\Source\tasks.o
                0x0801d40c                vTaskSwitchContext
 .text.vTaskPlaceOnEventList
                0x0801d530       0x34 Thirdparty\Middleware\STM32G0xx\FreeRTOS\Source\tasks.o
                0x0801d530                vTaskPlaceOnEventList
 .text.vTaskPlaceOnEventListRestricted
                0x0801d564       0x44 Thirdparty\Middleware\STM32G0xx\FreeRTOS\Source\tasks.o
                0x0801d564                vTaskPlaceOnEventListRestricted
 .text.xTaskRemoveFromEventList
                0x0801d5a8       0xb0 Thirdparty\Middleware\STM32G0xx\FreeRTOS\Source\tasks.o
                0x0801d5a8                xTaskRemoveFromEventList
 .text.vTaskInternalSetTimeOutState
                0x0801d658       0x28 Thirdparty\Middleware\STM32G0xx\FreeRTOS\Source\tasks.o
                0x0801d658                vTaskInternalSetTimeOutState
 .text.xTaskCheckForTimeOut
                0x0801d680       0x8c Thirdparty\Middleware\STM32G0xx\FreeRTOS\Source\tasks.o
                0x0801d680                xTaskCheckForTimeOut
 .text.vTaskMissedYield
                0x0801d70c       0x14 Thirdparty\Middleware\STM32G0xx\FreeRTOS\Source\tasks.o
                0x0801d70c                vTaskMissedYield
 .text.prvIdleTask
                0x0801d720       0x20 Thirdparty\Middleware\STM32G0xx\FreeRTOS\Source\tasks.o
 .text.prvInitialiseTaskLists
                0x0801d740       0x88 Thirdparty\Middleware\STM32G0xx\FreeRTOS\Source\tasks.o
 .text.prvCheckTasksWaitingTermination
                0x0801d7c8       0x5c Thirdparty\Middleware\STM32G0xx\FreeRTOS\Source\tasks.o
 .text.vTaskGetInfo
                0x0801d824       0xd8 Thirdparty\Middleware\STM32G0xx\FreeRTOS\Source\tasks.o
                0x0801d824                vTaskGetInfo
 .text.prvListTasksWithinSingleList
                0x0801d8fc       0xa6 Thirdparty\Middleware\STM32G0xx\FreeRTOS\Source\tasks.o
 .text.prvTaskCheckFreeStackSpace
                0x0801d9a2       0x34 Thirdparty\Middleware\STM32G0xx\FreeRTOS\Source\tasks.o
 .text.prvDeleteTCB
                0x0801d9d6       0x22 Thirdparty\Middleware\STM32G0xx\FreeRTOS\Source\tasks.o
 .text.prvResetNextTaskUnblockTime
                0x0801d9f8       0x3c Thirdparty\Middleware\STM32G0xx\FreeRTOS\Source\tasks.o
 .text.xTaskGetSchedulerState
                0x0801da34       0x38 Thirdparty\Middleware\STM32G0xx\FreeRTOS\Source\tasks.o
                0x0801da34                xTaskGetSchedulerState
 .text.xTaskPriorityInherit
                0x0801da6c       0xd0 Thirdparty\Middleware\STM32G0xx\FreeRTOS\Source\tasks.o
                0x0801da6c                xTaskPriorityInherit
 .text.xTaskPriorityDisinherit
                0x0801db3c       0x98 Thirdparty\Middleware\STM32G0xx\FreeRTOS\Source\tasks.o
                0x0801db3c                xTaskPriorityDisinherit
 .text.vTaskPriorityDisinheritAfterTimeout
                0x0801dbd4       0xc0 Thirdparty\Middleware\STM32G0xx\FreeRTOS\Source\tasks.o
                0x0801dbd4                vTaskPriorityDisinheritAfterTimeout
 .text.prvWriteNameToBuffer
                0x0801dc94       0x52 Thirdparty\Middleware\STM32G0xx\FreeRTOS\Source\tasks.o
 *fill*         0x0801dce6        0x2 
 .text.vTaskList
                0x0801dce8      0x14c Thirdparty\Middleware\STM32G0xx\FreeRTOS\Source\tasks.o
                0x0801dce8                vTaskList
 .text.vTaskGetRunTimeStats
                0x0801de34      0x118 Thirdparty\Middleware\STM32G0xx\FreeRTOS\Source\tasks.o
                0x0801de34                vTaskGetRunTimeStats
 .text.pvTaskIncrementMutexHeldCount
                0x0801df4c       0x24 Thirdparty\Middleware\STM32G0xx\FreeRTOS\Source\tasks.o
                0x0801df4c                pvTaskIncrementMutexHeldCount
 .text.ulTaskNotifyTake
                0x0801df70       0x84 Thirdparty\Middleware\STM32G0xx\FreeRTOS\Source\tasks.o
                0x0801df70                ulTaskNotifyTake
 .text.xTaskGenericNotify
                0x0801dff4      0x104 Thirdparty\Middleware\STM32G0xx\FreeRTOS\Source\tasks.o
                0x0801dff4                xTaskGenericNotify
 .text.xTaskGenericNotifyFromISR
                0x0801e0f8      0x140 Thirdparty\Middleware\STM32G0xx\FreeRTOS\Source\tasks.o
                0x0801e0f8                xTaskGenericNotifyFromISR
 .text.vTaskNotifyGiveFromISR
                0x0801e238       0xd8 Thirdparty\Middleware\STM32G0xx\FreeRTOS\Source\tasks.o
                0x0801e238                vTaskNotifyGiveFromISR
 .text.prvAddCurrentTaskToDelayedList
                0x0801e310       0xa8 Thirdparty\Middleware\STM32G0xx\FreeRTOS\Source\tasks.o
 .text.xTimerCreateTimerTask
                0x0801e3b8       0x4c Thirdparty\Middleware\STM32G0xx\FreeRTOS\Source\timers.o
                0x0801e3b8                xTimerCreateTimerTask
 .text.xTimerCreate
                0x0801e404       0x46 Thirdparty\Middleware\STM32G0xx\FreeRTOS\Source\timers.o
                0x0801e404                xTimerCreate
 .text.prvInitialiseNewTimer
                0x0801e44a       0x5a Thirdparty\Middleware\STM32G0xx\FreeRTOS\Source\timers.o
 .text.xTimerGenericCommand
                0x0801e4a4       0x8c Thirdparty\Middleware\STM32G0xx\FreeRTOS\Source\timers.o
                0x0801e4a4                xTimerGenericCommand
 .text.prvProcessExpiredTimer
                0x0801e530       0x80 Thirdparty\Middleware\STM32G0xx\FreeRTOS\Source\timers.o
 .text.prvTimerTask
                0x0801e5b0       0x28 Thirdparty\Middleware\STM32G0xx\FreeRTOS\Source\timers.o
 .text.prvProcessTimerOrBlockTask
                0x0801e5d8       0x90 Thirdparty\Middleware\STM32G0xx\FreeRTOS\Source\timers.o
 .text.prvGetNextExpireTime
                0x0801e668       0x44 Thirdparty\Middleware\STM32G0xx\FreeRTOS\Source\timers.o
 .text.prvSampleTimeNow
                0x0801e6ac       0x40 Thirdparty\Middleware\STM32G0xx\FreeRTOS\Source\timers.o
 .text.prvInsertTimerInActiveList
                0x0801e6ec       0x84 Thirdparty\Middleware\STM32G0xx\FreeRTOS\Source\timers.o
 .text.prvProcessReceivedCommands
                0x0801e770      0x16c Thirdparty\Middleware\STM32G0xx\FreeRTOS\Source\timers.o
 .text.prvSwitchTimerLists
                0x0801e8dc       0xb0 Thirdparty\Middleware\STM32G0xx\FreeRTOS\Source\timers.o
 .text.prvCheckForValidListAndQueue
                0x0801e98c       0x74 Thirdparty\Middleware\STM32G0xx\FreeRTOS\Source\timers.o
 .text.pvTimerGetTimerID
                0x0801ea00       0x24 Thirdparty\Middleware\STM32G0xx\FreeRTOS\Source\timers.o
                0x0801ea00                pvTimerGetTimerID
 .text.HAL_Init
                0x0801ea24       0x40 Thirdparty\STM32G0xx_HAL_Driver\Src\stm32g0xx_hal.o
                0x0801ea24                HAL_Init
 .text.HAL_MspInit
                0x0801ea64        0xa Thirdparty\STM32G0xx_HAL_Driver\Src\stm32g0xx_hal.o
                0x0801ea64                HAL_MspInit
 *fill*         0x0801ea6e        0x2 
 .text.HAL_InitTick
                0x0801ea70       0x94 Thirdparty\STM32G0xx_HAL_Driver\Src\stm32g0xx_hal.o
                0x0801ea70                HAL_InitTick
 .text.HAL_IncTick
                0x0801eb04       0x24 Thirdparty\STM32G0xx_HAL_Driver\Src\stm32g0xx_hal.o
                0x0801eb04                HAL_IncTick
 .text.HAL_GetTick
                0x0801eb28       0x14 Thirdparty\STM32G0xx_HAL_Driver\Src\stm32g0xx_hal.o
                0x0801eb28                HAL_GetTick
 .text.HAL_Delay
                0x0801eb3c       0x48 Thirdparty\STM32G0xx_HAL_Driver\Src\stm32g0xx_hal.o
                0x0801eb3c                HAL_Delay
 .text.HAL_GetREVID
                0x0801eb84       0x18 Thirdparty\STM32G0xx_HAL_Driver\Src\stm32g0xx_hal.o
                0x0801eb84                HAL_GetREVID
 .text.HAL_GetDEVID
                0x0801eb9c       0x18 Thirdparty\STM32G0xx_HAL_Driver\Src\stm32g0xx_hal.o
                0x0801eb9c                HAL_GetDEVID
 .text.LL_ADC_SetCommonPathInternalCh
                0x0801ebb4       0x28 Thirdparty\STM32G0xx_HAL_Driver\Src\stm32g0xx_hal_adc.o
 .text.LL_ADC_GetCommonPathInternalCh
                0x0801ebdc       0x1a Thirdparty\STM32G0xx_HAL_Driver\Src\stm32g0xx_hal_adc.o
 .text.LL_ADC_SetSamplingTimeCommonChannels
                0x0801ebf6       0x3a Thirdparty\STM32G0xx_HAL_Driver\Src\stm32g0xx_hal_adc.o
 .text.LL_ADC_GetSamplingTimeCommonChannels
                0x0801ec30       0x2e Thirdparty\STM32G0xx_HAL_Driver\Src\stm32g0xx_hal_adc.o
 .text.LL_ADC_REG_IsTriggerSourceSWStart
                0x0801ec5e       0x22 Thirdparty\STM32G0xx_HAL_Driver\Src\stm32g0xx_hal_adc.o
 .text.LL_ADC_REG_SetSequencerRanks
                0x0801ec80       0x40 Thirdparty\STM32G0xx_HAL_Driver\Src\stm32g0xx_hal_adc.o
 .text.LL_ADC_REG_SetSequencerChAdd
                0x0801ecc0       0x22 Thirdparty\STM32G0xx_HAL_Driver\Src\stm32g0xx_hal_adc.o
 .text.LL_ADC_REG_SetSequencerChRem
                0x0801ece2       0x24 Thirdparty\STM32G0xx_HAL_Driver\Src\stm32g0xx_hal_adc.o
 *fill*         0x0801ed06        0x2 
 .text.LL_ADC_SetChannelSamplingTime
                0x0801ed08       0x38 Thirdparty\STM32G0xx_HAL_Driver\Src\stm32g0xx_hal_adc.o
 .text.LL_ADC_EnableInternalRegulator
                0x0801ed40       0x28 Thirdparty\STM32G0xx_HAL_Driver\Src\stm32g0xx_hal_adc.o
 .text.LL_ADC_IsInternalRegulatorEnabled
                0x0801ed68       0x28 Thirdparty\STM32G0xx_HAL_Driver\Src\stm32g0xx_hal_adc.o
 .text.LL_ADC_Enable
                0x0801ed90       0x24 Thirdparty\STM32G0xx_HAL_Driver\Src\stm32g0xx_hal_adc.o
 .text.LL_ADC_Disable
                0x0801edb4       0x24 Thirdparty\STM32G0xx_HAL_Driver\Src\stm32g0xx_hal_adc.o
 .text.LL_ADC_IsEnabled
                0x0801edd8       0x22 Thirdparty\STM32G0xx_HAL_Driver\Src\stm32g0xx_hal_adc.o
 .text.LL_ADC_IsDisableOngoing
                0x0801edfa       0x22 Thirdparty\STM32G0xx_HAL_Driver\Src\stm32g0xx_hal_adc.o
 .text.LL_ADC_REG_StartConversion
                0x0801ee1c       0x24 Thirdparty\STM32G0xx_HAL_Driver\Src\stm32g0xx_hal_adc.o
 .text.LL_ADC_REG_StopConversion
                0x0801ee40       0x24 Thirdparty\STM32G0xx_HAL_Driver\Src\stm32g0xx_hal_adc.o
 .text.LL_ADC_REG_IsConversionOngoing
                0x0801ee64       0x22 Thirdparty\STM32G0xx_HAL_Driver\Src\stm32g0xx_hal_adc.o
 *fill*         0x0801ee86        0x2 
 .text.HAL_ADC_Init
                0x0801ee88      0x350 Thirdparty\STM32G0xx_HAL_Driver\Src\stm32g0xx_hal_adc.o
                0x0801ee88                HAL_ADC_Init
 .text.HAL_ADC_Start
                0x0801f1d8       0x9c Thirdparty\STM32G0xx_HAL_Driver\Src\stm32g0xx_hal_adc.o
                0x0801f1d8                HAL_ADC_Start
 .text.HAL_ADC_Stop
                0x0801f274       0x78 Thirdparty\STM32G0xx_HAL_Driver\Src\stm32g0xx_hal_adc.o
                0x0801f274                HAL_ADC_Stop
 .text.HAL_ADC_PollForConversion
                0x0801f2ec      0x128 Thirdparty\STM32G0xx_HAL_Driver\Src\stm32g0xx_hal_adc.o
                0x0801f2ec                HAL_ADC_PollForConversion
 .text.HAL_ADC_GetValue
                0x0801f414       0x16 Thirdparty\STM32G0xx_HAL_Driver\Src\stm32g0xx_hal_adc.o
                0x0801f414                HAL_ADC_GetValue
 *fill*         0x0801f42a        0x2 
 .text.HAL_ADC_ConfigChannel
                0x0801f42c      0x3b0 Thirdparty\STM32G0xx_HAL_Driver\Src\stm32g0xx_hal_adc.o
                0x0801f42c                HAL_ADC_ConfigChannel
 .text.ADC_ConversionStop
                0x0801f7dc       0x84 Thirdparty\STM32G0xx_HAL_Driver\Src\stm32g0xx_hal_adc.o
                0x0801f7dc                ADC_ConversionStop
 .text.ADC_Enable
                0x0801f860      0x10c Thirdparty\STM32G0xx_HAL_Driver\Src\stm32g0xx_hal_adc.o
                0x0801f860                ADC_Enable
 .text.ADC_Disable
                0x0801f96c       0xbc Thirdparty\STM32G0xx_HAL_Driver\Src\stm32g0xx_hal_adc.o
                0x0801f96c                ADC_Disable
 .text.LL_ADC_GetCommonClock
                0x0801fa28       0x1a Thirdparty\STM32G0xx_HAL_Driver\Src\stm32g0xx_hal_adc_ex.o
 .text.LL_ADC_GetClock
                0x0801fa42       0x18 Thirdparty\STM32G0xx_HAL_Driver\Src\stm32g0xx_hal_adc_ex.o
 .text.LL_ADC_SetCalibrationFactor
                0x0801fa5a       0x28 Thirdparty\STM32G0xx_HAL_Driver\Src\stm32g0xx_hal_adc_ex.o
 .text.LL_ADC_GetCalibrationFactor
                0x0801fa82       0x1a Thirdparty\STM32G0xx_HAL_Driver\Src\stm32g0xx_hal_adc_ex.o
 .text.LL_ADC_Enable
                0x0801fa9c       0x24 Thirdparty\STM32G0xx_HAL_Driver\Src\stm32g0xx_hal_adc_ex.o
 .text.LL_ADC_Disable
                0x0801fac0       0x24 Thirdparty\STM32G0xx_HAL_Driver\Src\stm32g0xx_hal_adc_ex.o
 .text.LL_ADC_IsEnabled
                0x0801fae4       0x22 Thirdparty\STM32G0xx_HAL_Driver\Src\stm32g0xx_hal_adc_ex.o
 *fill*         0x0801fb06        0x2 
 .text.LL_ADC_StartCalibration
                0x0801fb08       0x28 Thirdparty\STM32G0xx_HAL_Driver\Src\stm32g0xx_hal_adc_ex.o
 .text.LL_ADC_IsCalibrationOnGoing
                0x0801fb30       0x26 Thirdparty\STM32G0xx_HAL_Driver\Src\stm32g0xx_hal_adc_ex.o
 *fill*         0x0801fb56        0x2 
 .text.HAL_ADCEx_Calibration_Start
                0x0801fb58      0x1f8 Thirdparty\STM32G0xx_HAL_Driver\Src\stm32g0xx_hal_adc_ex.o
                0x0801fb58                HAL_ADCEx_Calibration_Start
 .text.__NVIC_EnableIRQ
                0x0801fd50       0x34 Thirdparty\STM32G0xx_HAL_Driver\Src\stm32g0xx_hal_cortex.o
 .text.__NVIC_SetPriority
                0x0801fd84       0xdc Thirdparty\STM32G0xx_HAL_Driver\Src\stm32g0xx_hal_cortex.o
 .text.SysTick_Config
                0x0801fe60       0x48 Thirdparty\STM32G0xx_HAL_Driver\Src\stm32g0xx_hal_cortex.o
 .text.HAL_NVIC_SetPriority
                0x0801fea8       0x2a Thirdparty\STM32G0xx_HAL_Driver\Src\stm32g0xx_hal_cortex.o
                0x0801fea8                HAL_NVIC_SetPriority
 .text.HAL_NVIC_EnableIRQ
                0x0801fed2       0x20 Thirdparty\STM32G0xx_HAL_Driver\Src\stm32g0xx_hal_cortex.o
                0x0801fed2                HAL_NVIC_EnableIRQ
 .text.HAL_SYSTICK_Config
                0x0801fef2       0x1a Thirdparty\STM32G0xx_HAL_Driver\Src\stm32g0xx_hal_cortex.o
                0x0801fef2                HAL_SYSTICK_Config
 .text.HAL_CRC_Init
                0x0801ff0c       0xcc Thirdparty\STM32G0xx_HAL_Driver\Src\stm32g0xx_hal_crc.o
                0x0801ff0c                HAL_CRC_Init
 .text.HAL_CRC_Accumulate
                0x0801ffd8       0x8e Thirdparty\STM32G0xx_HAL_Driver\Src\stm32g0xx_hal_crc.o
                0x0801ffd8                HAL_CRC_Accumulate
 .text.HAL_CRC_Calculate
                0x08020066       0x9e Thirdparty\STM32G0xx_HAL_Driver\Src\stm32g0xx_hal_crc.o
                0x08020066                HAL_CRC_Calculate
 .text.CRC_Handle_8
                0x08020104      0x122 Thirdparty\STM32G0xx_HAL_Driver\Src\stm32g0xx_hal_crc.o
 .text.CRC_Handle_16
                0x08020226       0x6e Thirdparty\STM32G0xx_HAL_Driver\Src\stm32g0xx_hal_crc.o
 .text.HAL_CRCEx_Polynomial_Set
                0x08020294       0xea Thirdparty\STM32G0xx_HAL_Driver\Src\stm32g0xx_hal_crc_ex.o
                0x08020294                HAL_CRCEx_Polynomial_Set
 *fill*         0x0802037e        0x2 
 .text.HAL_DMA_Init
                0x08020380      0x158 Thirdparty\STM32G0xx_HAL_Driver\Src\stm32g0xx_hal_dma.o
                0x08020380                HAL_DMA_Init
 .text.HAL_DMA_Start_IT
                0x080204d8      0x10c Thirdparty\STM32G0xx_HAL_Driver\Src\stm32g0xx_hal_dma.o
                0x080204d8                HAL_DMA_Start_IT
 .text.HAL_DMA_Abort
                0x080205e4       0xc0 Thirdparty\STM32G0xx_HAL_Driver\Src\stm32g0xx_hal_dma.o
                0x080205e4                HAL_DMA_Abort
 .text.HAL_DMA_Abort_IT
                0x080206a4       0xd0 Thirdparty\STM32G0xx_HAL_Driver\Src\stm32g0xx_hal_dma.o
                0x080206a4                HAL_DMA_Abort_IT
 .text.HAL_DMA_IRQHandler
                0x08020774      0x188 Thirdparty\STM32G0xx_HAL_Driver\Src\stm32g0xx_hal_dma.o
                0x08020774                HAL_DMA_IRQHandler
 .text.HAL_DMA_GetError
                0x080208fc       0x14 Thirdparty\STM32G0xx_HAL_Driver\Src\stm32g0xx_hal_dma.o
                0x080208fc                HAL_DMA_GetError
 .text.DMA_SetConfig
                0x08020910       0x78 Thirdparty\STM32G0xx_HAL_Driver\Src\stm32g0xx_hal_dma.o
 .text.DMA_CalcDMAMUXChannelBaseAndMask
                0x08020988       0x94 Thirdparty\STM32G0xx_HAL_Driver\Src\stm32g0xx_hal_dma.o
 .text.DMA_CalcDMAMUXRequestGenBaseAndMask
                0x08020a1c       0x48 Thirdparty\STM32G0xx_HAL_Driver\Src\stm32g0xx_hal_dma.o
 .text.HAL_FLASH_Program
                0x08020a64       0x9c Thirdparty\STM32G0xx_HAL_Driver\Src\stm32g0xx_hal_flash.o
                0x08020a64                HAL_FLASH_Program
 .text.HAL_FLASH_Unlock
                0x08020b00       0x48 Thirdparty\STM32G0xx_HAL_Driver\Src\stm32g0xx_hal_flash.o
                0x08020b00                HAL_FLASH_Unlock
 .text.HAL_FLASH_Lock
                0x08020b48       0x44 Thirdparty\STM32G0xx_HAL_Driver\Src\stm32g0xx_hal_flash.o
                0x08020b48                HAL_FLASH_Lock
 .text.FLASH_WaitForLastOperation
                0x08020b8c       0x9c Thirdparty\STM32G0xx_HAL_Driver\Src\stm32g0xx_hal_flash.o
                0x08020b8c                FLASH_WaitForLastOperation
 .text.FLASH_Program_DoubleWord
                0x08020c28       0x40 Thirdparty\STM32G0xx_HAL_Driver\Src\stm32g0xx_hal_flash.o
 .text.HAL_FLASHEx_Erase
                0x08020c68       0xe0 Thirdparty\STM32G0xx_HAL_Driver\Src\stm32g0xx_hal_flash_ex.o
                0x08020c68                HAL_FLASHEx_Erase
 .text.FLASH_MassErase
                0x08020d48       0x28 Thirdparty\STM32G0xx_HAL_Driver\Src\stm32g0xx_hal_flash_ex.o
 .text.FLASH_PageErase
                0x08020d70       0x58 Thirdparty\STM32G0xx_HAL_Driver\Src\stm32g0xx_hal_flash_ex.o
                0x08020d70                FLASH_PageErase
 .text.HAL_GPIO_Init
                0x08020dc8      0x2d8 Thirdparty\STM32G0xx_HAL_Driver\Src\stm32g0xx_hal_gpio.o
                0x08020dc8                HAL_GPIO_Init
 .text.HAL_GPIO_ReadPin
                0x080210a0       0x3a Thirdparty\STM32G0xx_HAL_Driver\Src\stm32g0xx_hal_gpio.o
                0x080210a0                HAL_GPIO_ReadPin
 .text.HAL_GPIO_WritePin