H1DR1_it.c:68:6:SysTick_Handler	8	static
H1DR1_it.c:79:6:HardFault_Handler	0	static
H1DR1_it.c:95:6:USART1_IRQHandler	8	static
H1DR1_it.c:124:6:USART2_IRQHandler	8	static
H1DR1_it.c:143:6:USART3_8_IRQHandler	8	static
H1DR1_it.c:172:6:DMA1_Ch1_IRQHandler	8	static
H1DR1_it.c:184:6:DMA1_Ch2_3_DMA2_Ch1_2_IRQHandler	8	static
H1DR1_it.c:203:6:DMA1_Ch4_7_DMA2_Ch3_5_IRQHandler	8	static
H1DR1_it.c:228:6:TIM16_IRQHandler	8	static
H1DR1_it.c:252:6:HAL_UART_TxCpltCallback	16	static
H1DR1_it.c:271:6:HAL_UART_ErrorCallback	8	static
H1DR1_it.c:291:6:HAL_UART_RxCpltCallback	8	static
H1DR1_it.c:322:6:vApplicationStackOverflowHook	0	static,ignoring_inline_asm
H1DR1_it.c:335:6:vApplicationMallocFailedHook	0	static,ignoring_inline_asm
